Component: ARM Compiler 6.16 Tool: armlink [5dfeaa00]

==============================================================================

Section Cross References

    startup_stm32h743xx.o(RESET) refers to startup_stm32h743xx.o(STACK) for __initial_sp
    startup_stm32h743xx.o(RESET) refers to startup_stm32h743xx.o(.text) for Reset_Handler
    startup_stm32h743xx.o(RESET) refers to stm32h7xx_it.o(.text.NMI_Handler) for NMI_Handler
    startup_stm32h743xx.o(RESET) refers to stm32h7xx_it.o(.text.HardFault_Handler) for HardFault_Handler
    startup_stm32h743xx.o(RESET) refers to stm32h7xx_it.o(.text.MemManage_Handler) for MemManage_Handler
    startup_stm32h743xx.o(RESET) refers to stm32h7xx_it.o(.text.BusFault_Handler) for BusFault_Handler
    startup_stm32h743xx.o(RESET) refers to stm32h7xx_it.o(.text.UsageFault_Handler) for UsageFault_Handler
    startup_stm32h743xx.o(RESET) refers to stm32h7xx_it.o(.text.SVC_Handler) for SVC_Handler
    startup_stm32h743xx.o(RESET) refers to stm32h7xx_it.o(.text.DebugMon_Handler) for DebugMon_Handler
    startup_stm32h743xx.o(RESET) refers to stm32h7xx_it.o(.text.PendSV_Handler) for PendSV_Handler
    startup_stm32h743xx.o(RESET) refers to stm32h7xx_it.o(.text.SysTick_Handler) for SysTick_Handler
    startup_stm32h743xx.o(RESET) refers to stm32h7xx_it.o(.text.DMA1_Stream0_IRQHandler) for DMA1_Stream0_IRQHandler
    startup_stm32h743xx.o(RESET) refers to stm32h7xx_it.o(.text.DMA1_Stream1_IRQHandler) for DMA1_Stream1_IRQHandler
    startup_stm32h743xx.o(RESET) refers to stm32h7xx_it.o(.text.DMA1_Stream2_IRQHandler) for DMA1_Stream2_IRQHandler
    startup_stm32h743xx.o(RESET) refers to stm32h7xx_it.o(.text.DMA1_Stream3_IRQHandler) for DMA1_Stream3_IRQHandler
    startup_stm32h743xx.o(RESET) refers to stm32h7xx_it.o(.text.DMA1_Stream4_IRQHandler) for DMA1_Stream4_IRQHandler
    startup_stm32h743xx.o(RESET) refers to stm32h7xx_it.o(.text.USART3_IRQHandler) for USART3_IRQHandler
    startup_stm32h743xx.o(.text) refers to system_stm32h7xx.o(.text.ExitRun0Mode) for ExitRun0Mode
    startup_stm32h743xx.o(.text) refers to system_stm32h7xx.o(.text.SystemInit) for SystemInit
    startup_stm32h743xx.o(.text) refers to entry.o(.ARM.Collect$$$$00000000) for __main
    main.o(.text.main) refers to stm32h7xx_hal_cortex.o(.text.HAL_MPU_Disable) for HAL_MPU_Disable
    main.o(.text.main) refers to stm32h7xx_hal_cortex.o(.text.HAL_MPU_ConfigRegion) for HAL_MPU_ConfigRegion
    main.o(.text.main) refers to stm32h7xx_hal_cortex.o(.text.HAL_MPU_Enable) for HAL_MPU_Enable
    main.o(.text.main) refers to stm32h7xx_hal.o(.text.HAL_Init) for HAL_Init
    main.o(.text.main) refers to main.o(.text.SystemClock_Config) for SystemClock_Config
    main.o(.text.main) refers to memseta.o(.text) for __aeabi_memclr8
    main.o(.text.main) refers to stm32h7xx_hal_rcc_ex.o(.text.HAL_RCCEx_PeriphCLKConfig) for HAL_RCCEx_PeriphCLKConfig
    main.o(.text.main) refers to gpio.o(.text.MX_GPIO_Init) for MX_GPIO_Init
    main.o(.text.main) refers to dma.o(.text.MX_DMA_Init) for MX_DMA_Init
    main.o(.text.main) refers to adc.o(.text.MX_ADC1_Init) for MX_ADC1_Init
    main.o(.text.main) refers to usart.o(.text.MX_USART3_UART_Init) for MX_USART3_UART_Init
    main.o(.text.main) refers to usart.o(.text.MX_USART1_UART_Init) for MX_USART1_UART_Init
    main.o(.text.main) refers to dac.o(.text.MX_DAC1_Init) for MX_DAC1_Init
    main.o(.text.main) refers to tim.o(.text.MX_TIM6_Init) for MX_TIM6_Init
    main.o(.text.main) refers to adc.o(.text.MX_ADC2_Init) for MX_ADC2_Init
    main.o(.text.main) refers to rlc_app.o(.text.rlc_app_init) for rlc_app_init
    main.o(.text.main) refers to rlc_app.o(.text.rlc_app_task) for rlc_app_task
    main.o(.ARM.exidx.text.main) refers to main.o(.text.main) for [Anonymous Symbol]
    main.o(.text.SystemClock_Config) refers to memseta.o(.text) for __aeabi_memclr4
    main.o(.text.SystemClock_Config) refers to stm32h7xx_hal_pwr_ex.o(.text.HAL_PWREx_ConfigSupply) for HAL_PWREx_ConfigSupply
    main.o(.text.SystemClock_Config) refers to stm32h7xx_hal_rcc.o(.text.HAL_RCC_OscConfig) for HAL_RCC_OscConfig
    main.o(.text.SystemClock_Config) refers to stm32h7xx_hal_rcc.o(.text.HAL_RCC_ClockConfig) for HAL_RCC_ClockConfig
    main.o(.ARM.exidx.text.SystemClock_Config) refers to main.o(.text.SystemClock_Config) for [Anonymous Symbol]
    main.o(.text.PeriphCommonClock_Config) refers to memseta.o(.text) for __aeabi_memclr8
    main.o(.text.PeriphCommonClock_Config) refers to stm32h7xx_hal_rcc_ex.o(.text.HAL_RCCEx_PeriphCLKConfig) for HAL_RCCEx_PeriphCLKConfig
    main.o(.ARM.exidx.text.PeriphCommonClock_Config) refers to main.o(.text.PeriphCommonClock_Config) for [Anonymous Symbol]
    main.o(.ARM.exidx.text.Error_Handler) refers to main.o(.text.Error_Handler) for [Anonymous Symbol]
    gpio.o(.text.MX_GPIO_Init) refers to stm32h7xx_hal_gpio.o(.text.HAL_GPIO_WritePin) for HAL_GPIO_WritePin
    gpio.o(.text.MX_GPIO_Init) refers to stm32h7xx_hal_gpio.o(.text.HAL_GPIO_Init) for HAL_GPIO_Init
[...]
    _printf_d                                0x00000000   Number         0  printfstubs.o ABSOLUTE
    _printf_e                                0x00000000   Number         0  printfstubs.o ABSOLUTE
    _printf_f                                0x00000000   Number         0  printfstubs.o ABSOLUTE
    _printf_flags                            0x00000000   Number         0  printfstubs.o ABSOLUTE
    _printf_fp_dec                           0x00000000   Number         0  printfstubs.o ABSOLUTE
    _printf_fp_hex                           0x00000000   Number         0  printfstubs.o ABSOLUTE
    _printf_g                                0x00000000   Number         0  printfstubs.o ABSOLUTE
    _printf_i                                0x00000000   Number         0  printfstubs.o ABSOLUTE
    _printf_int_dec                          0x00000000   Number         0  printfstubs.o ABSOLUTE
    _printf_l                                0x00000000   Number         0  printfstubs.o ABSOLUTE
    _printf_lc                               0x00000000   Number         0  printfstubs.o ABSOLUTE
    _printf_ll                               0x00000000   Number         0  printfstubs.o ABSOLUTE
    _printf_lld                              0x00000000   Number         0  printfstubs.o ABSOLUTE
    _printf_lli                              0x00000000   Number         0  printfstubs.o ABSOLUTE
    _printf_llo                              0x00000000   Number         0  printfstubs.o ABSOLUTE
    _printf_llu                              0x00000000   Number         0  printfstubs.o ABSOLUTE
    _printf_llx                              0x00000000   Number         0  printfstubs.o ABSOLUTE
    _printf_longlong_dec                     0x00000000   Number         0  printfstubs.o ABSOLUTE
    _printf_longlong_hex                     0x00000000   Number         0  printfstubs.o ABSOLUTE
    _printf_longlong_oct                     0x00000000   Number         0  printfstubs.o ABSOLUTE
    _printf_ls                               0x00000000   Number         0  printfstubs.o ABSOLUTE
    _printf_mbtowc                           0x00000000   Number         0  printfstubs.o ABSOLUTE
    _printf_n                                0x00000000   Number         0  printfstubs.o ABSOLUTE
    _printf_o                                0x00000000   Number         0  printfstubs.o ABSOLUTE
    _printf_p                                0x00000000   Number         0  printfstubs.o ABSOLUTE
    _printf_percent                          0x00000000   Number         0  printfstubs.o ABSOLUTE
    _printf_pre_padding                      0x00000000   Number         0  printfstubs.o ABSOLUTE
    _printf_return_value                     0x00000000   Number         0  printfstubs.o ABSOLUTE
    _printf_s                                0x00000000   Number         0  printfstubs.o ABSOLUTE
    _printf_sizespec                         0x00000000   Number         0  printfstubs.o ABSOLUTE
    _printf_str                              0x00000000   Number         0  printfstubs.o ABSOLUTE
    _printf_truncate_signed                  0x00000000   Number         0  printfstubs.o ABSOLUTE
    _printf_truncate_unsigned                0x00000000   Number         0  printfstubs.o ABSOLUTE
    _printf_u                                0x00000000   Number         0  printfstubs.o ABSOLUTE
    _printf_wc                               0x00000000   Number         0  printfstubs.o ABSOLUTE
    _printf_wctomb                           0x00000000   Number         0  printfstubs.o ABSOLUTE
    _printf_widthprec                        0x00000000   Number         0  printfstubs.o ABSOLUTE
    _printf_x                                0x00000000   Number         0  printfstubs.o ABSOLUTE
    __cpp_initialize__aeabi_                  - Undefined Weak Reference
    __cxa_finalize                            - Undefined Weak Reference
    _clock_init                               - Undefined Weak Reference
    _microlib_exit                            - Undefined Weak Reference
    __Vectors_Size                           0x00000298   Number         0  startup_stm32h743xx.o ABSOLUTE
    __Vectors                                0x08000000   Data           4  startup_stm32h743xx.o(RESET)
    __Vectors_End                            0x08000298   Data           0  startup_stm32h743xx.o(RESET)
    __main                                   0x08000299   Thumb Code     0  entry.o(.ARM.Collect$$$$00000000)
    _main_stk                                0x08000299   Thumb Code     0  entry2.o(.ARM.Collect$$$$00000001)
    _main_scatterload                        0x0800029d   Thumb Code     0  entry5.o(.ARM.Collect$$$$00000004)
    __main_after_scatterload                 0x080002a1   Thumb Code     0  entry5.o(.ARM.Collect$$$$00000004)
    _main_clock                              0x080002a1   Thumb Code     0  entry7b.o(.ARM.Collect$$$$00000008)
    _main_cpp_init                           0x080002a1   Thumb Code     0  entry8b.o(.ARM.Collect$$$$0000000A)
    _main_init                               0x080002a1   Thumb Code     0  entry9a.o(.ARM.Collect$$$$0000000B)
    __rt_final_cpp                           0x080002a9   Thumb Code     0  entry10a.o(.ARM.Collect$$$$0000000D)
    __rt_final_exit                          0x080002a9   Thumb Code     0  entry11a.o(.ARM.Collect$$$$0000000F)
    Reset_Handler                            0x080002ad   Thumb Code    12  startup_stm32h743xx.o(.text)
    ADC3_IRQHandler                          0x080002cb   Thumb Code     0  startup_stm32h743xx.o(.text)
    ADC_IRQHandler                           0x080002cb   Thumb Code     0  startup_stm32h743xx.o(.text)
    BDMA_Channel0_IRQHandler                 0x080002cb   Thumb Code     0  startup_stm32h743xx.o(.text)
    BDMA_Channel1_IRQHandler                 0x080002cb   Thumb Code     0  startup_stm32h743xx.o(.text)
    BDMA_Channel2_IRQHandler                 0x080002cb   Thumb Code     0  startup_stm32h743xx.o(.text)
    BDMA_Channel3_IRQHandler                 0x080002cb   Thumb Code     0  startup_stm32h743xx.o(.text)
    BDMA_Channel4_IRQHandler                 0x080002cb   Thumb Code     0  startup_stm32h743xx.o(.text)
    BDMA_Channel5_IRQHandler                 0x080002cb   Thumb Code     0  startup_stm32h743xx.o(.text)
    BDMA_Channel6_IRQHandler                 0x080002cb   Thumb Code     0  startup_stm32h743xx.o(.text)
    BDMA_Channel7_IRQHandler                 0x080002cb   Thumb Code     0  startup_stm32h743xx.o(.text)
    CEC_IRQHandler                           0x080002cb   Thumb Code     0  startup_stm32h743xx.o(.text)
    COMP1_IRQHandler                         0x080002cb   Thumb Code     0  startup_stm32h743xx.o(.text)
    CRS_IRQHandler                           0x080002cb   Thumb Code     0  startup_stm32h743xx.o(.text)
    DCMI_IRQHandler                          0x080002cb   Thumb Code     0  startup_stm32h743xx.o(.text)
    DFSDM1_FLT0_IRQHandler                   0x080002cb   Thumb Code     0  startup_stm32h743xx.o(.text)
    DFSDM1_FLT1_IRQHandler                   0x080002cb   Thumb Code     0  startup_stm32h743xx.o(.text)
    DFSDM1_FLT2_IRQHandler                   0x080002cb   Thumb Code     0  startup_stm32h743xx.o(.text)
    DFSDM1_FLT3_IRQHandler                   0x080002cb   Thumb Code     0  startup_stm32h743xx.o(.text)
    DMA1_Stream5_IRQHandler                  0x080002cb   Thumb Code     0  startup_stm32h743xx.o(.text)
    DMA1_Stream6_IRQHandler                  0x080002cb   Thumb Code     0  startup_stm32h743xx.o(.text)
    DMA1_Stream7_IRQHandler                  0x080002cb   Thumb Code     0  startup_stm32h743xx.o(.text)
    DMA2D_IRQHandler                         0x080002cb   Thumb Code     0  startup_stm32h743xx.o(.text)
    DMA2_Stream0_IRQHandler                  0x080002cb   Thumb Code     0  startup_stm32h743xx.o(.text)
    DMA2_Stream1_IRQHandler                  0x080002cb   Thumb Code     0  startup_stm32h743xx.o(.text)
    DMA2_Stream2_IRQHandler                  0x080002cb   Thumb Code     0  startup_stm32h743xx.o(.text)
    DMA2_Stream3_IRQHandler                  0x080002cb   Thumb Code     0  startup_stm32h743xx.o(.text)
    DMA2_Stream4_IRQHandler                  0x080002cb   Thumb Code     0  startup_stm32h743xx.o(.text)
    DMA2_Stream5_IRQHandler                  0x080002cb   Thumb Code     0  startup_stm32h743xx.o(.text)
    DMA2_Stream6_IRQHandler                  0x080002cb   Thumb Code     0  startup_stm32h743xx.o(.text)
    DMA2_Stream7_IRQHandler                  0x080002cb   Thumb Code     0  startup_stm32h743xx.o(.text)
    DMAMUX1_OVR_IRQHandler                   0x080002cb   Thumb Code     0  startup_stm32h743xx.o(.text)
    DMAMUX2_OVR_IRQHandler                   0x080002cb   Thumb Code     0  startup_stm32h743xx.o(.text)
    ECC_IRQHandler                           0x080002cb   Thumb Code     0  startup_stm32h743xx.o(.text)
    ETH_IRQHandler                           0x080002cb   Thumb Code     0  startup_stm32h743xx.o(.text)
    ETH_WKUP_IRQHandler                      0x080002cb   Thumb Code     0  startup_stm32h743xx.o(.text)
    EXTI0_IRQHandler                         0x080002cb   Thumb Code     0  startup_stm32h743xx.o(.text)
    EXTI15_10_IRQHandler                     0x080002cb   Thumb Code     0  startup_stm32h743xx.o(.text)
    EXTI1_IRQHandler                         0x080002cb   Thumb Code     0  startup_stm32h743xx.o(.text)
    EXTI2_IRQHandler                         0x080002cb   Thumb Code     0  startup_stm32h743xx.o(.text)
    EXTI3_IRQHandler                         0x080002cb   Thumb Code     0  startup_stm32h743xx.o(.text)
    EXTI4_IRQHandler                         0x080002cb   Thumb Code     0  startup_stm32h743xx.o(.text)
    EXTI9_5_IRQHandler                       0x080002cb   Thumb Code     0  startup_stm32h743xx.o(.text)
    FDCAN1_IT0_IRQHandler                    0x080002cb   Thumb Code     0  startup_stm32h743xx.o(.text)
    FDCAN1_IT1_IRQHandler                    0x080002cb   Thumb Code     0  startup_stm32h743xx.o(.text)
    FDCAN2_IT0_IRQHandler                    0x080002cb   Thumb Code     0  startup_stm32h743xx.o(.text)
    FDCAN2_IT1_IRQHandler                    0x080002cb   Thumb Code     0  startup_stm32h743xx.o(.text)
    FDCAN_CAL_IRQHandler                     0x080002cb   Thumb Code     0  startup_stm32h743xx.o(.text)
    FLASH_IRQHandler                         0x080002cb   Thumb Code     0  startup_stm32h743xx.o(.text)
    FMC_IRQHandler                           0x080002cb   Thumb Code     0  startup_stm32h743xx.o(.text)
    FPU_IRQHandler                           0x080002cb   Thumb Code     0  startup_stm32h743xx.o(.text)
    HRTIM1_FLT_IRQHandler                    0x080002cb   Thumb Code     0  startup_stm32h743xx.o(.text)
    HRTIM1_Master_IRQHandler                 0x080002cb   Thumb Code     0  startup_stm32h743xx.o(.text)
    HRTIM1_TIMA_IRQHandler                   0x080002cb   Thumb Code     0  startup_stm32h743xx.o(.text)
    HRTIM1_TIMB_IRQHandler                   0x080002cb   Thumb Code     0  startup_stm32h743xx.o(.text)
    HRTIM1_TIMC_IRQHandler                   0x080002cb   Thumb Code     0  startup_stm32h743xx.o(.text)
    HRTIM1_TIMD_IRQHandler                   0x080002cb   Thumb Code     0  startup_stm32h743xx.o(.text)
    HRTIM1_TIME_IRQHandler                   0x080002cb   Thumb Code     0  startup_stm32h743xx.o(.text)
    HSEM1_IRQHandler                         0x080002cb   Thumb Code     0  startup_stm32h743xx.o(.text)
    I2C1_ER_IRQHandler                       0x080002cb   Thumb Code     0  startup_stm32h743xx.o(.text)
    I2C1_EV_IRQHandler                       0x080002cb   Thumb Code     0  startup_stm32h743xx.o(.text)
    I2C2_ER_IRQHandler                       0x080002cb   Thumb Code     0  startup_stm32h743xx.o(.text)
    I2C2_EV_IRQHandler                       0x080002cb   Thumb Code     0  startup_stm32h743xx.o(.text)
    I2C3_ER_IRQHandler                       0x080002cb   Thumb Code     0  startup_stm32h743xx.o(.text)
    I2C3_EV_IRQHandler                       0x080002cb   Thumb Code     0  startup_stm32h743xx.o(.text)
    I2C4_ER_IRQHandler                       0x080002cb   Thumb Code     0  startup_stm32h743xx.o(.text)
    I2C4_EV_IRQHandler                       0x080002cb   Thumb Code     0  startup_stm32h743xx.o(.text)
    JPEG_IRQHandler                          0x080002cb   Thumb Code     0  startup_stm32h743xx.o(.text)
    LPTIM1_IRQHandler                        0x080002cb   Thumb Code     0  startup_stm32h743xx.o(.text)
    LPTIM2_IRQHandler                        0x080002cb   Thumb Code     0  startup_stm32h743xx.o(.text)
    LPTIM3_IRQHandler                        0x080002cb   Thumb Code     0  startup_stm32h743xx.o(.text)
    LPTIM4_IRQHandler                        0x080002cb   Thumb Code     0  startup_stm32h743xx.o(.text)
    LPTIM5_IRQHandler                        0x080002cb   Thumb Code     0  startup_stm32h743xx.o(.text)
    LPUART1_IRQHandler                       0x080002cb   Thumb Code     0  startup_stm32h743xx.o(.text)
    LTDC_ER_IRQHandler                       0x080002cb   Thumb Code     0  startup_stm32h743xx.o(.text)
    LTDC_IRQHandler                          0x080002cb   Thumb Code     0  startup_stm32h743xx.o(.text)
    MDIOS_IRQHandler                         0x080002cb   Thumb Code     0  startup_stm32h743xx.o(.text)
    MDIOS_WKUP_IRQHandler                    0x080002cb   Thumb Code     0  startup_stm32h743xx.o(.text)
    MDMA_IRQHandler                          0x080002cb   Thumb Code     0  startup_stm32h743xx.o(.text)
    OTG_FS_EP1_IN_IRQHandler                 0x080002cb   Thumb Code     0  startup_stm32h743xx.o(.text)
    OTG_FS_EP1_OUT_IRQHandler                0x080002cb   Thumb Code     0  startup_stm32h743xx.o(.text)
    OTG_FS_IRQHandler                        0x080002cb   Thumb Code     0  startup_stm32h743xx.o(.text)
    OTG_FS_WKUP_IRQHandler                   0x080002cb   Thumb Code     0  startup_stm32h743xx.o(.text)
    OTG_HS_EP1_IN_IRQHandler                 0x080002cb   Thumb Code     0  startup_stm32h743xx.o(.text)
    OTG_HS_EP1_OUT_IRQHandler                0x080002cb   Thumb Code     0  startup_stm32h743xx.o(.text)
    OTG_HS_IRQHandler                        0x080002cb   Thumb Code     0  startup_stm32h743xx.o(.text)
    OTG_HS_WKUP_IRQHandler                   0x080002cb   Thumb Code     0  startup_stm32h743xx.o(.text)
    PVD_AVD_IRQHandler                       0x080002cb   Thumb Code     0  startup_stm32h743xx.o(.text)
    QUADSPI_IRQHandler                       0x080002cb   Thumb Code     0  startup_stm32h743xx.o(.text)
    RCC_IRQHandler                           0x080002cb   Thumb Code     0  startup_stm32h743xx.o(.text)
    RNG_IRQHandler                           0x080002cb   Thumb Code     0  startup_stm32h743xx.o(.text)
    RTC_Alarm_IRQHandler                     0x080002cb   Thumb Code     0  startup_stm32h743xx.o(.text)
    RTC_WKUP_IRQHandler                      0x080002cb   Thumb Code     0  startup_stm32h743xx.o(.text)
    SAI1_IRQHandler                          0x080002cb   Thumb Code     0  startup_stm32h743xx.o(.text)
    SAI2_IRQHandler                          0x080002cb   Thumb Code     0  startup_stm32h743xx.o(.text)
    SAI3_IRQHandler                          0x080002cb   Thumb Code     0  startup_stm32h743xx.o(.text)
    SAI4_IRQHandler                          0x080002cb   Thumb Code     0  startup_stm32h743xx.o(.text)
    SDMMC1_IRQHandler                        0x080002cb   Thumb Code     0  startup_stm32h743xx.o(.text)
    SDMMC2_IRQHandler                        0x080002cb   Thumb Code     0  startup_stm32h743xx.o(.text)
    SPDIF_RX_IRQHandler                      0x080002cb   Thumb Code     0  startup_stm32h743xx.o(.text)
    SPI1_IRQHandler                          0x080002cb   Thumb Code     0  startup_stm32h743xx.o(.text)
    SPI2_IRQHandler                          0x080002cb   Thumb Code     0  startup_stm32h743xx.o(.text)
    SPI3_IRQHandler                          0x080002cb   Thumb Code     0  startup_stm32h743xx.o(.text)
    SPI4_IRQHandler                          0x080002cb   Thumb Code     0  startup_stm32h743xx.o(.text)
    SPI5_IRQHandler                          0x080002cb   Thumb Code     0  startup_stm32h743xx.o(.text)
    SPI6_IRQHandler                          0x080002cb   Thumb Code     0  startup_stm32h743xx.o(.text)
    SWPMI1_IRQHandler                        0x080002cb   Thumb Code     0  startup_stm32h743xx.o(.text)
    TAMP_STAMP_IRQHandler                    0x080002cb   Thumb Code     0  startup_stm32h743xx.o(.text)
    TIM15_IRQHandler                         0x080002cb   Thumb Code     0  startup_stm32h743xx.o(.text)
    TIM16_IRQHandler                         0x080002cb   Thumb Code     0  startup_stm32h743xx.o(.text)
    TIM17_IRQHandler                         0x080002cb   Thumb Code     0  startup_stm32h743xx.o(.text)
    TIM1_BRK_IRQHandler                      0x080002cb   Thumb Code     0  startup_stm32h743xx.o(.text)
    TIM1_CC_IRQHandler                       0x080002cb   Thumb Code     0  startup_stm32h743xx.o(.text)
    TIM1_TRG_COM_IRQHandler                  0x080002cb   Thumb Code     0  startup_stm32h743xx.o(.text)
    TIM1_UP_IRQHandler                       0x080002cb   Thumb Code     0  startup_stm32h743xx.o(.text)
    TIM2_IRQHandler                          0x080002cb   Thumb Code     0  startup_stm32h743xx.o(.text)
    TIM3_IRQHandler                          0x080002cb   Thumb Code     0  startup_stm32h743xx.o(.text)
    TIM4_IRQHandler                          0x080002cb   Thumb Code     0  startup_stm32h743xx.o(.text)
    TIM5_IRQHandler                          0x080002cb   Thumb Code     0  startup_stm32h743xx.o(.text)
    TIM6_DAC_IRQHandler                      0x080002cb   Thumb Code     0  startup_stm32h743xx.o(.text)
    TIM7_IRQHandler                          0x080002cb   Thumb Code     0  startup_stm32h743xx.o(.text)
    TIM8_BRK_TIM12_IRQHandler                0x080002cb   Thumb Code     0  startup_stm32h743xx.o(.text)
    TIM8_CC_IRQHandler                       0x080002cb   Thumb Code     0  startup_stm32h743xx.o(.text)
    TIM8_TRG_COM_TIM14_IRQHandler            0x080002cb   Thumb Code     0  startup_stm32h743xx.o(.text)
    TIM8_UP_TIM13_IRQHandler                 0x080002cb   Thumb Code     0  startup_stm32h743xx.o(.text)
    UART4_IRQHandler                         0x080002cb   Thumb Code     0  startup_stm32h743xx.o(.text)
    UART5_IRQHandler                         0x080002cb   Thumb Code     0  startup_stm32h743xx.o(.text)
    UART7_IRQHandler                         0x080002cb   Thumb Code     0  startup_stm32h743xx.o(.text)
    UART8_IRQHandler                         0x080002cb   Thumb Code     0  startup_stm32h743xx.o(.text)
    USART1_IRQHandler                        0x080002cb   Thumb Code     0  startup_stm32h743xx.o(.text)
    USART2_IRQHandler                        0x080002cb   Thumb Code     0  startup_stm32h743xx.o(.text)
    USART6_IRQHandler                        0x080002cb   Thumb Code     0  startup_stm32h743xx.o(.text)
    WAKEUP_PIN_IRQHandler                    0x080002cb   Thumb Code     0  startup_stm32h743xx.o(.text)
    WWDG_IRQHandler                          0x080002cb   Thumb Code     0  startup_stm32h743xx.o(.text)
    __aeabi_uldivmod                         0x080002d9   Thumb Code    98  uldiv.o(.text)
    __aeabi_memset                           0x0800033b   Thumb Code    14  memseta.o(.text)
    __aeabi_memset4                          0x0800033b   Thumb Code     0  memseta.o(.text)
    __aeabi_memset8                          0x0800033b   Thumb Code     0  memseta.o(.text)
    __aeabi_memclr                           0x08000349   Thumb Code     4  memseta.o(.text)
    __aeabi_memclr4                          0x08000349   Thumb Code     0  memseta.o(.text)
    __aeabi_memclr8                          0x08000349   Thumb Code     0  memseta.o(.text)
    _memset$wrapper                          0x0800034d   Thumb Code    18  memseta.o(.text)
    strlen                                   0x0800035f   Thumb Code    14  strlen.o(.text)
    memcmp                                   0x0800036d   Thumb Code    26  memcmp.o(.text)
    __aeabi_uidiv                            0x08000387   Thumb Code     0  uidiv.o(.text)
    __aeabi_uidivmod                         0x08000387   Thumb Code    44  uidiv.o(.text)
    __aeabi_llsl                             0x080003b3   Thumb Code    30  llshl.o(.text)
    _ll_shift_l                              0x080003b3   Thumb Code     0  llshl.o(.text)
    __aeabi_llsr                             0x080003d1   Thumb Code    32  llushr.o(.text)
    _ll_ushift_r                             0x080003d1   Thumb Code     0  llushr.o(.text)
    __I$use$fp                               0x080003f1   Thumb Code     0  iusefp.o(.text)
    _float_round                             0x080003f1   Thumb Code    18  fepilogue.o(.text)
    _float_epilogue                          0x08000403   Thumb Code    92  fepilogue.o(.text)
    _frem                                    0x0800045f   Thumb Code    82  frem.o(.text)
    __aeabi_dadd                             0x080004b1   Thumb Code   322  dadd.o(.text)
    __aeabi_dsub                             0x080005f3   Thumb Code     6  dadd.o(.text)
    __aeabi_drsub                            0x080005f9   Thumb Code     6  dadd.o(.text)
    __aeabi_dmul                             0x080005ff   Thumb Code   228  dmul.o(.text)
    __aeabi_ddiv                             0x080006e3   Thumb Code   222  ddiv.o(.text)
    __aeabi_d2ulz                            0x080007c1   Thumb Code    48  dfixul.o(.text)
    __aeabi_cdrcmple                         0x080007f1   Thumb Code    48  cdrcmple.o(.text)
    __fp_status                              0x08000821   Thumb Code     4  fpstat.o(.text)
    __ieee_status                            0x08000821   Thumb Code     0  fpstat.o(.text)
    __scatterload                            0x08000825   Thumb Code    28  init.o(.text)
    __scatterload_rt2                        0x08000825   Thumb Code     0  init.o(.text)
    __aeabi_lasr                             0x08000849   Thumb Code    36  llsshr.o(.text)
    _ll_sshift_r                             0x08000849   Thumb Code     0  llsshr.o(.text)
    _double_round                            0x0800086d   Thumb Code    30  depilogue.o(.text)
    _double_epilogue                         0x0800088b   Thumb Code   156  depilogue.o(.text)
    __decompress                             0x08000927   Thumb Code     0  __dczerorl.o(.text)
    __decompress0                            0x08000927   Thumb Code    58  __dczerorl.o(.text)
    AD9910_AmpWrite                          0x08000961   Thumb Code    20  ad9910.o(.text.AD9910_AmpWrite)
    AD9910_FreWrite                          0x08000979   Thumb Code    48  ad9910.o(.text.AD9910_FreWrite)
    ADC_ConfigureBoostMode                   0x080009a9   Thumb Code   300  stm32h7xx_hal_adc.o(.text.ADC_ConfigureBoostMode)
    ADC_ConversionStop                       0x08000ad9   Thumb Code   240  stm32h7xx_hal_adc.o(.text.ADC_ConversionStop)
    ADC_DMAConvCplt                          0x08000bc9   Thumb Code   122  stm32h7xx_hal_adc.o(.text.ADC_DMAConvCplt)
    ADC_DMAError                             0x08000c49   Thumb Code    22  stm32h7xx_hal_adc.o(.text.ADC_DMAError)
    ADC_DMAHalfConvCplt                      0x08000c61   Thumb Code     6  stm32h7xx_hal_adc.o(.text.ADC_DMAHalfConvCplt)
    ADC_Disable                              0x08000c69   Thumb Code   124  stm32h7xx_hal_adc.o(.text.ADC_Disable)
    ADC_Enable                               0x08000ce9   Thumb Code   186  stm32h7xx_hal_adc.o(.text.ADC_Enable)
    AmpComp_GetK                             0x08000da9   Thumb Code   116  protocol.o(.text.AmpComp_GetK)
    BusFault_Handler                         0x08000e21   Thumb Code     2  stm32h7xx_it.o(.text.BusFault_Handler)
    DAC_DMAConvCpltCh1                       0x08000e29   Thumb Code    16  stm32h7xx_hal_dac.o(.text.DAC_DMAConvCpltCh1)
    DAC_DMAConvCpltCh2                       0x08000e39   Thumb Code    16  stm32h7xx_hal_dac_ex.o(.text.DAC_DMAConvCpltCh2)
    DAC_DMAErrorCh1                          0x08000e49   Thumb Code    24  stm32h7xx_hal_dac.o(.text.DAC_DMAErrorCh1)
    DAC_DMAErrorCh2                          0x08000e61   Thumb Code    24  stm32h7xx_hal_dac_ex.o(.text.DAC_DMAErrorCh2)
    DAC_DMAHalfConvCpltCh1                   0x08000e79   Thumb Code     6  stm32h7xx_hal_dac.o(.text.DAC_DMAHalfConvCpltCh1)
    DAC_DMAHalfConvCpltCh2                   0x08000e81   Thumb Code     6  stm32h7xx_hal_dac_ex.o(.text.DAC_DMAHalfConvCpltCh2)
    DMA1_Stream0_IRQHandler                  0x08000e89   Thumb Code    12  stm32h7xx_it.o(.text.DMA1_Stream0_IRQHandler)
    DMA1_Stream1_IRQHandler                  0x08000e99   Thumb Code    12  stm32h7xx_it.o(.text.DMA1_Stream1_IRQHandler)
    DMA1_Stream2_IRQHandler                  0x08000ea9   Thumb Code    12  stm32h7xx_it.o(.text.DMA1_Stream2_IRQHandler)
    DMA1_Stream3_IRQHandler                  0x08000eb9   Thumb Code    12  stm32h7xx_it.o(.text.DMA1_Stream3_IRQHandler)
    DMA1_Stream4_IRQHandler                  0x08000ec9   Thumb Code    12  stm32h7xx_it.o(.text.DMA1_Stream4_IRQHandler)
    DebugMon_Handler                         0x08001321   Thumb Code     2  stm32h7xx_it.o(.text.DebugMon_Handler)
    Error_Handler                            0x08001329   Thumb Code     6  main.o(.text.Error_Handler)
    ExitRun0Mode                             0x08001331   Thumb Code    44  system_stm32h7xx.o(.text.ExitRun0Mode)
    HAL_ADCEx_Calibration_Start              0x08001361   Thumb Code   216  stm32h7xx_hal_adc_ex.o(.text.HAL_ADCEx_Calibration_Start)
    HAL_ADCEx_MultiModeConfigChannel         0x08001439   Thumb Code   184  stm32h7xx_hal_adc_ex.o(.text.HAL_ADCEx_MultiModeConfigChannel)
    HAL_ADC_ConfigChannel                    0x080014f1   Thumb Code  1272  stm32h7xx_hal_adc.o(.text.HAL_ADC_ConfigChannel)
    HAL_ADC_ConvCpltCallback                 0x080019e9   Thumb Code   154  rlc_app.o(.text.HAL_ADC_ConvCpltCallback)
    HAL_ADC_ConvHalfCpltCallback             0x08001a89   Thumb Code    20  rlc_app.o(.text.HAL_ADC_ConvHalfCpltCallback)
    HAL_ADC_ErrorCallback                    0x08001aa1   Thumb Code    40  rlc_app.o(.text.HAL_ADC_ErrorCallback)
    HAL_ADC_GetError                         0x08001ac9   Thumb Code     4  stm32h7xx_hal_adc.o(.text.HAL_ADC_GetError)
    HAL_ADC_Init                             0x08001ad1   Thumb Code   634  stm32h7xx_hal_adc.o(.text.HAL_ADC_Init)
    HAL_ADC_MspInit                          0x08001d51   Thumb Code   446  adc.o(.text.HAL_ADC_MspInit)
    HAL_ADC_Start_DMA                        0x08001f11   Thumb Code   290  stm32h7xx_hal_adc.o(.text.HAL_ADC_Start_DMA)
    HAL_ADC_Stop_DMA                         0x08002039   Thumb Code   154  stm32h7xx_hal_adc.o(.text.HAL_ADC_Stop_DMA)
    HAL_DACEx_ConvCpltCallbackCh2            0x080020d9   Thumb Code     2  stm32h7xx_hal_dac_ex.o(.text.HAL_DACEx_ConvCpltCallbackCh2)
    HAL_DACEx_ConvHalfCpltCallbackCh2        0x080020e1   Thumb Code     2  stm32h7xx_hal_dac_ex.o(.text.HAL_DACEx_ConvHalfCpltCallbackCh2)
    HAL_DACEx_ErrorCallbackCh2               0x080020e9   Thumb Code     2  stm32h7xx_hal_dac_ex.o(.text.HAL_DACEx_ErrorCallbackCh2)
    HAL_DAC_ConfigChannel                    0x080020f1   Thumb Code   362  stm32h7xx_hal_dac.o(.text.HAL_DAC_ConfigChannel)
    HAL_DAC_ConvCpltCallbackCh1              0x08002261   Thumb Code     2  stm32h7xx_hal_dac.o(.text.HAL_DAC_ConvCpltCallbackCh1)
    HAL_DAC_ConvHalfCpltCallbackCh1          0x08002269   Thumb Code     2  stm32h7xx_hal_dac.o(.text.HAL_DAC_ConvHalfCpltCallbackCh1)
    HAL_DAC_ErrorCallbackCh1                 0x08002271   Thumb Code     2  stm32h7xx_hal_dac.o(.text.HAL_DAC_ErrorCallbackCh1)
    HAL_DAC_GetError                         0x08002279   Thumb Code     4  stm32h7xx_hal_dac.o(.text.HAL_DAC_GetError)
    HAL_DAC_Init                             0x08002281   Thumb Code    40  stm32h7xx_hal_dac.o(.text.HAL_DAC_Init)
    HAL_DAC_MspInit                          0x080022a9   Thumb Code   176  dac.o(.text.HAL_DAC_MspInit)
    HAL_DAC_SetValue                         0x08002359   Thumb Code    54  stm32h7xx_hal_dac.o(.text.HAL_DAC_SetValue)
    HAL_DAC_Start_DMA                        0x08002391   Thumb Code   262  stm32h7xx_hal_dac.o(.text.HAL_DAC_Start_DMA)
    HAL_DAC_Stop_DMA                         0x08002499   Thumb Code    84  stm32h7xx_hal_dac.o(.text.HAL_DAC_Stop_DMA)
    HAL_DMA_Abort                            0x080024f1   Thumb Code  1334  stm32h7xx_hal_dma.o(.text.HAL_DMA_Abort)
    HAL_DMA_Abort_IT                         0x08002a29   Thumb Code   698  stm32h7xx_hal_dma.o(.text.HAL_DMA_Abort_IT)
    HAL_DMA_DeInit                           0x08002ce9   Thumb Code   900  stm32h7xx_hal_dma.o(.text.HAL_DMA_DeInit)
    HAL_DMA_IRQHandler                       0x08003071   Thumb Code  2112  stm32h7xx_hal_dma.o(.text.HAL_DMA_IRQHandler)
    HAL_DMA_Init                             0x080038b1   Thumb Code  1668  stm32h7xx_hal_dma.o(.text.HAL_DMA_Init)
    HAL_DMA_Start_IT                         0x08003f39   Thumb Code   934  stm32h7xx_hal_dma.o(.text.HAL_DMA_Start_IT)
    HAL_Delay                                0x080042e1   Thumb Code    40  stm32h7xx_hal.o(.text.HAL_Delay)
    HAL_GPIO_Init                            0x08004309   Thumb Code   498  stm32h7xx_hal_gpio.o(.text.HAL_GPIO_Init)
    HAL_GPIO_ReadPin                         0x08004501   Thumb Code    10  stm32h7xx_hal_gpio.o(.text.HAL_GPIO_ReadPin)
    HAL_GPIO_WritePin                        0x08004511   Thumb Code    10  stm32h7xx_hal_gpio.o(.text.HAL_GPIO_WritePin)
    HAL_GetREVID                             0x08004521   Thumb Code    14  stm32h7xx_hal.o(.text.HAL_GetREVID)
    HAL_GetTick                              0x08004531   Thumb Code    12  stm32h7xx_hal.o(.text.HAL_GetTick)
    HAL_IncTick                              0x08004541   Thumb Code    26  stm32h7xx_hal.o(.text.HAL_IncTick)
    HAL_Init                                 0x08004561   Thumb Code   100  stm32h7xx_hal.o(.text.HAL_Init)
    HAL_InitTick                             0x080045c9   Thumb Code    76  stm32h7xx_hal.o(.text.HAL_InitTick)
    HAL_MPU_ConfigRegion                     0x08004619   Thumb Code    94  stm32h7xx_hal_cortex.o(.text.HAL_MPU_ConfigRegion)
    HAL_MPU_Disable                          0x08004679   Thumb Code    26  stm32h7xx_hal_cortex.o(.text.HAL_MPU_Disable)
    HAL_MPU_Enable                           0x08004699   Thumb Code    32  stm32h7xx_hal_cortex.o(.text.HAL_MPU_Enable)
    HAL_MspInit                              0x080046b9   Thumb Code    32  stm32h7xx_hal_msp.o(.text.HAL_MspInit)
    HAL_NVIC_EnableIRQ                       0x080046d9   Thumb Code    32  stm32h7xx_hal_cortex.o(.text.HAL_NVIC_EnableIRQ)
    HAL_NVIC_SetPriority                     0x080046f9   Thumb Code    94  stm32h7xx_hal_cortex.o(.text.HAL_NVIC_SetPriority)
    HAL_NVIC_SetPriorityGrouping             0x08004759   Thumb Code    32  stm32h7xx_hal_cortex.o(.text.HAL_NVIC_SetPriorityGrouping)
    HAL_PWREx_ConfigSupply                   0x08004779   Thumb Code    76  stm32h7xx_hal_pwr_ex.o(.text.HAL_PWREx_ConfigSupply)
    HAL_RCCEx_GetD3PCLK1Freq                 0x080047c9   Thumb Code    38  stm32h7xx_hal_rcc_ex.o(.text.HAL_RCCEx_GetD3PCLK1Freq)
    HAL_RCCEx_GetPLL1ClockFreq               0x080047f1   Thumb Code   304  stm32h7xx_hal_rcc_ex.o(.text.HAL_RCCEx_GetPLL1ClockFreq)
    HAL_RCCEx_GetPLL2ClockFreq               0x08004921   Thumb Code   300  stm32h7xx_hal_rcc_ex.o(.text.HAL_RCCEx_GetPLL2ClockFreq)
    HAL_RCCEx_GetPLL3ClockFreq               0x08004a51   Thumb Code   300  stm32h7xx_hal_rcc_ex.o(.text.HAL_RCCEx_GetPLL3ClockFreq)
    HAL_RCCEx_GetPeriphCLKFreq               0x08004b81   Thumb Code  1276  stm32h7xx_hal_rcc_ex.o(.text.HAL_RCCEx_GetPeriphCLKFreq)
    HAL_RCCEx_PeriphCLKConfig                0x08005081   Thumb Code  2880  stm32h7xx_hal_rcc_ex.o(.text.HAL_RCCEx_PeriphCLKConfig)
    HAL_RCC_ClockConfig                      0x08005bc1   Thumb Code   616  stm32h7xx_hal_rcc.o(.text.HAL_RCC_ClockConfig)
    HAL_RCC_GetHCLKFreq                      0x08005e29   Thumb Code    76  stm32h7xx_hal_rcc.o(.text.HAL_RCC_GetHCLKFreq)
    HAL_RCC_GetPCLK1Freq                     0x08005e79   Thumb Code    96  stm32h7xx_hal_rcc.o(.text.HAL_RCC_GetPCLK1Freq)
    HAL_RCC_GetPCLK2Freq                     0x08005ed9   Thumb Code    96  stm32h7xx_hal_rcc.o(.text.HAL_RCC_GetPCLK2Freq)
    HAL_RCC_GetSysClockFreq                  0x08005f39   Thumb Code   276  stm32h7xx_hal_rcc.o(.text.HAL_RCC_GetSysClockFreq)
    HAL_RCC_OscConfig                        0x08006051   Thumb Code  1376  stm32h7xx_hal_rcc.o(.text.HAL_RCC_OscConfig)
    HAL_SYSTICK_Config                       0x080065b1   Thumb Code    46  stm32h7xx_hal_cortex.o(.text.HAL_SYSTICK_Config)
    HAL_TIMEx_MasterConfigSynchronization    0x080065e1   Thumb Code   202  stm32h7xx_hal_tim_ex.o(.text.HAL_TIMEx_MasterConfigSynchronization)
    HAL_TIM_Base_Init                        0x080066b1   Thumb Code    96  stm32h7xx_hal_tim.o(.text.HAL_TIM_Base_Init)
    HAL_TIM_Base_MspInit                     0x08006711   Thumb Code    50  tim.o(.text.HAL_TIM_Base_MspInit)
    HAL_TIM_Base_Start                       0x08006749   Thumb Code   172  stm32h7xx_hal_tim.o(.text.HAL_TIM_Base_Start)
    HAL_TIM_Base_Stop                        0x080067f9   Thumb Code    56  stm32h7xx_hal_tim.o(.text.HAL_TIM_Base_Stop)
    HAL_UARTEx_DisableFifoMode               0x08006831   Thumb Code    54  stm32h7xx_hal_uart_ex.o(.text.HAL_UARTEx_DisableFifoMode)
    HAL_UARTEx_ReceiveToIdle_DMA             0x08006869   Thumb Code   164  stm32h7xx_hal_uart_ex.o(.text.HAL_UARTEx_ReceiveToIdle_DMA)
    HAL_UARTEx_RxEventCallback               0x08006911   Thumb Code    72  serial.o(.text.HAL_UARTEx_RxEventCallback)
    HAL_UARTEx_RxFifoFullCallback            0x08006959   Thumb Code     2  stm32h7xx_hal_uart_ex.o(.text.HAL_UARTEx_RxFifoFullCallback)
    HAL_UARTEx_SetRxFifoThreshold            0x08006961   Thumb Code   144  stm32h7xx_hal_uart_ex.o(.text.HAL_UARTEx_SetRxFifoThreshold)
    HAL_UARTEx_SetTxFifoThreshold            0x080069f1   Thumb Code   144  stm32h7xx_hal_uart_ex.o(.text.HAL_UARTEx_SetTxFifoThreshold)
    HAL_UARTEx_TxFifoEmptyCallback           0x08006a81   Thumb Code     2  stm32h7xx_hal_uart_ex.o(.text.HAL_UARTEx_TxFifoEmptyCallback)
    HAL_UARTEx_WakeupCallback                0x08006a89   Thumb Code     2  stm32h7xx_hal_uart_ex.o(.text.HAL_UARTEx_WakeupCallback)
    HAL_UART_ErrorCallback                   0x08006a91   Thumb Code     2  stm32h7xx_hal_uart.o(.text.HAL_UART_ErrorCallback)
    HAL_UART_IRQHandler                      0x08006a99   Thumb Code  1680  stm32h7xx_hal_uart.o(.text.HAL_UART_IRQHandler)
    HAL_UART_Init                            0x08007129   Thumb Code   104  stm32h7xx_hal_uart.o(.text.HAL_UART_Init)
    HAL_UART_MspInit                         0x08007191   Thumb Code   392  usart.o(.text.HAL_UART_MspInit)
    HAL_UART_RxCpltCallback                  0x08007319   Thumb Code     2  stm32h7xx_hal_uart.o(.text.HAL_UART_RxCpltCallback)
    HAL_UART_RxHalfCpltCallback              0x08007321   Thumb Code     2  stm32h7xx_hal_uart.o(.text.HAL_UART_RxHalfCpltCallback)
    HAL_UART_Transmit                        0x08007329   Thumb Code   460  stm32h7xx_hal_uart.o(.text.HAL_UART_Transmit)
    HAL_UART_TxCpltCallback                  0x080074f9   Thumb Code     2  stm32h7xx_hal_uart.o(.text.HAL_UART_TxCpltCallback)
    HardFault_Handler                        0x08007501   Thumb Code     2  stm32h7xx_it.o(.text.HardFault_Handler)
    Init_AD9910                              0x08007509   Thumb Code   344  ad9910.o(.text.Init_AD9910)
    MX_ADC1_Init                             0x08007661   Thumb Code   178  adc.o(.text.MX_ADC1_Init)
    MX_ADC2_Init                             0x08007719   Thumb Code   148  adc.o(.text.MX_ADC2_Init)
    MX_DAC1_Init                             0x080077b1   Thumb Code    82  dac.o(.text.MX_DAC1_Init)
    MX_DMA_Init                              0x08007809   Thumb Code   116  dma.o(.text.MX_DMA_Init)
    MX_GPIO_Init                             0x08007881   Thumb Code   334  gpio.o(.text.MX_GPIO_Init)
    MX_TIM6_Init                             0x080079d1   Thumb Code    80  tim.o(.text.MX_TIM6_Init)
    MX_USART1_UART_Init                      0x08007a21   Thumb Code   124  usart.o(.text.MX_USART1_UART_Init)
    MX_USART3_UART_Init                      0x08007aa1   Thumb Code   124  usart.o(.text.MX_USART3_UART_Init)
    MemManage_Handler                        0x08007b21   Thumb Code     2  stm32h7xx_it.o(.text.MemManage_Handler)
    NMI_Handler                              0x08007b29   Thumb Code     2  stm32h7xx_it.o(.text.NMI_Handler)
    PendSV_Handler                           0x08007b31   Thumb Code     2  stm32h7xx_it.o(.text.PendSV_Handler)
    Protocol_ParseByte                       0x08007b39   Thumb Code   296  protocol.o(.text.Protocol_ParseByte)
    SVC_Handler                              0x08007ee9   Thumb Code     2  stm32h7xx_it.o(.text.SVC_Handler)
    Scheduler_Init                           0x08007ef1   Thumb Code    30  scheduler.o(.text.Scheduler_Init)
    Scheduler_Run                            0x08007f11   Thumb Code   212  scheduler.o(.text.Scheduler_Run)
    Serial_RxInit                            0x08007fe9   Thumb Code   320  serial.o(.text.Serial_RxInit)
    SysTick_Handler                          0x08008129   Thumb Code     4  stm32h7xx_it.o(.text.SysTick_Handler)
    SystemClock_Config                       0x08008131   Thumb Code   216  main.o(.text.SystemClock_Config)
    SystemInit                               0x08008209   Thumb Code   238  system_stm32h7xx.o(.text.SystemInit)
    TIM_Base_SetConfig                       0x080082f9   Thumb Code   346  stm32h7xx_hal_tim.o(.text.TIM_Base_SetConfig)
    Task_100ms                               0x08008459   Thumb Code     2  rlc_app.o(.text.Task_100ms)
    Task_10ms                                0x08008461   Thumb Code  1376  rlc_app.o(.text.Task_10ms)
    Task_1min                                0x080089c1   Thumb Code     2  rlc_app.o(.text.Task_1min)
    Task_1ms                                 0x080089c9   Thumb Code     2  scheduler.o(.text.Task_1ms)
    Task_1sec                                0x080089d1   Thumb Code     2  rlc_app.o(.text.Task_1sec)
    Txfrc                                    0x080089d9   Thumb Code   132  ad9910.o(.text.Txfrc)
    UART1_Printf                             0x08008a61   Thumb Code    62  serial.o(.text.UART1_Printf)
    UART3_Printf                             0x08008aa1   Thumb Code    62  serial.o(.text.UART3_Printf)
    UART_AdvFeatureConfig                    0x08008ae1   Thumb Code   224  stm32h7xx_hal_uart.o(.text.UART_AdvFeatureConfig)
    UART_CheckIdleState                      0x08008bc1   Thumb Code   374  stm32h7xx_hal_uart.o(.text.UART_CheckIdleState)
    UART_SetConfig                           0x08009121   Thumb Code  1500  stm32h7xx_hal_uart.o(.text.UART_SetConfig)
    UART_Start_Receive_DMA                   0x08009701   Thumb Code   346  stm32h7xx_hal_uart.o(.text.UART_Start_Receive_DMA)
    UART_WaitOnFlagUntilTimeout              0x08009861   Thumb Code   868  stm32h7xx_hal_uart.o(.text.UART_WaitOnFlagUntilTimeout)
    USART3_IRQHandler                        0x08009bc9   Thumb Code    12  stm32h7xx_it.o(.text.USART3_IRQHandler)
    UsageFault_Handler                       0x08009bd9   Thumb Code     2  stm32h7xx_it.o(.text.UsageFault_Handler)
    VppToAmp                                 0x08009be1   Thumb Code    80  protocol.o(.text.VppToAmp)
    filter_runtime_on_adc_complete           0x08009c31   Thumb Code    54  filter_runtime.o(.text.filter_runtime_on_adc_complete)
    filter_runtime_on_adc_half_complete      0x08009c69   Thumb Code    54  filter_runtime.o(.text.filter_runtime_on_adc_half_complete)
    filter_runtime_process_pending           0x08009ca1   Thumb Code  1224  filter_runtime.o(.text.filter_runtime_process_pending)
    filter_runtime_start                     0x0800a169   Thumb Code   930  filter_runtime.o(.text.filter_runtime_start)
    filter_runtime_stop                      0x0800a511   Thumb Code    68  filter_runtime.o(.text.filter_runtime_stop)
    iir_filter_init                          0x0800a559   Thumb Code    30  iir_filter.o(.text.iir_filter_init)
    iir_filter_is_ready                      0x0800a579   Thumb Code    12  iir_filter.o(.text.iir_filter_is_ready)
    iir_filter_process_block                 0x0800a589   Thumb Code   936  iir_filter.o(.text.iir_filter_process_block)
    main                                     0x0800a931   Thumb Code   418  main.o(.text.main)
    rlc_app_init                             0x0800aad9   Thumb Code   174  rlc_app.o(.text.rlc_app_init)
    rlc_app_task                             0x0800ab89   Thumb Code    28  rlc_app.o(.text.rlc_app_task)
    sweep_learn_get_coeffs                   0x0800aba9   Thumb Code    10  sweep_learn.o(.text.sweep_learn_get_coeffs)
    sweep_learn_get_fit_result               0x0800abb9   Thumb Code    12  sweep_learn.o(.text.sweep_learn_get_fit_result)
    sweep_learn_has_learned                  0x0800abc9   Thumb Code    12  sweep_learn.o(.text.sweep_learn_has_learned)
    sweep_learn_is_sweeping                  0x0800abd9   Thumb Code    12  sweep_learn.o(.text.sweep_learn_is_sweeping)
    sweep_learn_model_name                   0x0800abe9   Thumb Code    30  sweep_learn.o(.text.sweep_learn_model_name)
    sweep_learn_notify_adc_done              0x0800ac09   Thumb Code    36  sweep_learn.o(.text.sweep_learn_notify_adc_done)
    sweep_learn_notify_adc_error             0x0800ac31   Thumb Code    14  sweep_learn.o(.text.sweep_learn_notify_adc_error)
    sweep_learn_run                          0x0800ac41   Thumb Code 11380  sweep_learn.o(.text.sweep_learn_run)
    txd_8bit                                 0x0800d8b9   Thumb Code   270  ad9910.o(.text.txd_8bit)
    __0vsprintf                              0x0800d9c9   Thumb Code    30  printfa.o(i.__0vsprintf)
    __1vsprintf                              0x0800d9c9   Thumb Code     0  printfa.o(i.__0vsprintf)
    __2vsprintf                              0x0800d9c9   Thumb Code     0  printfa.o(i.__0vsprintf)
    __c89vsprintf                            0x0800d9c9   Thumb Code     0  printfa.o(i.__0vsprintf)
    vsprintf                                 0x0800d9c9   Thumb Code     0  printfa.o(i.__0vsprintf)
    __ARM_fpclassifyf                        0x0800d9ed   Thumb Code    38  fpclassifyf.o(i.__ARM_fpclassifyf)
    __hardfp_atan2f                          0x0800da15   Thumb Code   594  atan2f.o(i.__hardfp_atan2f)
    __hardfp_cosf                            0x0800dcc1   Thumb Code   280  cosf.o(i.__hardfp_cosf)
    __hardfp_fmodf                           0x0800de11   Thumb Code   176  fmodf.o(i.__hardfp_fmodf)
    __hardfp_log10f                          0x0800dec1   Thumb Code   332  log10f.o(i.__hardfp_log10f)
    __hardfp_powf                            0x0800e041   Thumb Code  1606  powf.o(i.__hardfp_powf)
    __mathlib_powf                           0x0800e041   Thumb Code     0  powf.o(i.__hardfp_powf)
    __hardfp_sinf                            0x0800e6a5   Thumb Code   344  sinf.o(i.__hardfp_sinf)
    __hardfp_sqrtf                           0x0800e835   Thumb Code    58  sqrtf.o(i.__hardfp_sqrtf)
    __mathlib_flt_divzero                    0x0800e871   Thumb Code    14  funder.o(i.__mathlib_flt_divzero)
    __mathlib_flt_infnan                     0x0800e885   Thumb Code     6  funder.o(i.__mathlib_flt_infnan)
    __mathlib_flt_infnan2                    0x0800e88b   Thumb Code     6  funder.o(i.__mathlib_flt_infnan2)
    __mathlib_flt_invalid                    0x0800e891   Thumb Code    10  funder.o(i.__mathlib_flt_invalid)
    __mathlib_flt_overflow                   0x0800e8a1   Thumb Code    10  funder.o(i.__mathlib_flt_overflow)
    __mathlib_flt_underflow                  0x0800e8b1   Thumb Code    10  funder.o(i.__mathlib_flt_underflow)
    __mathlib_rredf2                         0x0800e8c1   Thumb Code   316  rredf.o(i.__mathlib_rredf2)
    __scatterload_copy                       0x0800ea15   Thumb Code    14  handlers.o(i.__scatterload_copy)
    __scatterload_null                       0x0800ea23   Thumb Code     2  handlers.o(i.__scatterload_null)
    __scatterload_zeroinit                   0x0800ea25   Thumb Code    14  handlers.o(i.__scatterload_zeroinit)
    __set_errno                              0x0800ea35   Thumb Code     6  errno.o(i.__set_errno)
    D1CorePrescTable                         0x0800f4ac   Data          16  system_stm32h7xx.o(.rodata.D1CorePrescTable)
    UARTPrescTable                           0x0800f4bc   Data          24  stm32h7xx_hal_uart.o(.rodata.UARTPrescTable)
    Region$$Table$$Base                      0x0800f780   Number         0  anon$$obj.o(Region$$Table)
    Region$$Table$$Limit                     0x0800f7a0   Number         0  anon$$obj.o(Region$$Table)
    uwTickFreq                               0x24011284   Data           1  stm32h7xx_hal.o(.data..L_MergedGlobals)
    uwTickPrio                               0x24011288   Data           4  stm32h7xx_hal.o(.data..L_MergedGlobals)
    SystemCoreClock                          0x2401128c   Data           4  system_stm32h7xx.o(.data..L_MergedGlobals)
    SystemD2Clock                            0x24011290   Data           4  system_stm32h7xx.o(.data..L_MergedGlobals)
    hdma_adc1                                0x240112e4   Data         120  adc.o(.bss..L_MergedGlobals)
    adc1_flag                                0x2401135c   Data           1  rlc_app.o(.bss..L_MergedGlobals)
    adc2_flag                                0x2401135d   Data           1  rlc_app.o(.bss..L_MergedGlobals)
    g_sys_mode                               0x2401138c   Data           1  protocol.o(.bss..L_MergedGlobals)
    s_data_ready                             0x24011390   Data           1  protocol.o(.bss..L_MergedGlobals)
    s_last_vpp_raw                           0x24011394   Data           4  protocol.o(.bss..L_MergedGlobals)
    s_last_freq_raw                          0x24011398   Data           4  protocol.o(.bss..L_MergedGlobals)
    uart1_rx_flag                            0x240113b4   Data           1  serial.o(.bss..L_MergedGlobals)
    uart3_rx_flag                            0x240113b5   Data           1  serial.o(.bss..L_MergedGlobals)
    uart1_rx_len                             0x240113b6   Data           2  serial.o(.bss..L_MergedGlobals)
    uart3_rx_len                             0x240113b8   Data           2  serial.o(.bss..L_MergedGlobals)
    g_sched                                  0x240113bc   Data          10  scheduler.o(.bss..L_MergedGlobals)
    hadc1                                    0x240113d4   Data         100  adc.o(.bss.hadc1)
    hadc2                                    0x24011438   Data         100  adc.o(.bss.hadc2)
    hdac1                                    0x2401149c   Data          20  dac.o(.bss.hdac1)
    hdma_adc2                                0x240114b0   Data         120  adc.o(.bss.hdma_adc2)
    hdma_dac1_ch1                            0x24011528   Data         120  dac.o(.bss.hdma_dac1_ch1)
    hdma_usart1_rx                           0x240115a0   Data         120  usart.o(.bss.hdma_usart1_rx)
    hdma_usart3_rx                           0x24011618   Data         120  usart.o(.bss.hdma_usart3_rx)
    htim6                                    0x24011690   Data          76  tim.o(.bss.htim6)
    huart1                                   0x240116dc   Data         148  usart.o(.bss.huart1)
    huart3                                   0x24011770   Data         148  usart.o(.bss.huart3)
    uart1_rx_buf                             0x240138a8   Data         128  serial.o(.bss.uart1_rx_buf)
    uart3_rx_buf                             0x24013928   Data         128  serial.o(.bss.uart3_rx_buf)
    uwTick                                   0x240139a8   Data           4  stm32h7xx_hal.o(.bss.uwTick)
    __initial_sp                             0x24013db0   Data           0  startup_stm32h743xx.o(STACK)



==============================================================================

Memory Map of the image

  Image Entry point : 0x08000299

  Load Region LR_IROM1 (Base: 0x08000000, Size: 0x00020a80, Max: 0x00100000, ABSOLUTE, COMPRESSED[0x0000fa18])

    Execution Region ER_IROM1 (Exec base: 0x08000000, Load base: 0x08000000, Size: 0x0000f7a0, Max: 0x00100000, ABSOLUTE)

    Exec Addr    Load Addr    Size         Type   Attr      Idx    E Section Name        Object

    0x08000000   0x08000000   0x00000298   Data   RO            3    RESET               startup_stm32h743xx.o
    0x08000298   0x08000298   0x00000000   Code   RO         2244  * .ARM.Collect$$$$00000000  mc_w.l(entry.o)
    0x08000298   0x08000298   0x00000004   Code   RO         2539    .ARM.Collect$$$$00000001  mc_w.l(entry2.o)
    0x0800029c   0x0800029c   0x00000004   Code   RO         2542    .ARM.Collect$$$$00000004  mc_w.l(entry5.o)
    0x080002a0   0x080002a0   0x00000000   Code   RO         2544    .ARM.Collect$$$$00000008  mc_w.l(entry7b.o)
    0x080002a0   0x080002a0   0x00000000   Code   RO         2546    .ARM.Collect$$$$0000000A  mc_w.l(entry8b.o)
    0x080002a0   0x080002a0   0x00000008   Code   RO         2547    .ARM.Collect$$$$0000000B  mc_w.l(entry9a.o)
    0x080002a8   0x080002a8   0x00000000   Code   RO         2549    .ARM.Collect$$$$0000000D  mc_w.l(entry10a.o)
    0x080002a8   0x080002a8   0x00000000   Code   RO         2551    .ARM.Collect$$$$0000000F  mc_w.l(entry11a.o)
    0x080002a8   0x080002a8   0x00000004   Code   RO         2540    .ARM.Collect$$$$00002712  mc_w.l(entry2.o)
    0x080002ac   0x080002ac   0x0000002c   Code   RO            4    .text               startup_stm32h743xx.o
    0x080002d8   0x080002d8   0x00000062   Code   RO         2247    .text               mc_w.l(uldiv.o)
    0x0800033a   0x0800033a   0x00000024   Code   RO         2249    .text               mc_w.l(memseta.o)
    0x0800035e   0x0800035e   0x0000000e   Code   RO         2251    .text               mc_w.l(strlen.o)
    0x0800036c   0x0800036c   0x0000001a   Code   RO         2253    .text               mc_w.l(memcmp.o)
    0x08000386   0x08000386   0x0000002c   Code   RO         2567    .text               mc_w.l(uidiv.o)
    0x080003b2   0x080003b2   0x0000001e   Code   RO         2569    .text               mc_w.l(llshl.o)
    0x080003d0   0x080003d0   0x00000020   Code   RO         2571    .text               mc_w.l(llushr.o)
    0x080003f0   0x080003f0   0x00000000   Code   RO         2580    .text               mc_w.l(iusefp.o)
    0x080003f0   0x080003f0   0x0000006e   Code   RO         2581    .text               mf_w.l(fepilogue.o)
    0x0800045e   0x0800045e   0x00000052   Code   RO         2583    .text               mf_w.l(frem.o)
    0x080004b0   0x080004b0   0x0000014e   Code   RO         2585    .text               mf_w.l(dadd.o)
    0x080005fe   0x080005fe   0x000000e4   Code   RO         2587    .text               mf_w.l(dmul.o)
    0x080006e2   0x080006e2   0x000000de   Code   RO         2589    .text               mf_w.l(ddiv.o)
    0x080007c0   0x080007c0   0x00000030   Code   RO         2591    .text               mf_w.l(dfixul.o)
    0x080007f0   0x080007f0   0x00000030   Code   RO         2593    .text               mf_w.l(cdrcmple.o)
    0x08000820   0x08000820   0x00000004   Code   RO         2595    .text               mf_w.l(fpstat.o)
    0x08000824   0x08000824   0x00000024   Code   RO         2597    .text               mc_w.l(init.o)
    0x08000848   0x08000848   0x00000024   Code   RO         2600    .text               mc_w.l(llsshr.o)
    0x0800086c   0x0800086c   0x000000ba   Code   RO         2603    .text               mf_w.l(depilogue.o)
    0x08000926   0x08000926   0x0000003a   Code   RO         2613    .text               mc_w.l(__dczerorl.o)
    0x08000960   0x08000960   0x00000014   Code   RO         2001    .text.AD9910_AmpWrite  ad9910.o
    0x08000974   0x08000974   0x00000004   PAD
    0x08000978   0x08000978   0x00000030   Code   RO         1999    .text.AD9910_FreWrite  ad9910.o
    0x080009a8   0x080009a8   0x0000012c   Code   RO          166    .text.ADC_ConfigureBoostMode  stm32h7xx_hal_adc.o
    0x08000ad4   0x08000ad4   0x00000004   PAD
    0x08000ad8   0x08000ad8   0x000000f0   Code   RO          170    .text.ADC_ConversionStop  stm32h7xx_hal_adc.o
    0x08000bc8   0x08000bc8   0x0000007a   Code   RO          192    .text.ADC_DMAConvCplt  stm32h7xx_hal_adc.o
    0x08000c42   0x08000c42   0x00000006   PAD
    0x08000c48   0x08000c48   0x00000016   Code   RO          196    .text.ADC_DMAError  stm32h7xx_hal_adc.o
    0x08000c5e   0x08000c5e   0x00000002   PAD
    0x08000c60   0x08000c60   0x00000006   Code   RO          194    .text.ADC_DMAHalfConvCplt  stm32h7xx_hal_adc.o
    0x08000c66   0x08000c66   0x00000002   PAD
    0x08000c68   0x08000c68   0x0000007c   Code   RO          172    .text.ADC_Disable   stm32h7xx_hal_adc.o
    0x08000ce4   0x08000ce4   0x00000004   PAD
    0x08000ce8   0x08000ce8   0x000000ba   Code   RO          178    .text.ADC_Enable    stm32h7xx_hal_adc.o
    0x08000da2   0x08000da2   0x00000006   PAD
    0x08000da8   0x08000da8   0x00000074   Code   RO         1849    .text.AmpComp_GetK  protocol.o
    0x08000e1c   0x08000e1c   0x00000004   PAD
    0x08000e20   0x08000e20   0x00000002   Code   RO          123    .text.BusFault_Handler  stm32h7xx_it.o
    0x08000e22   0x08000e22   0x00000006   PAD
    0x08000e28   0x08000e28   0x00000010   Code   RO         1119    .text.DAC_DMAConvCpltCh1  stm32h7xx_hal_dac.o
    0x08000e38   0x08000e38   0x00000010   Code   RO         1161    .text.DAC_DMAConvCpltCh2  stm32h7xx_hal_dac_ex.o
    0x08000e48   0x08000e48   0x00000018   Code   RO         1123    .text.DAC_DMAErrorCh1  stm32h7xx_hal_dac.o
    0x08000e60   0x08000e60   0x00000018   Code   RO         1165    .text.DAC_DMAErrorCh2  stm32h7xx_hal_dac_ex.o
    0x08000e78   0x08000e78   0x00000006   Code   RO         1121    .text.DAC_DMAHalfConvCpltCh1  stm32h7xx_hal_dac.o
    0x08000e7e   0x08000e7e   0x00000002   PAD
    0x08000e80   0x08000e80   0x00000006   Code   RO         1163    .text.DAC_DMAHalfConvCpltCh2  stm32h7xx_hal_dac_ex.o
    0x08000e86   0x08000e86   0x00000002   PAD
    0x08000e88   0x08000e88   0x0000000c   Code   RO          135    .text.DMA1_Stream0_IRQHandler  stm32h7xx_it.o
    0x08000e94   0x08000e94   0x00000004   PAD
    0x08000e98   0x08000e98   0x0000000c   Code   RO          137    .text.DMA1_Stream1_IRQHandler  stm32h7xx_it.o
    0x08000ea4   0x08000ea4   0x00000004   PAD
    0x08000ea8   0x08000ea8   0x0000000c   Code   RO          139    .text.DMA1_Stream2_IRQHandler  stm32h7xx_it.o
    0x08000eb4   0x08000eb4   0x00000004   PAD
    0x08000eb8   0x08000eb8   0x0000000c   Code   RO          141    .text.DMA1_Stream3_IRQHandler  stm32h7xx_it.o
    0x08000ec4   0x08000ec4   0x00000004   PAD
    0x08000ec8   0x08000ec8   0x0000000c   Code   RO          143    .text.DMA1_Stream4_IRQHandler  stm32h7xx_it.o
    0x08000ed4   0x08000ed4   0x00000004   PAD
    0x08000ed8   0x08000ed8   0x0000012c   Code   RO          517    .text.DMA_CalcBaseAndBitshift  stm32h7xx_hal_dma.o
    0x08001004   0x08001004   0x00000004   PAD
    0x08001008   0x08001008   0x00000312   Code   RO          523    .text.DMA_SetConfig  stm32h7xx_hal_dma.o
    0x0800131a   0x0800131a   0x00000006   PAD
    0x08001320   0x08001320   0x00000002   Code   RO          129    .text.DebugMon_Handler  stm32h7xx_it.o
    0x08001322   0x08001322   0x00000006   PAD
    0x08001328   0x08001328   0x00000006   Code   RO           17    .text.Error_Handler  main.o
    0x0800132e   0x0800132e   0x00000002   PAD
    0x08001330   0x08001330   0x0000002c   Code   RO         1714    .text.ExitRun0Mode  system_stm32h7xx.o
    0x0800135c   0x0800135c   0x00000004   PAD
    0x08001360   0x08001360   0x000000d8   Code   RO          228    .text.HAL_ADCEx_Calibration_Start  stm32h7xx_hal_adc_ex.o
    0x08001438   0x08001438   0x000000b8   Code   RO          278    .text.HAL_ADCEx_MultiModeConfigChannel  stm32h7xx_hal_adc_ex.o
    0x080014f0   0x080014f0   0x000004f8   Code   RO          212    .text.HAL_ADC_ConfigChannel  stm32h7xx_hal_adc.o
    0x080019e8   0x080019e8   0x0000009a   Code   RO         1732    .text.HAL_ADC_ConvCpltCallback  rlc_app.o
    0x08001a82   0x08001a82   0x00000006   PAD
    0x08001a88   0x08001a88   0x00000014   Code   RO         1730    .text.HAL_ADC_ConvHalfCpltCallback  rlc_app.o
    0x08001a9c   0x08001a9c   0x00000004   PAD
    0x08001aa0   0x08001aa0   0x00000028   Code   RO         1734    .text.HAL_ADC_ErrorCallback  rlc_app.o
    0x08001ac8   0x08001ac8   0x00000004   Code   RO          218    .text.HAL_ADC_GetError  stm32h7xx_hal_adc.o
    0x08001acc   0x08001acc   0x00000004   PAD
    0x08001ad0   0x08001ad0   0x0000027a   Code   RO          162    .text.HAL_ADC_Init  stm32h7xx_hal_adc.o
    0x08001d4a   0x08001d4a   0x00000006   PAD
    0x08001d50   0x08001d50   0x000001be   Code   RO           41    .text.HAL_ADC_MspInit  adc.o
    0x08001f0e   0x08001f0e   0x00000002   PAD
    0x08001f10   0x08001f10   0x00000122   Code   RO          190    .text.HAL_ADC_Start_DMA  stm32h7xx_hal_adc.o
    0x08002032   0x08002032   0x00000006   PAD
    0x08002038   0x08002038   0x0000009a   Code   RO          198    .text.HAL_ADC_Stop_DMA  stm32h7xx_hal_adc.o
    0x080020d2   0x080020d2   0x00000006   PAD
    0x080020d8   0x080020d8   0x00000002   Code   RO         1175    .text.HAL_DACEx_ConvCpltCallbackCh2  stm32h7xx_hal_dac_ex.o
    0x080020da   0x080020da   0x00000006   PAD
    0x080020e0   0x080020e0   0x00000002   Code   RO         1177    .text.HAL_DACEx_ConvHalfCpltCallbackCh2  stm32h7xx_hal_dac_ex.o
    0x080020e2   0x080020e2   0x00000006   PAD
    0x080020e8   0x080020e8   0x00000002   Code   RO         1179    .text.HAL_DACEx_ErrorCallbackCh2  stm32h7xx_hal_dac_ex.o
    0x080020ea   0x080020ea   0x00000006   PAD
    0x080020f0   0x080020f0   0x0000016a   Code   RO         1141    .text.HAL_DAC_ConfigChannel  stm32h7xx_hal_dac.o
    0x0800225a   0x0800225a   0x00000006   PAD
    0x08002260   0x08002260   0x00000002   Code   RO         1133    .text.HAL_DAC_ConvCpltCallbackCh1  stm32h7xx_hal_dac.o
    0x08002262   0x08002262   0x00000006   PAD
    0x08002268   0x08002268   0x00000002   Code   RO         1135    .text.HAL_DAC_ConvHalfCpltCallbackCh1  stm32h7xx_hal_dac.o
    0x0800226a   0x0800226a   0x00000006   PAD
    0x08002270   0x08002270   0x00000002   Code   RO         1137    .text.HAL_DAC_ErrorCallbackCh1  stm32h7xx_hal_dac.o
    0x08002272   0x08002272   0x00000006   PAD
    0x08002278   0x08002278   0x00000004   Code   RO         1145    .text.HAL_DAC_GetError  stm32h7xx_hal_dac.o
    0x0800227c   0x0800227c   0x00000004   PAD
    0x08002280   0x08002280   0x00000028   Code   RO         1105    .text.HAL_DAC_Init  stm32h7xx_hal_dac.o
    0x080022a8   0x080022a8   0x000000b0   Code   RO           59    .text.HAL_DAC_MspInit  dac.o
    0x08002358   0x08002358   0x00000036   Code   RO         1131    .text.HAL_DAC_SetValue  stm32h7xx_hal_dac.o
    0x0800238e   0x0800238e   0x00000002   PAD
    0x08002390   0x08002390   0x00000106   Code   RO         1117    .text.HAL_DAC_Start_DMA  stm32h7xx_hal_dac.o
    0x08002496   0x08002496   0x00000002   PAD
    0x08002498   0x08002498   0x00000054   Code   RO         1125    .text.HAL_DAC_Stop_DMA  stm32h7xx_hal_dac.o
    0x080024ec   0x080024ec   0x00000004   PAD
    0x080024f0   0x080024f0   0x00000536   Code   RO          527    .text.HAL_DMA_Abort  stm32h7xx_hal_dma.o
    0x08002a26   0x08002a26   0x00000002   PAD
    0x08002a28   0x08002a28   0x000002ba   Code   RO          529    .text.HAL_DMA_Abort_IT  stm32h7xx_hal_dma.o
    0x08002ce2   0x08002ce2   0x00000006   PAD
    0x08002ce8   0x08002ce8   0x00000384   Code   RO          519    .text.HAL_DMA_DeInit  stm32h7xx_hal_dma.o
    0x0800306c   0x0800306c   0x00000004   PAD
    0x08003070   0x08003070   0x00000840   Code   RO          533    .text.HAL_DMA_IRQHandler  stm32h7xx_hal_dma.o
    0x080038b0   0x080038b0   0x00000684   Code   RO          515    .text.HAL_DMA_Init  stm32h7xx_hal_dma.o
    0x08003f34   0x08003f34   0x00000004   PAD
    0x08003f38   0x08003f38   0x000003a6   Code   RO          525    .text.HAL_DMA_Start_IT  stm32h7xx_hal_dma.o
    0x080042de   0x080042de   0x00000002   PAD
    0x080042e0   0x080042e0   0x00000028   Code   RO          825    .text.HAL_Delay     stm32h7xx_hal.o
    0x08004308   0x08004308   0x000001f2   Code   RO          461    .text.HAL_GPIO_Init  stm32h7xx_hal_gpio.o
    0x080044fa   0x080044fa   0x00000006   PAD
    0x08004500   0x08004500   0x0000000a   Code   RO          465    .text.HAL_GPIO_ReadPin  stm32h7xx_hal_gpio.o
    0x0800450a   0x0800450a   0x00000006   PAD
    0x08004510   0x08004510   0x0000000a   Code   RO          467    .text.HAL_GPIO_WritePin  stm32h7xx_hal_gpio.o
    0x0800451a   0x0800451a   0x00000006   PAD
    0x08004520   0x08004520   0x0000000e   Code   RO          833    .text.HAL_GetREVID  stm32h7xx_hal.o
    0x0800452e   0x0800452e   0x00000002   PAD
    0x08004530   0x08004530   0x0000000c   Code   RO          817    .text.HAL_GetTick   stm32h7xx_hal.o
    0x0800453c   0x0800453c   0x00000004   PAD
    0x08004540   0x08004540   0x0000001a   Code   RO          815    .text.HAL_IncTick   stm32h7xx_hal.o
    0x0800455a   0x0800455a   0x00000006   PAD
    0x08004560   0x08004560   0x00000064   Code   RO          805    .text.HAL_Init      stm32h7xx_hal.o
    0x080045c4   0x080045c4   0x00000004   PAD
    0x080045c8   0x080045c8   0x0000004c   Code   RO          807    .text.HAL_InitTick  stm32h7xx_hal.o
    0x08004614   0x08004614   0x00000004   PAD
    0x08004618   0x08004618   0x0000005e   Code   RO          775    .text.HAL_MPU_ConfigRegion  stm32h7xx_hal_cortex.o
    0x08004676   0x08004676   0x00000002   PAD
    0x08004678   0x08004678   0x0000001a   Code   RO          767    .text.HAL_MPU_Disable  stm32h7xx_hal_cortex.o
    0x08004692   0x08004692   0x00000006   PAD
    0x08004698   0x08004698   0x00000020   Code   RO          769    .text.HAL_MPU_Enable  stm32h7xx_hal_cortex.o
    0x080046b8   0x080046b8   0x00000020   Code   RO          154    .text.HAL_MspInit   stm32h7xx_hal_msp.o
    0x080046d8   0x080046d8   0x00000020   Code   RO          757    .text.HAL_NVIC_EnableIRQ  stm32h7xx_hal_cortex.o
    0x080046f8   0x080046f8   0x0000005e   Code   RO          755    .text.HAL_NVIC_SetPriority  stm32h7xx_hal_cortex.o
    0x08004756   0x08004756   0x00000002   PAD
    0x08004758   0x08004758   0x00000020   Code   RO          753    .text.HAL_NVIC_SetPriorityGrouping  stm32h7xx_hal_cortex.o
    0x08004778   0x08004778   0x0000004c   Code   RO          665    .text.HAL_PWREx_ConfigSupply  stm32h7xx_hal_pwr_ex.o
    0x080047c4   0x080047c4   0x00000004   PAD
    0x080047c8   0x080047c8   0x00000026   Code   RO          348    .text.HAL_RCCEx_GetD3PCLK1Freq  stm32h7xx_hal_rcc_ex.o
    0x080047ee   0x080047ee   0x00000002   PAD
    0x080047f0   0x080047f0   0x00000130   Code   RO          342    .text.HAL_RCCEx_GetPLL1ClockFreq  stm32h7xx_hal_rcc_ex.o
    0x08004920   0x08004920   0x0000012c   Code   RO          344    .text.HAL_RCCEx_GetPLL2ClockFreq  stm32h7xx_hal_rcc_ex.o
    0x08004a4c   0x08004a4c   0x00000004   PAD
    0x08004a50   0x08004a50   0x0000012c   Code   RO          346    .text.HAL_RCCEx_GetPLL3ClockFreq  stm32h7xx_hal_rcc_ex.o
    0x08004b7c   0x08004b7c   0x00000004   PAD
    0x08004b80   0x08004b80   0x000004fc   Code   RO          340    .text.HAL_RCCEx_GetPeriphCLKFreq  stm32h7xx_hal_rcc_ex.o
    0x0800507c   0x0800507c   0x00000004   PAD
    0x08005080   0x08005080   0x00000b40   Code   RO          332    .text.HAL_RCCEx_PeriphCLKConfig  stm32h7xx_hal_rcc_ex.o
    0x08005bc0   0x08005bc0   0x00000268   Code   RO          300    .text.HAL_RCC_ClockConfig  stm32h7xx_hal_rcc.o
    0x08005e28   0x08005e28   0x0000004c   Code   RO          310    .text.HAL_RCC_GetHCLKFreq  stm32h7xx_hal_rcc.o
    0x08005e74   0x08005e74   0x00000004   PAD
    0x08005e78   0x08005e78   0x00000060   Code   RO          312    .text.HAL_RCC_GetPCLK1Freq  stm32h7xx_hal_rcc.o
    0x08005ed8   0x08005ed8   0x00000060   Code   RO          314    .text.HAL_RCC_GetPCLK2Freq  stm32h7xx_hal_rcc.o
    0x08005f38   0x08005f38   0x00000114   Code   RO          302    .text.HAL_RCC_GetSysClockFreq  stm32h7xx_hal_rcc.o
    0x0800604c   0x0800604c   0x00000004   PAD
    0x08006050   0x08006050   0x00000560   Code   RO          298    .text.HAL_RCC_OscConfig  stm32h7xx_hal_rcc.o
    0x080065b0   0x080065b0   0x0000002e   Code   RO          765    .text.HAL_SYSTICK_Config  stm32h7xx_hal_cortex.o
    0x080065de   0x080065de   0x00000002   PAD
    0x080065e0   0x080065e0   0x000000ca   Code   RO         1494    .text.HAL_TIMEx_MasterConfigSynchronization  stm32h7xx_hal_tim_ex.o
    0x080066aa   0x080066aa   0x00000006   PAD
    0x080066b0   0x080066b0   0x00000060   Code   RO         1199    .text.HAL_TIM_Base_Init  stm32h7xx_hal_tim.o
    0x08006710   0x08006710   0x00000032   Code   RO           84    .text.HAL_TIM_Base_MspInit  tim.o
    0x08006742   0x08006742   0x00000006   PAD
    0x08006748   0x08006748   0x000000ac   Code   RO         1209    .text.HAL_TIM_Base_Start  stm32h7xx_hal_tim.o
    0x080067f4   0x080067f4   0x00000004   PAD
    0x080067f8   0x080067f8   0x00000038   Code   RO         1211    .text.HAL_TIM_Base_Stop  stm32h7xx_hal_tim.o
    0x08006830   0x08006830   0x00000036   Code   RO         1687    .text.HAL_UARTEx_DisableFifoMode  stm32h7xx_hal_uart_ex.o
    0x08006866   0x08006866   0x00000002   PAD
    0x08006868   0x08006868   0x000000a4   Code   RO         1697    .text.HAL_UARTEx_ReceiveToIdle_DMA  stm32h7xx_hal_uart_ex.o
    0x0800690c   0x0800690c   0x00000004   PAD
    0x08006910   0x08006910   0x00000048   Code   RO         2066    .text.HAL_UARTEx_RxEventCallback  serial.o
    0x08006958   0x08006958   0x00000002   Code   RO         1673    .text.HAL_UARTEx_RxFifoFullCallback  stm32h7xx_hal_uart_ex.o
    0x0800695a   0x0800695a   0x00000006   PAD
    0x08006960   0x08006960   0x00000090   Code   RO         1691    .text.HAL_UARTEx_SetRxFifoThreshold  stm32h7xx_hal_uart_ex.o
    0x080069f0   0x080069f0   0x00000090   Code   RO         1689    .text.HAL_UARTEx_SetTxFifoThreshold  stm32h7xx_hal_uart_ex.o
    0x08006a80   0x08006a80   0x00000002   Code   RO         1675    .text.HAL_UARTEx_TxFifoEmptyCallback  stm32h7xx_hal_uart_ex.o
    0x08006a82   0x08006a82   0x00000006   PAD
    0x08006a88   0x08006a88   0x00000002   Code   RO         1671    .text.HAL_UARTEx_WakeupCallback  stm32h7xx_hal_uart_ex.o
    0x08006a8a   0x08006a8a   0x00000006   PAD
    0x08006a90   0x08006a90   0x00000002   Code   RO         1614    .text.HAL_UART_ErrorCallback  stm32h7xx_hal_uart.o
    0x08006a92   0x08006a92   0x00000006   PAD
    0x08006a98   0x08006a98   0x00000690   Code   RO         1610    .text.HAL_UART_IRQHandler  stm32h7xx_hal_uart.o
    0x08007128   0x08007128   0x00000068   Code   RO         1526    .text.HAL_UART_Init  stm32h7xx_hal_uart.o
    0x08007190   0x08007190   0x00000188   Code   RO          101    .text.HAL_UART_MspInit  usart.o
    0x08007318   0x08007318   0x00000002   Code   RO         1622    .text.HAL_UART_RxCpltCallback  stm32h7xx_hal_uart.o
    0x0800731a   0x0800731a   0x00000006   PAD
    0x08007320   0x08007320   0x00000002   Code   RO         1624    .text.HAL_UART_RxHalfCpltCallback  stm32h7xx_hal_uart.o
    0x08007322   0x08007322   0x00000006   PAD
    0x08007328   0x08007328   0x000001cc   Code   RO         1546    .text.HAL_UART_Transmit  stm32h7xx_hal_uart.o
    0x080074f4   0x080074f4   0x00000004   PAD
    0x080074f8   0x080074f8   0x00000002   Code   RO         1618    .text.HAL_UART_TxCpltCallback  stm32h7xx_hal_uart.o
    0x080074fa   0x080074fa   0x00000006   PAD
    0x08007500   0x08007500   0x00000002   Code   RO          119    .text.HardFault_Handler  stm32h7xx_it.o
    0x08007502   0x08007502   0x00000006   PAD
    0x08007508   0x08007508   0x00000158   Code   RO         1995    .text.Init_AD9910   ad9910.o
    0x08007660   0x08007660   0x000000b2   Code   RO           37    .text.MX_ADC1_Init  adc.o
    0x08007712   0x08007712   0x00000006   PAD
    0x08007718   0x08007718   0x00000094   Code   RO           39    .text.MX_ADC2_Init  adc.o
    0x080077ac   0x080077ac   0x00000004   PAD
    0x080077b0   0x080077b0   0x00000052   Code   RO           57    .text.MX_DAC1_Init  dac.o
    0x08007802   0x08007802   0x00000006   PAD
    0x08007808   0x08007808   0x00000074   Code   RO           73    .text.MX_DMA_Init   dma.o
    0x0800787c   0x0800787c   0x00000004   PAD
    0x08007880   0x08007880   0x0000014e   Code   RO           28    .text.MX_GPIO_Init  gpio.o
    0x080079ce   0x080079ce   0x00000002   PAD
    0x080079d0   0x080079d0   0x00000050   Code   RO           82    .text.MX_TIM6_Init  tim.o
    0x08007a20   0x08007a20   0x0000007c   Code   RO           97    .text.MX_USART1_UART_Init  usart.o
    0x08007a9c   0x08007a9c   0x00000004   PAD
    0x08007aa0   0x08007aa0   0x0000007c   Code   RO           99    .text.MX_USART3_UART_Init  usart.o
    0x08007b1c   0x08007b1c   0x00000004   PAD
    0x08007b20   0x08007b20   0x00000002   Code   RO          121    .text.MemManage_Handler  stm32h7xx_it.o
    0x08007b22   0x08007b22   0x00000006   PAD
    0x08007b28   0x08007b28   0x00000002   Code   RO          117    .text.NMI_Handler   stm32h7xx_it.o
    0x08007b2a   0x08007b2a   0x00000006   PAD
    0x08007b30   0x08007b30   0x00000002   Code   RO          131    .text.PendSV_Handler  stm32h7xx_it.o
    0x08007b32   0x08007b32   0x00000006   PAD
    0x08007b38   0x08007b38   0x00000160   Code   RO         1851    .text.Protocol_ParseByte  protocol.o
    0x08007c98   0x08007c98   0x00000122   Code   RO          334    .text.RCCEx_PLL2_Config  stm32h7xx_hal_rcc_ex.o
    0x08007dba   0x08007dba   0x00000006   PAD
    0x08007dc0   0x08007dc0   0x00000122   Code   RO          336    .text.RCCEx_PLL3_Config  stm32h7xx_hal_rcc_ex.o
    0x08007ee2   0x08007ee2   0x00000006   PAD
    0x08007ee8   0x08007ee8   0x00000002   Code   RO          127    .text.SVC_Handler   stm32h7xx_it.o
    0x08007eea   0x08007eea   0x00000006   PAD
    0x08007ef0   0x08007ef0   0x0000001e   Code   RO         2099    .text.Scheduler_Init  scheduler.o
    0x08007f0e   0x08007f0e   0x00000002   PAD
    0x08007f10   0x08007f10   0x000000d4   Code   RO         2101    .text.Scheduler_Run  scheduler.o
    0x08007fe4   0x08007fe4   0x00000004   PAD
    0x08007fe8   0x08007fe8   0x00000140   Code   RO         2062    .text.Serial_RxInit  serial.o
    0x08008128   0x08008128   0x00000004   Code   RO          133    .text.SysTick_Handler  stm32h7xx_it.o
    0x0800812c   0x0800812c   0x00000004   PAD
    0x08008130   0x08008130   0x000000d8   Code   RO           13    .text.SystemClock_Config  main.o
    0x08008208   0x08008208   0x000000ee   Code   RO         1710    .text.SystemInit    system_stm32h7xx.o
    0x080082f6   0x080082f6   0x00000002   PAD
    0x080082f8   0x080082f8   0x0000015a   Code   RO         1203    .text.TIM_Base_SetConfig  stm32h7xx_hal_tim.o
    0x08008452   0x08008452   0x00000006   PAD
    0x08008458   0x08008458   0x00000002   Code   RO         1738    .text.Task_100ms    rlc_app.o
    0x0800845a   0x0800845a   0x00000006   PAD
    0x08008460   0x08008460   0x00000560   Code   RO         1736    .text.Task_10ms     rlc_app.o
    0x080089c0   0x080089c0   0x00000002   Code   RO         1742    .text.Task_1min     rlc_app.o
    0x080089c2   0x080089c2   0x00000006   PAD
    0x080089c8   0x080089c8   0x00000002   Code   RO         2103    .text.Task_1ms      scheduler.o
    0x080089ca   0x080089ca   0x00000006   PAD
    0x080089d0   0x080089d0   0x00000002   Code   RO         1740    .text.Task_1sec     rlc_app.o
    0x080089d2   0x080089d2   0x00000006   PAD
    0x080089d8   0x080089d8   0x00000084   Code   RO         1997    .text.Txfrc         ad9910.o
    0x08008a5c   0x08008a5c   0x00000004   PAD
    0x08008a60   0x08008a60   0x0000003e   Code   RO         2084    .text.UART1_Printf  serial.o
    0x08008a9e   0x08008a9e   0x00000002   PAD
    0x08008aa0   0x08008aa0   0x0000003e   Code   RO         2086    .text.UART3_Printf  serial.o
    0x08008ade   0x08008ade   0x00000002   PAD
    0x08008ae0   0x08008ae0   0x000000e0   Code   RO         1530    .text.UART_AdvFeatureConfig  stm32h7xx_hal_uart.o
    0x08008bc0   0x08008bc0   0x00000176   Code   RO         1534    .text.UART_CheckIdleState  stm32h7xx_hal_uart.o
    0x08008d36   0x08008d36   0x00000002   PAD
    0x08008d38   0x08008d38   0x00000006   Code   RO         1612    .text.UART_DMAAbortOnError  stm32h7xx_hal_uart.o
    0x08008d3e   0x08008d3e   0x00000002   PAD
    0x08008d40   0x08008d40   0x00000204   Code   RO         1572    .text.UART_DMAError  stm32h7xx_hal_uart.o
    0x08008f44   0x08008f44   0x00000004   PAD
    0x08008f48   0x08008f48   0x0000019c   Code   RO         1656    .text.UART_DMAReceiveCplt  stm32h7xx_hal_uart.o
    0x080090e4   0x080090e4   0x00000004   PAD
    0x080090e8   0x080090e8   0x00000038   Code   RO         1658    .text.UART_DMARxHalfCplt  stm32h7xx_hal_uart.o
    0x08009120   0x08009120   0x000005dc   Code   RO         1532    .text.UART_SetConfig  stm32h7xx_hal_uart.o
    0x080096fc   0x080096fc   0x00000004   PAD
    0x08009700   0x08009700   0x0000015a   Code   RO         1576    .text.UART_Start_Receive_DMA  stm32h7xx_hal_uart.o
    0x0800985a   0x0800985a   0x00000006   PAD
    0x08009860   0x08009860   0x00000364   Code   RO         1548    .text.UART_WaitOnFlagUntilTimeout  stm32h7xx_hal_uart.o
    0x08009bc4   0x08009bc4   0x00000004   PAD
    0x08009bc8   0x08009bc8   0x0000000c   Code   RO          145    .text.USART3_IRQHandler  stm32h7xx_it.o
    0x08009bd4   0x08009bd4   0x00000004   PAD
    0x08009bd8   0x08009bd8   0x00000002   Code   RO          125    .text.UsageFault_Handler  stm32h7xx_it.o
    0x08009bda   0x08009bda   0x00000006   PAD
    0x08009be0   0x08009be0   0x00000050   Code   RO         1847    .text.VppToAmp      protocol.o
    0x08009c30   0x08009c30   0x00000036   Code   RO         1817    .text.filter_runtime_on_adc_complete  filter_runtime.o
    0x08009c66   0x08009c66   0x00000002   PAD
    0x08009c68   0x08009c68   0x00000036   Code   RO         1815    .text.filter_runtime_on_adc_half_complete  filter_runtime.o
    0x08009c9e   0x08009c9e   0x00000002   PAD
    0x08009ca0   0x08009ca0   0x000004c8   Code   RO         1813    .text.filter_runtime_process_pending  filter_runtime.o
    0x0800a168   0x0800a168   0x000003a2   Code   RO         1809    .text.filter_runtime_start  filter_runtime.o
    0x0800a50a   0x0800a50a   0x00000006   PAD
    0x0800a510   0x0800a510   0x00000044   Code   RO         1811    .text.filter_runtime_stop  filter_runtime.o
    0x0800a554   0x0800a554   0x00000004   PAD
    0x0800a558   0x0800a558   0x0000001e   Code   RO         1792    .text.iir_filter_init  iir_filter.o
    0x0800a576   0x0800a576   0x00000002   PAD
    0x0800a578   0x0800a578   0x0000000c   Code   RO         1796    .text.iir_filter_is_ready  iir_filter.o
    0x0800a584   0x0800a584   0x00000004   PAD
    0x0800a588   0x0800a588   0x000003a8   Code   RO         1794    .text.iir_filter_process_block  iir_filter.o
    0x0800a930   0x0800a930   0x000001a2   Code   RO           11    .text.main          main.o
    0x0800aad2   0x0800aad2   0x00000006   PAD
    0x0800aad8   0x0800aad8   0x000000ae   Code   RO         1726    .text.rlc_app_init  rlc_app.o
    0x0800ab86   0x0800ab86   0x00000002   PAD
    0x0800ab88   0x0800ab88   0x0000001c   Code   RO         1728    .text.rlc_app_task  rlc_app.o
    0x0800aba4   0x0800aba4   0x00000004   PAD
    0x0800aba8   0x0800aba8   0x0000000a   Code   RO         1768    .text.sweep_learn_get_coeffs  sweep_learn.o
    0x0800abb2   0x0800abb2   0x00000006   PAD
    0x0800abb8   0x0800abb8   0x0000000c   Code   RO         1770    .text.sweep_learn_get_fit_result  sweep_learn.o
    0x0800abc4   0x0800abc4   0x00000004   PAD
    0x0800abc8   0x0800abc8   0x0000000c   Code   RO         1772    .text.sweep_learn_has_learned  sweep_learn.o
    0x0800abd4   0x0800abd4   0x00000004   PAD
    0x0800abd8   0x0800abd8   0x0000000c   Code   RO         1764    .text.sweep_learn_is_sweeping  sweep_learn.o
    0x0800abe4   0x0800abe4   0x00000004   PAD
    0x0800abe8   0x0800abe8   0x0000001e   Code   RO         1756    .text.sweep_learn_model_name  sweep_learn.o
    0x0800ac06   0x0800ac06   0x00000002   PAD
    0x0800ac08   0x0800ac08   0x00000024   Code   RO         1760    .text.sweep_learn_notify_adc_done  sweep_learn.o
    0x0800ac2c   0x0800ac2c   0x00000004   PAD
    0x0800ac30   0x0800ac30   0x0000000e   Code   RO         1762    .text.sweep_learn_notify_adc_error  sweep_learn.o
    0x0800ac3e   0x0800ac3e   0x00000002   PAD
    0x0800ac40   0x0800ac40   0x00002c74   Code   RO         1766    .text.sweep_learn_run  sweep_learn.o
    0x0800d8b4   0x0800d8b4   0x00000004   PAD
    0x0800d8b8   0x0800d8b8   0x0000010e   Code   RO         1993    .text.txd_8bit      ad9910.o
    0x0800d9c6   0x0800d9c6   0x00000002   PAD
    0x0800d9c8   0x0800d9c8   0x00000024   Code   RO         2494    i.__0vsprintf       mc_w.l(printfa.o)
    0x0800d9ec   0x0800d9ec   0x00000026   Code   RO         2520    i.__ARM_fpclassifyf  m_wv.l(fpclassifyf.o)
    0x0800da12   0x0800da12   0x00000002   PAD
    0x0800da14   0x0800da14   0x000002ac   Code   RO         2200    i.__hardfp_atan2f   m_wv.l(atan2f.o)
    0x0800dcc0   0x0800dcc0   0x00000150   Code   RO         2206    i.__hardfp_cosf     m_wv.l(cosf.o)
    0x0800de10   0x0800de10   0x000000b0   Code   RO         2212    i.__hardfp_fmodf    m_wv.l(fmodf.o)
    0x0800dec0   0x0800dec0   0x00000180   Code   RO         2218    i.__hardfp_log10f   m_wv.l(log10f.o)
    0x0800e040   0x0800e040   0x00000664   Code   RO         2225    i.__hardfp_powf     m_wv.l(powf.o)
    0x0800e6a4   0x0800e6a4   0x00000190   Code   RO         2232    i.__hardfp_sinf     m_wv.l(sinf.o)
    0x0800e834   0x0800e834   0x0000003a   Code   RO         2238    i.__hardfp_sqrtf    m_wv.l(sqrtf.o)
    0x0800e86e   0x0800e86e   0x00000002   PAD
    0x0800e870   0x0800e870   0x00000014   Code   RO         2522    i.__mathlib_flt_divzero  m_wv.l(funder.o)
    0x0800e884   0x0800e884   0x00000006   Code   RO         2523    i.__mathlib_flt_infnan  m_wv.l(funder.o)
    0x0800e88a   0x0800e88a   0x00000006   Code   RO         2524    i.__mathlib_flt_infnan2  m_wv.l(funder.o)
    0x0800e890   0x0800e890   0x00000010   Code   RO         2525    i.__mathlib_flt_invalid  m_wv.l(funder.o)
    0x0800e8a0   0x0800e8a0   0x00000010   Code   RO         2526    i.__mathlib_flt_overflow  m_wv.l(funder.o)
    0x0800e8b0   0x0800e8b0   0x00000010   Code   RO         2528    i.__mathlib_flt_underflow  m_wv.l(funder.o)
    0x0800e8c0   0x0800e8c0   0x00000154   Code   RO         2536    i.__mathlib_rredf2  m_wv.l(rredf.o)
    0x0800ea14   0x0800ea14   0x0000000e   Code   RO         2607    i.__scatterload_copy  mc_w.l(handlers.o)
    0x0800ea22   0x0800ea22   0x00000002   Code   RO         2608    i.__scatterload_null  mc_w.l(handlers.o)
    0x0800ea24   0x0800ea24   0x0000000e   Code   RO         2609    i.__scatterload_zeroinit  mc_w.l(handlers.o)
    0x0800ea32   0x0800ea32   0x00000002   PAD
    0x0800ea34   0x0800ea34   0x0000000c   Code   RO         2575    i.__set_errno       mc_w.l(errno.o)
    0x0800ea40   0x0800ea40   0x00000184   Code   RO         2495    i._fp_digits        mc_w.l(printfa.o)
    0x0800ebc4   0x0800ebc4   0x000006dc   Code   RO         2496    i._printf_core      mc_w.l(printfa.o)
    0x0800f2a0   0x0800f2a0   0x00000024   Code   RO         2497    i._printf_post_padding  mc_w.l(printfa.o)
    0x0800f2c4   0x0800f2c4   0x0000002e   Code   RO         2498    i._printf_pre_padding  mc_w.l(printfa.o)
    0x0800f2f2   0x0800f2f2   0x0000000a   Code   RO         2500    i._sputc            mc_w.l(printfa.o)
    0x0800f2fc   0x0800f2fc   0x00000040   Data   RO         2221    .constdata          m_wv.l(log10f.o)
    0x0800f33c   0x0800f33c   0x00000140   Data   RO         2228    .constdata          m_wv.l(powf.o)
    0x0800f47c   0x0800f47c   0x00000020   Data   RO         2537    .constdata          m_wv.l(rredf.o)
    0x0800f49c   0x0800f49c   0x00000010   Data   RO         1781    .rodata..Lswitch.table.sweep_learn_run.25  sweep_learn.o
    0x0800f4ac   0x0800f4ac   0x00000010   Data   RO         1716    .rodata.D1CorePrescTable  system_stm32h7xx.o
    0x0800f4bc   0x0800f4bc   0x00000018   Data   RO         1660    .rodata.UARTPrescTable  stm32h7xx_hal_uart.o
    0x0800f4d4   0x0800f4d4   0x00000010   Data   RO         1701    .rodata.cst8        stm32h7xx_hal_uart_ex.o
    0x0800f4e4   0x0800f4e4   0x00000078   Data   RO         1853    .rodata.s_amp_comp_tbl  protocol.o
    0x0800f55c   0x0800f55c   0x00000048   Data   RO         1746    .rodata.str1.1      rlc_app.o
    0x0800f5a4   0x0800f5a4   0x000001db   Data   RO         1778    .rodata.str1.1      sweep_learn.o
    0x0800f77f   0x0800f77f   0x00000001   PAD
    0x0800f780   0x0800f780   0x00000020   Data   RO         2606    Region$$Table       anon$$obj.o


    Execution Region RW_IRAM1 (Exec base: 0x20000000, Load base: 0x0800f7a0, Size: 0x00000000, Max: 0x00020000, ABSOLUTE)

    **** No section assigned to this execution region ****


    Execution Region RW_IRAM2 (Exec base: 0x24000000, Load base: 0x0800f7a0, Size: 0x00013db0, Max: 0x00080000, ABSOLUTE, COMPRESSED[0x00000278])

    Exec Addr    Load Addr    Size         Type   Attr      Idx    E Section Name        Object

    0x24000000   COMPRESSED   0x00002000   Data   RW         1744    .AXI_SRAM           rlc_app.o
    0x24002000   COMPRESSED   0x0000ea70   Data   RW         1779    .AXI_SRAM           sweep_learn.o
    0x24010a70   COMPRESSED   0x00000010   PAD
    0x24010a80   COMPRESSED   0x00000800   Data   RW         1821    .AXI_SRAM           filter_runtime.o
    0x24011280   COMPRESSED   0x00000004   Data   RW         2576    .data               mc_w.l(errno.o)
    0x24011284   COMPRESSED   0x00000008   Data   RW          902    .data..L_MergedGlobals  stm32h7xx_hal.o
    0x2401128c   COMPRESSED   0x00000008   Data   RW         1717    .data..L_MergedGlobals  system_stm32h7xx.o
    0x24011294   COMPRESSED   0x00000044   Data   RW         1782    .data..L_MergedGlobals  sweep_learn.o
    0x240112d8   COMPRESSED   0x00000006   Data   RW         2014    .data..L_MergedGlobals  ad9910.o
    0x240112de   COMPRESSED   0x00000002   PAD
    0x240112e0        -       0x0000007c   Zero   RW           48    .bss..L_MergedGlobals  adc.o
    0x2401135c        -       0x00000002   Zero   RW         1747    .bss..L_MergedGlobals  rlc_app.o
    0x2401135e   COMPRESSED   0x00000002   PAD
    0x24011360        -       0x00000028   Zero   RW         1800    .bss..L_MergedGlobals  iir_filter.o
    0x24011388        -       0x00000003   Zero   RW         1822    .bss..L_MergedGlobals  filter_runtime.o
    0x2401138b   COMPRESSED   0x00000001   PAD
    0x2401138c        -       0x00000028   Zero   RW         1854    .bss..L_MergedGlobals  protocol.o
    0x240113b4        -       0x00000006   Zero   RW         2090    .bss..L_MergedGlobals  serial.o
    0x240113ba        -       0x0000000c   Zero   RW         2113    .bss..L_MergedGlobals  scheduler.o
    0x240113c6        -       0x00000002   Zero   RW         2015    .bss..L_MergedGlobals.1  ad9910.o
    0x240113c8        -       0x0000000c   Zero   RW         1783    .bss..L_MergedGlobals.26  sweep_learn.o
    0x240113d4        -       0x00000064   Zero   RW           45    .bss.hadc1          adc.o
    0x24011438        -       0x00000064   Zero   RW           46    .bss.hadc2          adc.o
    0x2401149c        -       0x00000014   Zero   RW           63    .bss.hdac1          dac.o
    0x240114b0        -       0x00000078   Zero   RW           47    .bss.hdma_adc2      adc.o
    0x24011528        -       0x00000078   Zero   RW           64    .bss.hdma_dac1_ch1  dac.o
    0x240115a0        -       0x00000078   Zero   RW          107    .bss.hdma_usart1_rx  usart.o
    0x24011618        -       0x00000078   Zero   RW          108    .bss.hdma_usart3_rx  usart.o
    0x24011690        -       0x0000004c   Zero   RW           88    .bss.htim6          tim.o
    0x240116dc        -       0x00000094   Zero   RW          105    .bss.huart1         usart.o
    0x24011770        -       0x00000094   Zero   RW          106    .bss.huart3         usart.o
    0x24011804        -       0x00000001   Zero   RW         1745    .bss.rlc_app_process_mode.previous_mode  rlc_app.o
    0x24011805   COMPRESSED   0x00000003   PAD
    0x24011808        -       0x000020a0   Zero   RW         1780    .bss.sweep_data     sweep_learn.o
    0x240138a8        -       0x00000080   Zero   RW         2088    .bss.uart1_rx_buf   serial.o
    0x24013928        -       0x00000080   Zero   RW         2089    .bss.uart3_rx_buf   serial.o
    0x240139a8        -       0x00000004   Zero   RW          901    .bss.uwTick         stm32h7xx_hal.o
    0x240139ac   COMPRESSED   0x00000004   PAD
    0x240139b0        -       0x00000400   Zero   RW            1    STACK               startup_stm32h743xx.o


    Execution Region RW_IRAM3 (Exec base: 0x30000000, Load base: 0x0800fa18, Size: 0x00000000, Max: 0x00004000, ABSOLUTE)

    **** No section assigned to this execution region ****


    Execution Region RW_IRAM4 (Exec base: 0x30004000, Load base: 0x0800fa18, Size: 0x00000000, Max: 0x00004000, ABSOLUTE)

    **** No section assigned to this execution region ****


    Execution Region RW_IRAM5 (Exec base: 0x38000000, Load base: 0x0800fa18, Size: 0x00000000, Max: 0x00004000, ABSOLUTE)

    **** No section assigned to this execution region ****


==============================================================================

Image component sizes


      Code (inc. data)   RO Data    RW Data    ZI Data      Debug   Object Name

       814          8          0          6          2       6639   ad9910.o
       772          0          0          0        444       7985   adc.o
       258          0          0          0        140       6330   dac.o
       116          0          0          0          0       5423   dma.o
      2330          0          0       2048          3      14832   filter_runtime.o
       334          0          0          0          0       3071   gpio.o
       978         32          0          0         40       3803   iir_filter.o
       640          0          0          0          0       7390   main.o
       548         92        120          0         40       3230   protocol.o
      1798        160         72       8192          3      14554   rlc_app.o
       244          0          0          0         12       1913   scheduler.o
       516          0          0          0        262      10794   serial.o
        44         12        664          0       1024        812   startup_stm32h743xx.o
       268          0          0          8          4      14975   stm32h7xx_hal.o
      3354         14          0          0          0      25766   stm32h7xx_hal_adc.o
       400          0          0          0          0      27709   stm32h7xx_hal_adc_ex.o
       356          0          0          0          0      12628   stm32h7xx_hal_cortex.o
       858          0          0          0          0       9163   stm32h7xx_hal_dac.o
        52          0          0          0          0       9717   stm32h7xx_hal_dac_ex.o
      8732         54          0          0          0      18278   stm32h7xx_hal_dma.o
       518          0          0          0          0       7315   stm32h7xx_hal_gpio.o
        32          0          0          0          0       2189   stm32h7xx_hal_msp.o
        76          0          0          0          0      10677   stm32h7xx_hal_pwr_ex.o
      2536         16          0          0          0      11750   stm32h7xx_hal_rcc.o
      5678        236          0          0          0      20688   stm32h7xx_hal_rcc_ex.o
       670          0          0          0          0      65386   stm32h7xx_hal_tim.o
       202          0          0          0          0      25488   stm32h7xx_hal_tim_ex.o
      6554        442         24          0          0      44927   stm32h7xx_hal_uart.o
       512          0         16          0          0      11658   stm32h7xx_hal_uart_ex.o
        92          0          0          0          0       5136   stm32h7xx_it.o
     11506        460        491      60084       8364      45252   sweep_learn.o
       282          0         16          8          0       6274   system_stm32h7xx.o
       130          0          0          0         76       6308   tim.o
       640          0          0          0        536      11956   usart.o

    ----------------------------------------------------------------------
     53396       1550       1436      70364      10960     480016   Object Totals
         0          0         32          0          0          0   (incl. Generated)
       556         24          1         18         10          0   (incl. Padding)

    ----------------------------------------------------------------------

      Code (inc. data)   RO Data    RW Data    ZI Data      Debug   Library Member Name

       684         90          0          0          0        208   atan2f.o
       336         56          0          0          0        136   cosf.o
       176          0          0          0          0        168   fmodf.o
        38          0          0          0          0        116   fpclassifyf.o
        80         24          0          0          0        696   funder.o
       384         52         64          0          0        140   log10f.o
      1636        110        320          0          0        372   powf.o
       340         24         32          0          0        160   rredf.o
       400         56          0          0          0        212   sinf.o
        58          0          0          0          0        136   sqrtf.o
        58          0          0          0          0          0   __dczerorl.o
         0          0          0          0          0          0   entry.o
         0          0          0          0          0          0   entry10a.o
         0          0          0          0          0          0   entry11a.o
         8          4          0          0          0          0   entry2.o
         4          0          0          0          0          0   entry5.o
         0          0          0          0          0          0   entry7b.o
         0          0          0          0          0          0   entry8b.o
         8          4          0          0          0          0   entry9a.o
        12          6          0          4          0         68   errno.o
        30          0          0          0          0          0   handlers.o
        36          8          0          0          0         68   init.o
         0          0          0          0          0          0   iusefp.o
        30          0          0          0          0         68   llshl.o
        36          0          0          0          0         68   llsshr.o
        32          0          0          0          0         68   llushr.o
        26          0          0          0          0         80   memcmp.o
        36          0          0          0          0        108   memseta.o
      2272         86          0          0          0        516   printfa.o
        14          0          0          0          0         68   strlen.o
        44          0          0          0          0         80   uidiv.o
        98          0          0          0          0         92   uldiv.o
        48          0          0          0          0         68   cdrcmple.o
       334          0          0          0          0        148   dadd.o
       222          0          0          0          0        100   ddiv.o
       186          0          0          0          0        176   depilogue.o
        48          0          0          0          0         68   dfixul.o
       228          0          0          0          0         96   dmul.o
       110          0          0          0          0        168   fepilogue.o
         4          0          0          0          0         68   fpstat.o
        82          0          0          0          0         96   frem.o

    ----------------------------------------------------------------------
      8144        520        416          4          0       4616   Library Totals
         6          0          0          0          0          0   (incl. Padding)

    ----------------------------------------------------------------------

      Code (inc. data)   RO Data    RW Data    ZI Data      Debug   Library Name

      4132        412        416          0          0       2344   m_wv.l
      2744        108          0          4          0       1284   mc_w.l
      1262          0          0          0          0        988   mf_w.l

    ----------------------------------------------------------------------
      8144        520        416          4          0       4616   Library Totals

    ----------------------------------------------------------------------

==============================================================================


      Code (inc. data)   RO Data    RW Data    ZI Data      Debug   

     61540       2070       1852      70368      10960     481732   Grand Totals
     61540       2070       1852        632      10960     481732   ELF Image Totals (compressed)
     61540       2070       1852        632          0          0   ROM Totals

==============================================================================

    Total RO  Size (Code + RO Data)                63392 (  61.91kB)
    Total RW  Size (RW Data + ZI Data)             81328 (  79.42kB)
    Total ROM Size (Code + RO Data + RW Data)      64024 (  62.52kB)

==============================================================================

