<html>
<body>
<pre>
<h1>µVision Build Log</h1>
<h2>Tool Versions:</h2>
IDE-Version: ¦ÌVision V5.36.0.0
Copyright (C) 2021 ARM Ltd and ARM Germany GmbH. All rights reserved.
License Information: l 473065664@qq.com, l, LIC=WHYH9-46HJH-PCZJ8-3X1WJ-I3FTB-RSMEB
 
Tool Versions:
Toolchain:       MDK-ARM Plus  Version: 5.36.0.0
Toolchain Path:  D:\Keil_v5\ARM\ARMCLANG\Bin
C Compiler:      ArmClang.exe V6.16
Assembler:       Armasm.exe V6.16
Linker/Locator:  ArmLink.exe V6.16
Library Manager: ArmAr.exe V6.16
Hex Converter:   FromElf.exe V6.16
CPU DLL:         SARMCM3.DLL V5.36.0.0
Dialog DLL:      DCM.DLL V1.17.3.0
Target DLL:      CMSIS_AGDI.dll V1.33.0.0
Dialog DLL:      TCM.DLL V1.53.0.0
 
<h2>Project:</h2>
D:\My_Git\2025-G-RE\2025-G\MDK-ARM\h743_hal.uvprojx
Project File Date:  07/24/2026

<h2>Output:</h2>
*** Using Compiler 'V6.16', folder: 'D:\Keil_v5\ARM\ARMCLANG\Bin'
Build target 'h743_hal'
../App/hmi/hmi_sweep.c(3): warning: In file included from...
../App/comm\serial.h(20): warning: In file included from...
../Drivers/STM32H7xx_HAL_Driver/Inc\stm32h7xx_hal.h(29): warning: In file included from...
../Core/Inc\stm32h7xx_hal_conf.h(246): warning: In file included from...
../Drivers/STM32H7xx_HAL_Driver/Inc\stm32h7xx_hal_rcc.h(27): warning: In file included from...
../Drivers/STM32H7xx_HAL_Driver/Inc/stm32h7xx_hal_def.h(29): warning: In file included from...
../Drivers/CMSIS/Device/ST/STM32H7xx/Include\stm32h7xx.h(122): warning: In file included from...
../Drivers/CMSIS/Device/ST/STM32H7xx/Include/stm32h743xx.h(220): warning: '__FPU_PRESENT' macro redefined [-Wmacro-redefined]
#define __FPU_PRESENT             1U       /*!< FPU present                                   */
        ^
<command line>(10): note: previous definition is here
#define __FPU_PRESENT 1
        ^
1 warning generated.
compiling hmi_sweep.c...
linking...
Program Size: Code=63348 RO-data=1680 RW-data=70368 ZI-data=11560  
FromELF: creating hex file...
"h743_hal\h743_hal.axf" - 0 Error(s), 1 Warning(s).

<h2>Software Packages used:</h2>

Package Vendor: ARM
                http://www.keil.com/pack/ARM.CMSIS.5.8.0.pack
                ARM.CMSIS.5.8.0
                CMSIS (Common Microcontroller Software Interface Standard)
   * Component: CORE Version: 5.5.0

Package Vendor: Keil
                https://www.keil.com/pack/Keil.STM32H7xx_DFP.4.1.3.pack
                Keil.STM32H7xx_DFP.4.1.3
                STMicroelectronics STM32H7 Series Device Support

<h2>Collection of Component include folders:</h2>
  .\RTE\_h743_hal
  D:\Keil_v5\ARM\PACK\ARM\CMSIS\5.8.0\CMSIS\Core\Include

<h2>Collection of Component Files used:</h2>

   * Component: ARM::CMSIS:CORE:5.5.0
      Include file:  CMSIS\Core\Include\tz_context.h
Build Time Elapsed:  00:00:01
</pre>
</body>
</html>
