Component: ARM Compiler 6.16 Tool: armlink [5dfeaa00]

==============================================================================

Section Cross References

    startup_stm32h743xx.o(RESET) refers to startup_stm32h743xx.o(STACK) for __initial_sp
    startup_stm32h743xx.o(RESET) refers to startup_stm32h743xx.o(.text) for Reset_Handler
    startup_stm32h743xx.o(RESET) refers to stm32h7xx_it.o(.text.NMI_Handler) for NMI_Handler
    startup_stm32h743xx.o(RESET) refers to stm32h7xx_it.o(.text.HardFault_Handler) for HardFault_Handler
    startup_stm32h743xx.o(RESET) refers to stm32h7xx_it.o(.text.MemManage_Handler) for MemManage_Handler
    startup_stm32h743xx.o(RESET) refers to stm32h7xx_it.o(.text.BusFault_Handler) for BusFault_Handler
    startup_stm32h743xx.o(RESET) refers to stm32h7xx_it.o(.text.UsageFault_Handler) for UsageFault_Handler
    startup_stm32h743xx.o(RESET) refers to stm32h7xx_it.o(.text.SVC_Handler) for SVC_Handler
    startup_stm32h743xx.o(RESET) refers to stm32h7xx_it.o(.text.DebugMon_Handler) for DebugMon_Handler
    startup_stm32h743xx.o(RESET) refers to stm32h7xx_it.o(.text.PendSV_Handler) for PendSV_Handler
    startup_stm32h743xx.o(RESET) refers to stm32h7xx_it.o(.text.SysTick_Handler) for SysTick_Handler
    startup_stm32h743xx.o(RESET) refers to stm32h7xx_it.o(.text.DMA1_Stream0_IRQHandler) for DMA1_Stream0_IRQHandler
    startup_stm32h743xx.o(RESET) refers to stm32h7xx_it.o(.text.DMA1_Stream1_IRQHandler) for DMA1_Stream1_IRQHandler
    startup_stm32h743xx.o(RESET) refers to stm32h7xx_it.o(.text.DMA1_Stream2_IRQHandler) for DMA1_Stream2_IRQHandler
    startup_stm32h743xx.o(RESET) refers to stm32h7xx_it.o(.text.DMA1_Stream3_IRQHandler) for DMA1_Stream3_IRQHandler
    startup_stm32h743xx.o(RESET) refers to stm32h7xx_it.o(.text.DMA1_Stream4_IRQHandler) for DMA1_Stream4_IRQHandler
    startup_stm32h743xx.o(RESET) refers to stm32h7xx_it.o(.text.USART3_IRQHandler) for USART3_IRQHandler
    startup_stm32h743xx.o(.text) refers to system_stm32h7xx.o(.text.ExitRun0Mode) for ExitRun0Mode
    startup_stm32h743xx.o(.text) refers to system_stm32h7xx.o(.text.SystemInit) for SystemInit
    startup_stm32h743xx.o(.text) refers to entry.o(.ARM.Collect$$$$00000000) for __main
    main.o(.text.HAL_ADC_ConvHalfCpltCallback) refers to protocol.o(.bss..L_MergedGlobals) for g_sys_mode
    main.o(.text.HAL_ADC_ConvHalfCpltCallback) refers to main.o(.AXI_SRAM) for adc_buffer
    main.o(.text.HAL_ADC_ConvHalfCpltCallback) refers to iir_filter.o(.text.iir_filter_is_ready) for iir_filter_is_ready
    main.o(.text.HAL_ADC_ConvHalfCpltCallback) refers to iir_filter.o(.text.iir_filter_process_block) for iir_filter_process_block
    main.o(.ARM.exidx.text.HAL_ADC_ConvHalfCpltCallback) refers to main.o(.text.HAL_ADC_ConvHalfCpltCallback) for [Anonymous Symbol]
    main.o(.text.HAL_ADC_ConvCpltCallback) refers to sweep_learn.o(.text.sweep_learn_is_sweeping) for sweep_learn_is_sweeping
    main.o(.text.HAL_ADC_ConvCpltCallback) refers to protocol.o(.bss..L_MergedGlobals) for g_sys_mode
    main.o(.text.HAL_ADC_ConvCpltCallback) refers to main.o(.AXI_SRAM) for adc_buffer
    main.o(.text.HAL_ADC_ConvCpltCallback) refers to iir_filter.o(.text.iir_filter_is_ready) for iir_filter_is_ready
    main.o(.text.HAL_ADC_ConvCpltCallback) refers to iir_filter.o(.text.iir_filter_process_block) for iir_filter_process_block
    main.o(.text.HAL_ADC_ConvCpltCallback) refers to sweep_learn.o(.text.sweep_learn_notify_adc_done) for sweep_learn_notify_adc_done
    main.o(.text.HAL_ADC_ConvCpltCallback) refers to main.o(.bss..L_MergedGlobals) for .L_MergedGlobals
    main.o(.ARM.exidx.text.HAL_ADC_ConvCpltCallback) refers to main.o(.text.HAL_ADC_ConvCpltCallback) for [Anonymous Symbol]
    main.o(.ARM.exidx.text.HAL_DAC_ConvHalfCpltCallbackCh1) refers to main.o(.text.HAL_DAC_ConvHalfCpltCallbackCh1) for [Anonymous Symbol]
    main.o(.ARM.exidx.text.HAL_DAC_ConvCpltCallbackCh1) refers to main.o(.text.HAL_DAC_ConvCpltCallbackCh1) for [Anonymous Symbol]
    main.o(.text.main) refers to stm32h7xx_hal_cortex.o(.text.HAL_MPU_Disable) for HAL_MPU_Disable
    main.o(.text.main) refers to stm32h7xx_hal_cortex.o(.text.HAL_MPU_ConfigRegion) for HAL_MPU_ConfigRegion
    main.o(.text.main) refers to stm32h7xx_hal_cortex.o(.text.HAL_MPU_Enable) for HAL_MPU_Enable
    main.o(.text.main) refers to stm32h7xx_hal.o(.text.HAL_Init) for HAL_Init
    main.o(.text.main) refers to main.o(.text.SystemClock_Config) for SystemClock_Config
    main.o(.text.main) refers to memseta.o(.text) for __aeabi_memclr8
    main.o(.text.main) refers to stm32h7xx_hal_rcc_ex.o(.text.HAL_RCCEx_PeriphCLKConfig) for HAL_RCCEx_PeriphCLKConfig
    main.o(.text.main) refers to gpio.o(.text.MX_GPIO_Init) for MX_GPIO_Init
    main.o(.text.main) refers to dma.o(.text.MX_DMA_Init) for MX_DMA_Init
    main.o(.text.main) refers to adc.o(.text.MX_ADC1_Init) for MX_ADC1_Init
    main.o(.text.main) refers to usart.o(.text.MX_USART3_UART_Init) for MX_USART3_UART_Init
[...]
    [Anonymous Symbol]                       0x08008280   Section        0  system_stm32h7xx.o(.text.SystemInit)
    [Anonymous Symbol]                       0x08008370   Section        0  stm32h7xx_hal_tim.o(.text.TIM_Base_SetConfig)
    [Anonymous Symbol]                       0x080084d0   Section        0  main.o(.text.Task_100ms)
    [Anonymous Symbol]                       0x080084d8   Section        0  main.o(.text.Task_10ms)
    [Anonymous Symbol]                       0x08008608   Section        0  main.o(.text.Task_1min)
    [Anonymous Symbol]                       0x08008610   Section        0  scheduler.o(.text.Task_1ms)
    [Anonymous Symbol]                       0x08008618   Section        0  main.o(.text.Task_1sec)
    [Anonymous Symbol]                       0x08008620   Section        0  ad9910.o(.text.Txfrc)
    [Anonymous Symbol]                       0x080086a8   Section        0  serial.o(.text.UART3_Printf)
    [Anonymous Symbol]                       0x080086e8   Section        0  stm32h7xx_hal_uart.o(.text.UART_AdvFeatureConfig)
    [Anonymous Symbol]                       0x080087c8   Section        0  stm32h7xx_hal_uart.o(.text.UART_CheckIdleState)
    UART_DMAAbortOnError                     0x08008941   Thumb Code     6  stm32h7xx_hal_uart.o(.text.UART_DMAAbortOnError)
    [Anonymous Symbol]                       0x08008940   Section        0  stm32h7xx_hal_uart.o(.text.UART_DMAAbortOnError)
    UART_DMAError                            0x08008949   Thumb Code   516  stm32h7xx_hal_uart.o(.text.UART_DMAError)
    [Anonymous Symbol]                       0x08008948   Section        0  stm32h7xx_hal_uart.o(.text.UART_DMAError)
    UART_DMAReceiveCplt                      0x08008b51   Thumb Code   412  stm32h7xx_hal_uart.o(.text.UART_DMAReceiveCplt)
    [Anonymous Symbol]                       0x08008b50   Section        0  stm32h7xx_hal_uart.o(.text.UART_DMAReceiveCplt)
    UART_DMARxHalfCplt                       0x08008cf1   Thumb Code    56  stm32h7xx_hal_uart.o(.text.UART_DMARxHalfCplt)
    [Anonymous Symbol]                       0x08008cf0   Section        0  stm32h7xx_hal_uart.o(.text.UART_DMARxHalfCplt)
    [Anonymous Symbol]                       0x08008d28   Section        0  stm32h7xx_hal_uart.o(.text.UART_SetConfig)
    [Anonymous Symbol]                       0x08009308   Section        0  stm32h7xx_hal_uart.o(.text.UART_Start_Receive_DMA)
    [Anonymous Symbol]                       0x08009468   Section        0  stm32h7xx_hal_uart.o(.text.UART_WaitOnFlagUntilTimeout)
    [Anonymous Symbol]                       0x080097d0   Section        0  stm32h7xx_it.o(.text.USART3_IRQHandler)
    [Anonymous Symbol]                       0x080097e0   Section        0  stm32h7xx_it.o(.text.UsageFault_Handler)
    [Anonymous Symbol]                       0x080097e8   Section        0  protocol.o(.text.VppToAmp)
    [Anonymous Symbol]                       0x08009838   Section        0  iir_filter.o(.text.iir_filter_init)
    [Anonymous Symbol]                       0x08009858   Section        0  iir_filter.o(.text.iir_filter_is_ready)
    [Anonymous Symbol]                       0x08009868   Section        0  iir_filter.o(.text.iir_filter_process_block)
    [Anonymous Symbol]                       0x08009be8   Section        0  main.o(.text.main)
    [Anonymous Symbol]                       0x08009dd8   Section        0  sweep_learn.o(.text.sweep_learn_get_coeffs)
    [Anonymous Symbol]                       0x08009de8   Section        0  sweep_learn.o(.text.sweep_learn_get_fit_result)
    [Anonymous Symbol]                       0x08009df8   Section        0  sweep_learn.o(.text.sweep_learn_is_sweeping)
    [Anonymous Symbol]                       0x08009e08   Section        0  sweep_learn.o(.text.sweep_learn_model_name)
    [Anonymous Symbol]                       0x08009e28   Section        0  sweep_learn.o(.text.sweep_learn_notify_adc_done)
    [Anonymous Symbol]                       0x08009e38   Section        0  sweep_learn.o(.text.sweep_learn_sim_bandpass)
    [Anonymous Symbol]                       0x08009ef8   Section        0  ad9910.o(.text.txd_8bit)
    i.__0vsprintf                            0x0800a008   Section        0  printfa.o(i.__0vsprintf)
    i.__scatterload_copy                     0x0800a02c   Section       14  handlers.o(i.__scatterload_copy)
    i.__scatterload_null                     0x0800a03a   Section        2  handlers.o(i.__scatterload_null)
    i.__scatterload_zeroinit                 0x0800a03c   Section       14  handlers.o(i.__scatterload_zeroinit)
    _fp_digits                               0x0800a04d   Thumb Code   366  printfa.o(i._fp_digits)
    i._fp_digits                             0x0800a04c   Section        0  printfa.o(i._fp_digits)
    _printf_core                             0x0800a1d1   Thumb Code  1744  printfa.o(i._printf_core)
    i._printf_core                           0x0800a1d0   Section        0  printfa.o(i._printf_core)
    _printf_post_padding                     0x0800a8ad   Thumb Code    36  printfa.o(i._printf_post_padding)
    i._printf_post_padding                   0x0800a8ac   Section        0  printfa.o(i._printf_post_padding)
    _printf_pre_padding                      0x0800a8d1   Thumb Code    46  printfa.o(i._printf_pre_padding)
    i._printf_pre_padding                    0x0800a8d0   Section        0  printfa.o(i._printf_pre_padding)
    _sputc                                   0x0800a8ff   Thumb Code    10  printfa.o(i._sputc)
    i._sputc                                 0x0800a8fe   Section        0  printfa.o(i._sputc)
    .Lswitch.table.sweep_learn_run.15        0x0800a908   Data          16  sweep_learn.o(.rodata..Lswitch.table.sweep_learn_run.15)
    UARTEx_SetNbDataToProcess.numerator      0x0800a940   Data           8  stm32h7xx_hal_uart_ex.o(.rodata.cst8)
    [Anonymous Symbol]                       0x0800a940   Section        0  stm32h7xx_hal_uart_ex.o(.rodata.cst8)
    UARTEx_SetNbDataToProcess.denominator    0x0800a948   Data           8  stm32h7xx_hal_uart_ex.o(.rodata.cst8)
    s_amp_comp_tbl                           0x0800a950   Data         120  protocol.o(.rodata.s_amp_comp_tbl)
    [Anonymous Symbol]                       0x0800a950   Section        0  protocol.o(.rodata.s_amp_comp_tbl)
    .L.str.3                                 0x0800a9c8   Data          18  main.o(.rodata.str1.1)
    [Anonymous Symbol]                       0x0800a9c8   Section        0  main.o(.rodata.str1.1)
    .L.str.2                                 0x0800a9da   Data          17  main.o(.rodata.str1.1)
    [Anonymous Symbol]                       0x0800a9eb   Section        0  sweep_learn.o(.rodata.str1.1)
    .L.str.3                                 0x0800a9f4   Data           9  sweep_learn.o(.rodata.str1.1)
    .L.str.8                                 0x0800aa0e   Data          25  sweep_learn.o(.rodata.str1.1)
    .L.str.9                                 0x0800aa27   Data          53  sweep_learn.o(.rodata.str1.1)
    .L.str.10                                0x0800aa5c   Data          18  sweep_learn.o(.rodata.str1.1)
    .L.str.11                                0x0800aa6e   Data          35  sweep_learn.o(.rodata.str1.1)
    .L.str.13                                0x0800aa91   Data          22  sweep_learn.o(.rodata.str1.1)
    .L.str.14                                0x0800aaa7   Data          52  sweep_learn.o(.rodata.str1.1)
    adc_1_buffer                             0x24000000   Data        4096  main.o(.AXI_SRAM)
    [Anonymous Symbol]                       0x24000000   Section        0  main.o(.AXI_SRAM)
    adc_2_buffer                             0x24001000   Data        4096  main.o(.AXI_SRAM)
    adc_buffer                               0x24002000   Data         512  main.o(.AXI_SRAM)
    dac_buffer                               0x24002200   Data         512  main.o(.AXI_SRAM)
    .L_MergedGlobals                         0x24002400   Data           8  stm32h7xx_hal.o(.data..L_MergedGlobals)
    [Anonymous Symbol]                       0x24002400   Section        0  stm32h7xx_hal.o(.data..L_MergedGlobals)
    .L_MergedGlobals                         0x24002408   Data           8  system_stm32h7xx.o(.data..L_MergedGlobals)
    [Anonymous Symbol]                       0x24002408   Section        0  system_stm32h7xx.o(.data..L_MergedGlobals)
    .L_MergedGlobals                         0x24002410   Data           6  ad9910.o(.data..L_MergedGlobals)
    profile11.0                              0x24002410   Data           1  ad9910.o(.data..L_MergedGlobals)
    [Anonymous Symbol]                       0x24002410   Section        0  ad9910.o(.data..L_MergedGlobals)
    profile11.1                              0x24002411   Data           1  ad9910.o(.data..L_MergedGlobals)
    profile11.4                              0x24002412   Data           1  ad9910.o(.data..L_MergedGlobals)
    profile11.5                              0x24002413   Data           1  ad9910.o(.data..L_MergedGlobals)
    profile11.6                              0x24002414   Data           1  ad9910.o(.data..L_MergedGlobals)
    profile11.7                              0x24002415   Data           1  ad9910.o(.data..L_MergedGlobals)
    .L_MergedGlobals                         0x24002418   Data           2  main.o(.bss..L_MergedGlobals)
    [Anonymous Symbol]                       0x24002418   Section        0  main.o(.bss..L_MergedGlobals)
    .L_MergedGlobals                         0x2400241c   Data         124  adc.o(.bss..L_MergedGlobals)
    HAL_RCC_ADC12_CLK_ENABLED                0x2400241c   Data           4  adc.o(.bss..L_MergedGlobals)
    [Anonymous Symbol]                       0x2400241c   Section        0  adc.o(.bss..L_MergedGlobals)
    .L_MergedGlobals                         0x24002498   Data          76  sweep_learn.o(.bss..L_MergedGlobals)
    sweep_adc_done                           0x24002498   Data           1  sweep_learn.o(.bss..L_MergedGlobals)
    [Anonymous Symbol]                       0x24002498   Section        0  sweep_learn.o(.bss..L_MergedGlobals)
    s_sweeping                               0x24002499   Data           1  sweep_learn.o(.bss..L_MergedGlobals)
    sweep_count                              0x2400249c   Data           4  sweep_learn.o(.bss..L_MergedGlobals)
    iir_coeffs                               0x240024a0   Data          24  sweep_learn.o(.bss..L_MergedGlobals)
    fit_result                               0x240024b8   Data          44  sweep_learn.o(.bss..L_MergedGlobals)
    .L_MergedGlobals                         0x240024e4   Data          40  iir_filter.o(.bss..L_MergedGlobals)
    ready                                    0x240024e4   Data           1  iir_filter.o(.bss..L_MergedGlobals)
    [Anonymous Symbol]                       0x240024e4   Section        0  iir_filter.o(.bss..L_MergedGlobals)
    b0                                       0x240024e8   Data           4  iir_filter.o(.bss..L_MergedGlobals)
    b1                                       0x240024ec   Data           4  iir_filter.o(.bss..L_MergedGlobals)
    b2                                       0x240024f0   Data           4  iir_filter.o(.bss..L_MergedGlobals)
    a1                                       0x240024f4   Data           4  iir_filter.o(.bss..L_MergedGlobals)
    a2                                       0x240024f8   Data           4  iir_filter.o(.bss..L_MergedGlobals)
    x1                                       0x240024fc   Data           4  iir_filter.o(.bss..L_MergedGlobals)
    x2                                       0x24002500   Data           4  iir_filter.o(.bss..L_MergedGlobals)
    y1                                       0x24002504   Data           4  iir_filter.o(.bss..L_MergedGlobals)
    y2                                       0x24002508   Data           4  iir_filter.o(.bss..L_MergedGlobals)
    .L_MergedGlobals                         0x2400250c   Data          40  protocol.o(.bss..L_MergedGlobals)
    [Anonymous Symbol]                       0x2400250c   Section        0  protocol.o(.bss..L_MergedGlobals)
    s_fsm                                    0x2400250d   Data           1  protocol.o(.bss..L_MergedGlobals)
    s_cmd_idx                                0x2400250e   Data           1  protocol.o(.bss..L_MergedGlobals)
    s_payload_idx                            0x2400250f   Data           1  protocol.o(.bss..L_MergedGlobals)
    s_payload                                0x2400251c   Data           8  protocol.o(.bss..L_MergedGlobals)
    s_cmd_buf                                0x24002524   Data          16  protocol.o(.bss..L_MergedGlobals)
    .L_MergedGlobals                         0x24002534   Data           6  serial.o(.bss..L_MergedGlobals)
    [Anonymous Symbol]                       0x24002534   Section        0  serial.o(.bss..L_MergedGlobals)
    .L_MergedGlobals                         0x2400253a   Data          12  scheduler.o(.bss..L_MergedGlobals)
    s_last_tick                              0x2400253a   Data           2  scheduler.o(.bss..L_MergedGlobals)
    [Anonymous Symbol]                       0x2400253a   Section        0  scheduler.o(.bss..L_MergedGlobals)
    .L_MergedGlobals.1                       0x24002546   Data           2  ad9910.o(.bss..L_MergedGlobals.1)
    profile11.2                              0x24002546   Data           1  ad9910.o(.bss..L_MergedGlobals.1)
    [Anonymous Symbol]                       0x24002546   Section        0  ad9910.o(.bss..L_MergedGlobals.1)
    profile11.3                              0x24002547   Data           1  ad9910.o(.bss..L_MergedGlobals.1)
    APP_Proc.prev_mode                       0x24002548   Data           1  main.o(.bss.APP_Proc.prev_mode)
    [Anonymous Symbol]                       0x24002548   Section        0  main.o(.bss.APP_Proc.prev_mode)
    STACK                                    0x24002a80   Section     1024  startup_stm32h743xx.o(STACK)

    Global Symbols

    Symbol Name                              Value     Ov Type        Size  Object(Section)

    BuildAttributes$$THM_ISAv4$E$P$D$K$B$S$7EM$VFPv5_D16$PE$PLD8$A:L22UL41UL21$X:L11$S22US41US21$IEEE1$IW$~IW$USESV6$~STKCKD$USESV7$~SHL$OTIME$ROPI$IEEEX$EBA8$MICROLIB$REQ8$PRES8$EABIv2 0x00000000   Number         0  anon$$obj.o ABSOLUTE
    __cpp_initialize__aeabi_                  - Undefined Weak Reference
    __cxa_finalize                            - Undefined Weak Reference
    _clock_init                               - Undefined Weak Reference
    _microlib_exit                            - Undefined Weak Reference
    __Vectors_Size                           0x00000298   Number         0  startup_stm32h743xx.o ABSOLUTE
    __Vectors                                0x08000000   Data           4  startup_stm32h743xx.o(RESET)
    __Vectors_End                            0x08000298   Data           0  startup_stm32h743xx.o(RESET)
    __main                                   0x08000299   Thumb Code     0  entry.o(.ARM.Collect$$$$00000000)
    _main_stk                                0x08000299   Thumb Code     0  entry2.o(.ARM.Collect$$$$00000001)
    _main_scatterload                        0x0800029d   Thumb Code     0  entry5.o(.ARM.Collect$$$$00000004)
    __main_after_scatterload                 0x080002a1   Thumb Code     0  entry5.o(.ARM.Collect$$$$00000004)
    _main_clock                              0x080002a1   Thumb Code     0  entry7b.o(.ARM.Collect$$$$00000008)
    _main_cpp_init                           0x080002a1   Thumb Code     0  entry8b.o(.ARM.Collect$$$$0000000A)
    _main_init                               0x080002a1   Thumb Code     0  entry9a.o(.ARM.Collect$$$$0000000B)
    __rt_final_cpp                           0x080002a9   Thumb Code     0  entry10a.o(.ARM.Collect$$$$0000000D)
    __rt_final_exit                          0x080002a9   Thumb Code     0  entry11a.o(.ARM.Collect$$$$0000000F)
    Reset_Handler                            0x080002ad   Thumb Code    12  startup_stm32h743xx.o(.text)
    ADC3_IRQHandler                          0x080002cb   Thumb Code     0  startup_stm32h743xx.o(.text)
    ADC_IRQHandler                           0x080002cb   Thumb Code     0  startup_stm32h743xx.o(.text)
    BDMA_Channel0_IRQHandler                 0x080002cb   Thumb Code     0  startup_stm32h743xx.o(.text)
    BDMA_Channel1_IRQHandler                 0x080002cb   Thumb Code     0  startup_stm32h743xx.o(.text)
    BDMA_Channel2_IRQHandler                 0x080002cb   Thumb Code     0  startup_stm32h743xx.o(.text)
    BDMA_Channel3_IRQHandler                 0x080002cb   Thumb Code     0  startup_stm32h743xx.o(.text)
    BDMA_Channel4_IRQHandler                 0x080002cb   Thumb Code     0  startup_stm32h743xx.o(.text)
    BDMA_Channel5_IRQHandler                 0x080002cb   Thumb Code     0  startup_stm32h743xx.o(.text)
    BDMA_Channel6_IRQHandler                 0x080002cb   Thumb Code     0  startup_stm32h743xx.o(.text)
    BDMA_Channel7_IRQHandler                 0x080002cb   Thumb Code     0  startup_stm32h743xx.o(.text)
    CEC_IRQHandler                           0x080002cb   Thumb Code     0  startup_stm32h743xx.o(.text)
    COMP1_IRQHandler                         0x080002cb   Thumb Code     0  startup_stm32h743xx.o(.text)
    CRS_IRQHandler                           0x080002cb   Thumb Code     0  startup_stm32h743xx.o(.text)
    DCMI_IRQHandler                          0x080002cb   Thumb Code     0  startup_stm32h743xx.o(.text)
    DFSDM1_FLT0_IRQHandler                   0x080002cb   Thumb Code     0  startup_stm32h743xx.o(.text)
    DFSDM1_FLT1_IRQHandler                   0x080002cb   Thumb Code     0  startup_stm32h743xx.o(.text)
    DFSDM1_FLT2_IRQHandler                   0x080002cb   Thumb Code     0  startup_stm32h743xx.o(.text)
    DFSDM1_FLT3_IRQHandler                   0x080002cb   Thumb Code     0  startup_stm32h743xx.o(.text)
    DMA1_Stream5_IRQHandler                  0x080002cb   Thumb Code     0  startup_stm32h743xx.o(.text)
    DMA1_Stream6_IRQHandler                  0x080002cb   Thumb Code     0  startup_stm32h743xx.o(.text)
    DMA1_Stream7_IRQHandler                  0x080002cb   Thumb Code     0  startup_stm32h743xx.o(.text)
    DMA2D_IRQHandler                         0x080002cb   Thumb Code     0  startup_stm32h743xx.o(.text)
    DMA2_Stream0_IRQHandler                  0x080002cb   Thumb Code     0  startup_stm32h743xx.o(.text)
    DMA2_Stream1_IRQHandler                  0x080002cb   Thumb Code     0  startup_stm32h743xx.o(.text)
    DMA2_Stream2_IRQHandler                  0x080002cb   Thumb Code     0  startup_stm32h743xx.o(.text)
    DMA2_Stream3_IRQHandler                  0x080002cb   Thumb Code     0  startup_stm32h743xx.o(.text)
    DMA2_Stream4_IRQHandler                  0x080002cb   Thumb Code     0  startup_stm32h743xx.o(.text)
    DMA2_Stream5_IRQHandler                  0x080002cb   Thumb Code     0  startup_stm32h743xx.o(.text)
    DMA2_Stream6_IRQHandler                  0x080002cb   Thumb Code     0  startup_stm32h743xx.o(.text)
    DMA2_Stream7_IRQHandler                  0x080002cb   Thumb Code     0  startup_stm32h743xx.o(.text)
    DMAMUX1_OVR_IRQHandler                   0x080002cb   Thumb Code     0  startup_stm32h743xx.o(.text)
    DMAMUX2_OVR_IRQHandler                   0x080002cb   Thumb Code     0  startup_stm32h743xx.o(.text)
    ECC_IRQHandler                           0x080002cb   Thumb Code     0  startup_stm32h743xx.o(.text)
    ETH_IRQHandler                           0x080002cb   Thumb Code     0  startup_stm32h743xx.o(.text)
    ETH_WKUP_IRQHandler                      0x080002cb   Thumb Code     0  startup_stm32h743xx.o(.text)
    EXTI0_IRQHandler                         0x080002cb   Thumb Code     0  startup_stm32h743xx.o(.text)
    EXTI15_10_IRQHandler                     0x080002cb   Thumb Code     0  startup_stm32h743xx.o(.text)
    EXTI1_IRQHandler                         0x080002cb   Thumb Code     0  startup_stm32h743xx.o(.text)
    EXTI2_IRQHandler                         0x080002cb   Thumb Code     0  startup_stm32h743xx.o(.text)
    EXTI3_IRQHandler                         0x080002cb   Thumb Code     0  startup_stm32h743xx.o(.text)
    EXTI4_IRQHandler                         0x080002cb   Thumb Code     0  startup_stm32h743xx.o(.text)
    EXTI9_5_IRQHandler                       0x080002cb   Thumb Code     0  startup_stm32h743xx.o(.text)
    FDCAN1_IT0_IRQHandler                    0x080002cb   Thumb Code     0  startup_stm32h743xx.o(.text)
    FDCAN1_IT1_IRQHandler                    0x080002cb   Thumb Code     0  startup_stm32h743xx.o(.text)
    FDCAN2_IT0_IRQHandler                    0x080002cb   Thumb Code     0  startup_stm32h743xx.o(.text)
    FDCAN2_IT1_IRQHandler                    0x080002cb   Thumb Code     0  startup_stm32h743xx.o(.text)
    FDCAN_CAL_IRQHandler                     0x080002cb   Thumb Code     0  startup_stm32h743xx.o(.text)
    FLASH_IRQHandler                         0x080002cb   Thumb Code     0  startup_stm32h743xx.o(.text)
    FMC_IRQHandler                           0x080002cb   Thumb Code     0  startup_stm32h743xx.o(.text)
    FPU_IRQHandler                           0x080002cb   Thumb Code     0  startup_stm32h743xx.o(.text)
    HRTIM1_FLT_IRQHandler                    0x080002cb   Thumb Code     0  startup_stm32h743xx.o(.text)
    HRTIM1_Master_IRQHandler                 0x080002cb   Thumb Code     0  startup_stm32h743xx.o(.text)
    HRTIM1_TIMA_IRQHandler                   0x080002cb   Thumb Code     0  startup_stm32h743xx.o(.text)
    HRTIM1_TIMB_IRQHandler                   0x080002cb   Thumb Code     0  startup_stm32h743xx.o(.text)
    HRTIM1_TIMC_IRQHandler                   0x080002cb   Thumb Code     0  startup_stm32h743xx.o(.text)
    HRTIM1_TIMD_IRQHandler                   0x080002cb   Thumb Code     0  startup_stm32h743xx.o(.text)
    HRTIM1_TIME_IRQHandler                   0x080002cb   Thumb Code     0  startup_stm32h743xx.o(.text)
    HSEM1_IRQHandler                         0x080002cb   Thumb Code     0  startup_stm32h743xx.o(.text)
    I2C1_ER_IRQHandler                       0x080002cb   Thumb Code     0  startup_stm32h743xx.o(.text)
    I2C1_EV_IRQHandler                       0x080002cb   Thumb Code     0  startup_stm32h743xx.o(.text)
    I2C2_ER_IRQHandler                       0x080002cb   Thumb Code     0  startup_stm32h743xx.o(.text)
    I2C2_EV_IRQHandler                       0x080002cb   Thumb Code     0  startup_stm32h743xx.o(.text)
    I2C3_ER_IRQHandler                       0x080002cb   Thumb Code     0  startup_stm32h743xx.o(.text)
    I2C3_EV_IRQHandler                       0x080002cb   Thumb Code     0  startup_stm32h743xx.o(.text)
    I2C4_ER_IRQHandler                       0x080002cb   Thumb Code     0  startup_stm32h743xx.o(.text)
    I2C4_EV_IRQHandler                       0x080002cb   Thumb Code     0  startup_stm32h743xx.o(.text)
    JPEG_IRQHandler                          0x080002cb   Thumb Code     0  startup_stm32h743xx.o(.text)
    LPTIM1_IRQHandler                        0x080002cb   Thumb Code     0  startup_stm32h743xx.o(.text)
    LPTIM2_IRQHandler                        0x080002cb   Thumb Code     0  startup_stm32h743xx.o(.text)
    LPTIM3_IRQHandler                        0x080002cb   Thumb Code     0  startup_stm32h743xx.o(.text)
    LPTIM4_IRQHandler                        0x080002cb   Thumb Code     0  startup_stm32h743xx.o(.text)
    LPTIM5_IRQHandler                        0x080002cb   Thumb Code     0  startup_stm32h743xx.o(.text)
    LPUART1_IRQHandler                       0x080002cb   Thumb Code     0  startup_stm32h743xx.o(.text)
    LTDC_ER_IRQHandler                       0x080002cb   Thumb Code     0  startup_stm32h743xx.o(.text)
    LTDC_IRQHandler                          0x080002cb   Thumb Code     0  startup_stm32h743xx.o(.text)
    MDIOS_IRQHandler                         0x080002cb   Thumb Code     0  startup_stm32h743xx.o(.text)
    MDIOS_WKUP_IRQHandler                    0x080002cb   Thumb Code     0  startup_stm32h743xx.o(.text)
    MDMA_IRQHandler                          0x080002cb   Thumb Code     0  startup_stm32h743xx.o(.text)
    OTG_FS_EP1_IN_IRQHandler                 0x080002cb   Thumb Code     0  startup_stm32h743xx.o(.text)
    OTG_FS_EP1_OUT_IRQHandler                0x080002cb   Thumb Code     0  startup_stm32h743xx.o(.text)
    OTG_FS_IRQHandler                        0x080002cb   Thumb Code     0  startup_stm32h743xx.o(.text)
    OTG_FS_WKUP_IRQHandler                   0x080002cb   Thumb Code     0  startup_stm32h743xx.o(.text)
    OTG_HS_EP1_IN_IRQHandler                 0x080002cb   Thumb Code     0  startup_stm32h743xx.o(.text)
    OTG_HS_EP1_OUT_IRQHandler                0x080002cb   Thumb Code     0  startup_stm32h743xx.o(.text)
    OTG_HS_IRQHandler                        0x080002cb   Thumb Code     0  startup_stm32h743xx.o(.text)
    OTG_HS_WKUP_IRQHandler                   0x080002cb   Thumb Code     0  startup_stm32h743xx.o(.text)
    PVD_AVD_IRQHandler                       0x080002cb   Thumb Code     0  startup_stm32h743xx.o(.text)
    QUADSPI_IRQHandler                       0x080002cb   Thumb Code     0  startup_stm32h743xx.o(.text)
    RCC_IRQHandler                           0x080002cb   Thumb Code     0  startup_stm32h743xx.o(.text)
    RNG_IRQHandler                           0x080002cb   Thumb Code     0  startup_stm32h743xx.o(.text)
    RTC_Alarm_IRQHandler                     0x080002cb   Thumb Code     0  startup_stm32h743xx.o(.text)
    RTC_WKUP_IRQHandler                      0x080002cb   Thumb Code     0  startup_stm32h743xx.o(.text)
    SAI1_IRQHandler                          0x080002cb   Thumb Code     0  startup_stm32h743xx.o(.text)
    SAI2_IRQHandler                          0x080002cb   Thumb Code     0  startup_stm32h743xx.o(.text)
    SAI3_IRQHandler                          0x080002cb   Thumb Code     0  startup_stm32h743xx.o(.text)
    SAI4_IRQHandler                          0x080002cb   Thumb Code     0  startup_stm32h743xx.o(.text)
    SDMMC1_IRQHandler                        0x080002cb   Thumb Code     0  startup_stm32h743xx.o(.text)
    SDMMC2_IRQHandler                        0x080002cb   Thumb Code     0  startup_stm32h743xx.o(.text)
    SPDIF_RX_IRQHandler                      0x080002cb   Thumb Code     0  startup_stm32h743xx.o(.text)
    SPI1_IRQHandler                          0x080002cb   Thumb Code     0  startup_stm32h743xx.o(.text)
    SPI2_IRQHandler                          0x080002cb   Thumb Code     0  startup_stm32h743xx.o(.text)
    SPI3_IRQHandler                          0x080002cb   Thumb Code     0  startup_stm32h743xx.o(.text)
    SPI4_IRQHandler                          0x080002cb   Thumb Code     0  startup_stm32h743xx.o(.text)
    SPI5_IRQHandler                          0x080002cb   Thumb Code     0  startup_stm32h743xx.o(.text)
    SPI6_IRQHandler                          0x080002cb   Thumb Code     0  startup_stm32h743xx.o(.text)
    SWPMI1_IRQHandler                        0x080002cb   Thumb Code     0  startup_stm32h743xx.o(.text)
    TAMP_STAMP_IRQHandler                    0x080002cb   Thumb Code     0  startup_stm32h743xx.o(.text)
    TIM15_IRQHandler                         0x080002cb   Thumb Code     0  startup_stm32h743xx.o(.text)
    TIM16_IRQHandler                         0x080002cb   Thumb Code     0  startup_stm32h743xx.o(.text)
    TIM17_IRQHandler                         0x080002cb   Thumb Code     0  startup_stm32h743xx.o(.text)
    TIM1_BRK_IRQHandler                      0x080002cb   Thumb Code     0  startup_stm32h743xx.o(.text)
    TIM1_CC_IRQHandler                       0x080002cb   Thumb Code     0  startup_stm32h743xx.o(.text)
    TIM1_TRG_COM_IRQHandler                  0x080002cb   Thumb Code     0  startup_stm32h743xx.o(.text)
    TIM1_UP_IRQHandler                       0x080002cb   Thumb Code     0  startup_stm32h743xx.o(.text)
    TIM2_IRQHandler                          0x080002cb   Thumb Code     0  startup_stm32h743xx.o(.text)
    TIM3_IRQHandler                          0x080002cb   Thumb Code     0  startup_stm32h743xx.o(.text)
    TIM4_IRQHandler                          0x080002cb   Thumb Code     0  startup_stm32h743xx.o(.text)
    TIM5_IRQHandler                          0x080002cb   Thumb Code     0  startup_stm32h743xx.o(.text)
    TIM6_DAC_IRQHandler                      0x080002cb   Thumb Code     0  startup_stm32h743xx.o(.text)
    TIM7_IRQHandler                          0x080002cb   Thumb Code     0  startup_stm32h743xx.o(.text)
    TIM8_BRK_TIM12_IRQHandler                0x080002cb   Thumb Code     0  startup_stm32h743xx.o(.text)
    TIM8_CC_IRQHandler                       0x080002cb   Thumb Code     0  startup_stm32h743xx.o(.text)
    TIM8_TRG_COM_TIM14_IRQHandler            0x080002cb   Thumb Code     0  startup_stm32h743xx.o(.text)
    TIM8_UP_TIM13_IRQHandler                 0x080002cb   Thumb Code     0  startup_stm32h743xx.o(.text)
    UART4_IRQHandler                         0x080002cb   Thumb Code     0  startup_stm32h743xx.o(.text)
    UART5_IRQHandler                         0x080002cb   Thumb Code     0  startup_stm32h743xx.o(.text)
    UART7_IRQHandler                         0x080002cb   Thumb Code     0  startup_stm32h743xx.o(.text)
    UART8_IRQHandler                         0x080002cb   Thumb Code     0  startup_stm32h743xx.o(.text)
    USART1_IRQHandler                        0x080002cb   Thumb Code     0  startup_stm32h743xx.o(.text)
    USART2_IRQHandler                        0x080002cb   Thumb Code     0  startup_stm32h743xx.o(.text)
    USART6_IRQHandler                        0x080002cb   Thumb Code     0  startup_stm32h743xx.o(.text)
    WAKEUP_PIN_IRQHandler                    0x080002cb   Thumb Code     0  startup_stm32h743xx.o(.text)
    WWDG_IRQHandler                          0x080002cb   Thumb Code     0  startup_stm32h743xx.o(.text)
    __aeabi_uldivmod                         0x080002d9   Thumb Code    98  uldiv.o(.text)
    __aeabi_memset                           0x0800033b   Thumb Code    14  memseta.o(.text)
    __aeabi_memset4                          0x0800033b   Thumb Code     0  memseta.o(.text)
    __aeabi_memset8                          0x0800033b   Thumb Code     0  memseta.o(.text)
    __aeabi_memclr                           0x08000349   Thumb Code     4  memseta.o(.text)
    __aeabi_memclr4                          0x08000349   Thumb Code     0  memseta.o(.text)
    __aeabi_memclr8                          0x08000349   Thumb Code     0  memseta.o(.text)
    _memset$wrapper                          0x0800034d   Thumb Code    18  memseta.o(.text)
    strlen                                   0x0800035f   Thumb Code    14  strlen.o(.text)
    memcmp                                   0x0800036d   Thumb Code    26  memcmp.o(.text)
    __aeabi_uidiv                            0x08000387   Thumb Code     0  uidiv.o(.text)
    __aeabi_uidivmod                         0x08000387   Thumb Code    44  uidiv.o(.text)
    __aeabi_llsl                             0x080003b3   Thumb Code    30  llshl.o(.text)
    _ll_shift_l                              0x080003b3   Thumb Code     0  llshl.o(.text)
    __aeabi_llsr                             0x080003d1   Thumb Code    32  llushr.o(.text)
    _ll_ushift_r                             0x080003d1   Thumb Code     0  llushr.o(.text)
    __I$use$fp                               0x080003f1   Thumb Code     0  iusefp.o(.text)
    __aeabi_dadd                             0x080003f1   Thumb Code   322  dadd.o(.text)
    __aeabi_dsub                             0x08000533   Thumb Code     6  dadd.o(.text)
    __aeabi_drsub                            0x08000539   Thumb Code     6  dadd.o(.text)
    __aeabi_dmul                             0x0800053f   Thumb Code   228  dmul.o(.text)
    __aeabi_ddiv                             0x08000623   Thumb Code   222  ddiv.o(.text)
    __aeabi_d2ulz                            0x08000701   Thumb Code    48  dfixul.o(.text)
    __aeabi_cdrcmple                         0x08000731   Thumb Code    48  cdrcmple.o(.text)
    __scatterload                            0x08000761   Thumb Code    28  init.o(.text)
    __scatterload_rt2                        0x08000761   Thumb Code     0  init.o(.text)
    __aeabi_lasr                             0x08000785   Thumb Code    36  llsshr.o(.text)
    _ll_sshift_r                             0x08000785   Thumb Code     0  llsshr.o(.text)
    _double_round                            0x080007a9   Thumb Code    30  depilogue.o(.text)
    _double_epilogue                         0x080007c7   Thumb Code   156  depilogue.o(.text)
    __decompress                             0x08000863   Thumb Code     0  __dczerorl.o(.text)
    __decompress0                            0x08000863   Thumb Code    58  __dczerorl.o(.text)
    AD9910_AmpWrite                          0x080008a1   Thumb Code    20  ad9910.o(.text.AD9910_AmpWrite)
    AD9910_FreWrite                          0x080008b9   Thumb Code    48  ad9910.o(.text.AD9910_FreWrite)
    ADC_ConfigureBoostMode                   0x080008e9   Thumb Code   300  stm32h7xx_hal_adc.o(.text.ADC_ConfigureBoostMode)
    ADC_ConversionStop                       0x08000a19   Thumb Code   240  stm32h7xx_hal_adc.o(.text.ADC_ConversionStop)
    ADC_DMAConvCplt                          0x08000b09   Thumb Code   122  stm32h7xx_hal_adc.o(.text.ADC_DMAConvCplt)
    ADC_DMAError                             0x08000b89   Thumb Code    22  stm32h7xx_hal_adc.o(.text.ADC_DMAError)
    ADC_DMAHalfConvCplt                      0x08000ba1   Thumb Code     6  stm32h7xx_hal_adc.o(.text.ADC_DMAHalfConvCplt)
    ADC_Disable                              0x08000ba9   Thumb Code   124  stm32h7xx_hal_adc.o(.text.ADC_Disable)
    ADC_Enable                               0x08000c29   Thumb Code   186  stm32h7xx_hal_adc.o(.text.ADC_Enable)
    APP_Proc                                 0x08000ce9   Thumb Code   708  main.o(.text.APP_Proc)
    AmpComp_GetK                             0x08000fb1   Thumb Code   116  protocol.o(.text.AmpComp_GetK)
    BusFault_Handler                         0x08001029   Thumb Code     2  stm32h7xx_it.o(.text.BusFault_Handler)
    DAC_DMAConvCpltCh1                       0x08001031   Thumb Code    16  stm32h7xx_hal_dac.o(.text.DAC_DMAConvCpltCh1)
    DAC_DMAConvCpltCh2                       0x08001041   Thumb Code    16  stm32h7xx_hal_dac_ex.o(.text.DAC_DMAConvCpltCh2)
    DAC_DMAErrorCh1                          0x08001051   Thumb Code    24  stm32h7xx_hal_dac.o(.text.DAC_DMAErrorCh1)
    DAC_DMAErrorCh2                          0x08001069   Thumb Code    24  stm32h7xx_hal_dac_ex.o(.text.DAC_DMAErrorCh2)
    DAC_DMAHalfConvCpltCh1                   0x08001081   Thumb Code     6  stm32h7xx_hal_dac.o(.text.DAC_DMAHalfConvCpltCh1)
    DAC_DMAHalfConvCpltCh2                   0x08001089   Thumb Code     6  stm32h7xx_hal_dac_ex.o(.text.DAC_DMAHalfConvCpltCh2)
    DMA1_Stream0_IRQHandler                  0x08001091   Thumb Code    12  stm32h7xx_it.o(.text.DMA1_Stream0_IRQHandler)
    DMA1_Stream1_IRQHandler                  0x080010a1   Thumb Code    12  stm32h7xx_it.o(.text.DMA1_Stream1_IRQHandler)
    DMA1_Stream2_IRQHandler                  0x080010b1   Thumb Code    12  stm32h7xx_it.o(.text.DMA1_Stream2_IRQHandler)
    DMA1_Stream3_IRQHandler                  0x080010c1   Thumb Code    12  stm32h7xx_it.o(.text.DMA1_Stream3_IRQHandler)
    DMA1_Stream4_IRQHandler                  0x080010d1   Thumb Code    12  stm32h7xx_it.o(.text.DMA1_Stream4_IRQHandler)
    DebugMon_Handler                         0x08001529   Thumb Code     2  stm32h7xx_it.o(.text.DebugMon_Handler)
    Error_Handler                            0x08001531   Thumb Code     6  main.o(.text.Error_Handler)
    ExitRun0Mode                             0x08001539   Thumb Code    44  system_stm32h7xx.o(.text.ExitRun0Mode)
    HAL_ADCEx_MultiModeConfigChannel         0x08001569   Thumb Code   184  stm32h7xx_hal_adc_ex.o(.text.HAL_ADCEx_MultiModeConfigChannel)
    HAL_ADC_ConfigChannel                    0x08001621   Thumb Code  1272  stm32h7xx_hal_adc.o(.text.HAL_ADC_ConfigChannel)
    HAL_ADC_ConvCpltCallback                 0x08001b19   Thumb Code   546  main.o(.text.HAL_ADC_ConvCpltCallback)
    HAL_ADC_ConvHalfCpltCallback             0x08001d41   Thumb Code   450  main.o(.text.HAL_ADC_ConvHalfCpltCallback)
    HAL_ADC_ErrorCallback                    0x08001f09   Thumb Code     2  stm32h7xx_hal_adc.o(.text.HAL_ADC_ErrorCallback)
    HAL_ADC_Init                             0x08001f11   Thumb Code   634  stm32h7xx_hal_adc.o(.text.HAL_ADC_Init)
    HAL_ADC_MspInit                          0x08002191   Thumb Code   442  adc.o(.text.HAL_ADC_MspInit)
    HAL_ADC_Start_DMA                        0x08002351   Thumb Code   290  stm32h7xx_hal_adc.o(.text.HAL_ADC_Start_DMA)
    HAL_ADC_Stop_DMA                         0x08002479   Thumb Code   154  stm32h7xx_hal_adc.o(.text.HAL_ADC_Stop_DMA)
    HAL_DACEx_ConvCpltCallbackCh2            0x08002519   Thumb Code     2  stm32h7xx_hal_dac_ex.o(.text.HAL_DACEx_ConvCpltCallbackCh2)
    HAL_DACEx_ConvHalfCpltCallbackCh2        0x08002521   Thumb Code     2  stm32h7xx_hal_dac_ex.o(.text.HAL_DACEx_ConvHalfCpltCallbackCh2)
    HAL_DACEx_ErrorCallbackCh2               0x08002529   Thumb Code     2  stm32h7xx_hal_dac_ex.o(.text.HAL_DACEx_ErrorCallbackCh2)
    HAL_DAC_ConfigChannel                    0x08002531   Thumb Code   362  stm32h7xx_hal_dac.o(.text.HAL_DAC_ConfigChannel)
    HAL_DAC_ConvCpltCallbackCh1              0x080026a1   Thumb Code     2  main.o(.text.HAL_DAC_ConvCpltCallbackCh1)
    HAL_DAC_ConvHalfCpltCallbackCh1          0x080026a9   Thumb Code     2  main.o(.text.HAL_DAC_ConvHalfCpltCallbackCh1)
    HAL_DAC_ErrorCallbackCh1                 0x080026b1   Thumb Code     2  stm32h7xx_hal_dac.o(.text.HAL_DAC_ErrorCallbackCh1)
    HAL_DAC_Init                             0x080026b9   Thumb Code    40  stm32h7xx_hal_dac.o(.text.HAL_DAC_Init)
    HAL_DAC_MspInit                          0x080026e1   Thumb Code   172  dac.o(.text.HAL_DAC_MspInit)
    HAL_DAC_Start_DMA                        0x08002791   Thumb Code   262  stm32h7xx_hal_dac.o(.text.HAL_DAC_Start_DMA)
    HAL_DAC_Stop_DMA                         0x08002899   Thumb Code    84  stm32h7xx_hal_dac.o(.text.HAL_DAC_Stop_DMA)
    HAL_DMA_Abort                            0x080028f1   Thumb Code  1334  stm32h7xx_hal_dma.o(.text.HAL_DMA_Abort)
    HAL_DMA_Abort_IT                         0x08002e29   Thumb Code   698  stm32h7xx_hal_dma.o(.text.HAL_DMA_Abort_IT)
    HAL_DMA_IRQHandler                       0x080030e9   Thumb Code  2112  stm32h7xx_hal_dma.o(.text.HAL_DMA_IRQHandler)
    HAL_DMA_Init                             0x08003929   Thumb Code  1668  stm32h7xx_hal_dma.o(.text.HAL_DMA_Init)
    HAL_DMA_Start_IT                         0x08003fb1   Thumb Code   934  stm32h7xx_hal_dma.o(.text.HAL_DMA_Start_IT)
    HAL_Delay                                0x08004359   Thumb Code    40  stm32h7xx_hal.o(.text.HAL_Delay)
    HAL_GPIO_Init                            0x08004381   Thumb Code   498  stm32h7xx_hal_gpio.o(.text.HAL_GPIO_Init)
    HAL_GPIO_ReadPin                         0x08004579   Thumb Code    10  stm32h7xx_hal_gpio.o(.text.HAL_GPIO_ReadPin)
    HAL_GPIO_WritePin                        0x08004589   Thumb Code    10  stm32h7xx_hal_gpio.o(.text.HAL_GPIO_WritePin)
    HAL_GetREVID                             0x08004599   Thumb Code    14  stm32h7xx_hal.o(.text.HAL_GetREVID)
    HAL_GetTick                              0x080045a9   Thumb Code    12  stm32h7xx_hal.o(.text.HAL_GetTick)
    HAL_IncTick                              0x080045b9   Thumb Code    26  stm32h7xx_hal.o(.text.HAL_IncTick)
    HAL_Init                                 0x080045d9   Thumb Code   100  stm32h7xx_hal.o(.text.HAL_Init)
    HAL_InitTick                             0x08004641   Thumb Code    76  stm32h7xx_hal.o(.text.HAL_InitTick)
    HAL_MPU_ConfigRegion                     0x08004691   Thumb Code    94  stm32h7xx_hal_cortex.o(.text.HAL_MPU_ConfigRegion)
    HAL_MPU_Disable                          0x080046f1   Thumb Code    26  stm32h7xx_hal_cortex.o(.text.HAL_MPU_Disable)
    HAL_MPU_Enable                           0x08004711   Thumb Code    32  stm32h7xx_hal_cortex.o(.text.HAL_MPU_Enable)
    HAL_MspInit                              0x08004731   Thumb Code    32  stm32h7xx_hal_msp.o(.text.HAL_MspInit)
    HAL_NVIC_EnableIRQ                       0x08004751   Thumb Code    32  stm32h7xx_hal_cortex.o(.text.HAL_NVIC_EnableIRQ)
    HAL_NVIC_SetPriority                     0x08004771   Thumb Code    94  stm32h7xx_hal_cortex.o(.text.HAL_NVIC_SetPriority)
    HAL_NVIC_SetPriorityGrouping             0x080047d1   Thumb Code    32  stm32h7xx_hal_cortex.o(.text.HAL_NVIC_SetPriorityGrouping)
    HAL_PWREx_ConfigSupply                   0x080047f1   Thumb Code    76  stm32h7xx_hal_pwr_ex.o(.text.HAL_PWREx_ConfigSupply)
    HAL_RCCEx_GetD3PCLK1Freq                 0x08004841   Thumb Code    38  stm32h7xx_hal_rcc_ex.o(.text.HAL_RCCEx_GetD3PCLK1Freq)
    HAL_RCCEx_GetPLL1ClockFreq               0x08004869   Thumb Code   304  stm32h7xx_hal_rcc_ex.o(.text.HAL_RCCEx_GetPLL1ClockFreq)
    HAL_RCCEx_GetPLL2ClockFreq               0x08004999   Thumb Code   300  stm32h7xx_hal_rcc_ex.o(.text.HAL_RCCEx_GetPLL2ClockFreq)
    HAL_RCCEx_GetPLL3ClockFreq               0x08004ac9   Thumb Code   300  stm32h7xx_hal_rcc_ex.o(.text.HAL_RCCEx_GetPLL3ClockFreq)
    HAL_RCCEx_GetPeriphCLKFreq               0x08004bf9   Thumb Code  1276  stm32h7xx_hal_rcc_ex.o(.text.HAL_RCCEx_GetPeriphCLKFreq)
    HAL_RCCEx_PeriphCLKConfig                0x080050f9   Thumb Code  2880  stm32h7xx_hal_rcc_ex.o(.text.HAL_RCCEx_PeriphCLKConfig)
    HAL_RCC_ClockConfig                      0x08005c39   Thumb Code   616  stm32h7xx_hal_rcc.o(.text.HAL_RCC_ClockConfig)
    HAL_RCC_GetHCLKFreq                      0x08005ea1   Thumb Code    76  stm32h7xx_hal_rcc.o(.text.HAL_RCC_GetHCLKFreq)
    HAL_RCC_GetPCLK1Freq                     0x08005ef1   Thumb Code    96  stm32h7xx_hal_rcc.o(.text.HAL_RCC_GetPCLK1Freq)
    HAL_RCC_GetPCLK2Freq                     0x08005f51   Thumb Code    96  stm32h7xx_hal_rcc.o(.text.HAL_RCC_GetPCLK2Freq)
    HAL_RCC_GetSysClockFreq                  0x08005fb1   Thumb Code   276  stm32h7xx_hal_rcc.o(.text.HAL_RCC_GetSysClockFreq)
    HAL_RCC_OscConfig                        0x080060c9   Thumb Code  1376  stm32h7xx_hal_rcc.o(.text.HAL_RCC_OscConfig)
    HAL_SYSTICK_Config                       0x08006629   Thumb Code    46  stm32h7xx_hal_cortex.o(.text.HAL_SYSTICK_Config)
    HAL_TIMEx_MasterConfigSynchronization    0x08006659   Thumb Code   202  stm32h7xx_hal_tim_ex.o(.text.HAL_TIMEx_MasterConfigSynchronization)
    HAL_TIM_Base_Init                        0x08006729   Thumb Code    96  stm32h7xx_hal_tim.o(.text.HAL_TIM_Base_Init)
    HAL_TIM_Base_MspInit                     0x08006789   Thumb Code    50  tim.o(.text.HAL_TIM_Base_MspInit)
    HAL_TIM_Base_Start                       0x080067c1   Thumb Code   172  stm32h7xx_hal_tim.o(.text.HAL_TIM_Base_Start)
    HAL_TIM_Base_Stop                        0x08006871   Thumb Code    56  stm32h7xx_hal_tim.o(.text.HAL_TIM_Base_Stop)
    HAL_UARTEx_DisableFifoMode               0x080068a9   Thumb Code    54  stm32h7xx_hal_uart_ex.o(.text.HAL_UARTEx_DisableFifoMode)
    HAL_UARTEx_ReceiveToIdle_DMA             0x080068e1   Thumb Code   164  stm32h7xx_hal_uart_ex.o(.text.HAL_UARTEx_ReceiveToIdle_DMA)
    HAL_UARTEx_RxEventCallback               0x08006989   Thumb Code    72  serial.o(.text.HAL_UARTEx_RxEventCallback)
    HAL_UARTEx_RxFifoFullCallback            0x080069d1   Thumb Code     2  stm32h7xx_hal_uart_ex.o(.text.HAL_UARTEx_RxFifoFullCallback)
    HAL_UARTEx_SetRxFifoThreshold            0x080069d9   Thumb Code   144  stm32h7xx_hal_uart_ex.o(.text.HAL_UARTEx_SetRxFifoThreshold)
    HAL_UARTEx_SetTxFifoThreshold            0x08006a69   Thumb Code   144  stm32h7xx_hal_uart_ex.o(.text.HAL_UARTEx_SetTxFifoThreshold)
    HAL_UARTEx_TxFifoEmptyCallback           0x08006af9   Thumb Code     2  stm32h7xx_hal_uart_ex.o(.text.HAL_UARTEx_TxFifoEmptyCallback)
    HAL_UARTEx_WakeupCallback                0x08006b01   Thumb Code     2  stm32h7xx_hal_uart_ex.o(.text.HAL_UARTEx_WakeupCallback)
    HAL_UART_ErrorCallback                   0x08006b09   Thumb Code     2  stm32h7xx_hal_uart.o(.text.HAL_UART_ErrorCallback)
    HAL_UART_IRQHandler                      0x08006b11   Thumb Code  1680  stm32h7xx_hal_uart.o(.text.HAL_UART_IRQHandler)
    HAL_UART_Init                            0x080071a1   Thumb Code   104  stm32h7xx_hal_uart.o(.text.HAL_UART_Init)
    HAL_UART_MspInit                         0x08007209   Thumb Code   392  usart.o(.text.HAL_UART_MspInit)
    HAL_UART_RxCpltCallback                  0x08007391   Thumb Code     2  stm32h7xx_hal_uart.o(.text.HAL_UART_RxCpltCallback)
    HAL_UART_RxHalfCpltCallback              0x08007399   Thumb Code     2  stm32h7xx_hal_uart.o(.text.HAL_UART_RxHalfCpltCallback)
    HAL_UART_Transmit                        0x080073a1   Thumb Code   460  stm32h7xx_hal_uart.o(.text.HAL_UART_Transmit)
    HAL_UART_TxCpltCallback                  0x08007571   Thumb Code     2  stm32h7xx_hal_uart.o(.text.HAL_UART_TxCpltCallback)
    HardFault_Handler                        0x08007579   Thumb Code     2  stm32h7xx_it.o(.text.HardFault_Handler)
    Init_AD9910                              0x08007581   Thumb Code   344  ad9910.o(.text.Init_AD9910)
    MX_ADC1_Init                             0x080076d9   Thumb Code   178  adc.o(.text.MX_ADC1_Init)
    MX_ADC2_Init                             0x08007791   Thumb Code   148  adc.o(.text.MX_ADC2_Init)
    MX_DAC1_Init                             0x08007829   Thumb Code    84  dac.o(.text.MX_DAC1_Init)
    MX_DMA_Init                              0x08007881   Thumb Code   116  dma.o(.text.MX_DMA_Init)
    MX_GPIO_Init                             0x080078f9   Thumb Code   334  gpio.o(.text.MX_GPIO_Init)
    MX_TIM6_Init                             0x08007a49   Thumb Code    80  tim.o(.text.MX_TIM6_Init)
    MX_USART1_UART_Init                      0x08007a99   Thumb Code   124  usart.o(.text.MX_USART1_UART_Init)
    MX_USART3_UART_Init                      0x08007b19   Thumb Code   124  usart.o(.text.MX_USART3_UART_Init)
    MemManage_Handler                        0x08007b99   Thumb Code     2  stm32h7xx_it.o(.text.MemManage_Handler)
    NMI_Handler                              0x08007ba1   Thumb Code     2  stm32h7xx_it.o(.text.NMI_Handler)
    PendSV_Handler                           0x08007ba9   Thumb Code     2  stm32h7xx_it.o(.text.PendSV_Handler)
    Protocol_ParseByte                       0x08007bb1   Thumb Code   296  protocol.o(.text.Protocol_ParseByte)
    SVC_Handler                              0x08007f61   Thumb Code     2  stm32h7xx_it.o(.text.SVC_Handler)
    Scheduler_Init                           0x08007f69   Thumb Code    30  scheduler.o(.text.Scheduler_Init)
    Scheduler_Run                            0x08007f89   Thumb Code   212  scheduler.o(.text.Scheduler_Run)
    Serial_RxInit                            0x08008061   Thumb Code   320  serial.o(.text.Serial_RxInit)
    SysTick_Handler                          0x080081a1   Thumb Code     4  stm32h7xx_it.o(.text.SysTick_Handler)
    SystemClock_Config                       0x080081a9   Thumb Code   216  main.o(.text.SystemClock_Config)
    SystemInit                               0x08008281   Thumb Code   238  system_stm32h7xx.o(.text.SystemInit)
    TIM_Base_SetConfig                       0x08008371   Thumb Code   346  stm32h7xx_hal_tim.o(.text.TIM_Base_SetConfig)
    Task_100ms                               0x080084d1   Thumb Code     2  main.o(.text.Task_100ms)
    Task_10ms                                0x080084d9   Thumb Code   300  main.o(.text.Task_10ms)
    Task_1min                                0x08008609   Thumb Code     2  main.o(.text.Task_1min)
    Task_1ms                                 0x08008611   Thumb Code     2  scheduler.o(.text.Task_1ms)
    Task_1sec                                0x08008619   Thumb Code     2  main.o(.text.Task_1sec)
    Txfrc                                    0x08008621   Thumb Code   132  ad9910.o(.text.Txfrc)
    UART3_Printf                             0x080086a9   Thumb Code    62  serial.o(.text.UART3_Printf)
    UART_AdvFeatureConfig                    0x080086e9   Thumb Code   224  stm32h7xx_hal_uart.o(.text.UART_AdvFeatureConfig)
    UART_CheckIdleState                      0x080087c9   Thumb Code   374  stm32h7xx_hal_uart.o(.text.UART_CheckIdleState)
    UART_SetConfig                           0x08008d29   Thumb Code  1500  stm32h7xx_hal_uart.o(.text.UART_SetConfig)
    UART_Start_Receive_DMA                   0x08009309   Thumb Code   346  stm32h7xx_hal_uart.o(.text.UART_Start_Receive_DMA)
    UART_WaitOnFlagUntilTimeout              0x08009469   Thumb Code   868  stm32h7xx_hal_uart.o(.text.UART_WaitOnFlagUntilTimeout)
    USART3_IRQHandler                        0x080097d1   Thumb Code    12  stm32h7xx_it.o(.text.USART3_IRQHandler)
    UsageFault_Handler                       0x080097e1   Thumb Code     2  stm32h7xx_it.o(.text.UsageFault_Handler)
    VppToAmp                                 0x080097e9   Thumb Code    80  protocol.o(.text.VppToAmp)
    iir_filter_init                          0x08009839   Thumb Code    30  iir_filter.o(.text.iir_filter_init)
    iir_filter_is_ready                      0x08009859   Thumb Code    12  iir_filter.o(.text.iir_filter_is_ready)
    iir_filter_process_block                 0x08009869   Thumb Code   896  iir_filter.o(.text.iir_filter_process_block)
    main                                     0x08009be9   Thumb Code   494  main.o(.text.main)
    sweep_learn_get_coeffs                   0x08009dd9   Thumb Code    12  sweep_learn.o(.text.sweep_learn_get_coeffs)
    sweep_learn_get_fit_result               0x08009de9   Thumb Code    12  sweep_learn.o(.text.sweep_learn_get_fit_result)
    sweep_learn_is_sweeping                  0x08009df9   Thumb Code    12  sweep_learn.o(.text.sweep_learn_is_sweeping)
    sweep_learn_model_name                   0x08009e09   Thumb Code    30  sweep_learn.o(.text.sweep_learn_model_name)
    sweep_learn_notify_adc_done              0x08009e29   Thumb Code    14  sweep_learn.o(.text.sweep_learn_notify_adc_done)
    sweep_learn_sim_bandpass                 0x08009e39   Thumb Code   192  sweep_learn.o(.text.sweep_learn_sim_bandpass)
    txd_8bit                                 0x08009ef9   Thumb Code   270  ad9910.o(.text.txd_8bit)
    __0vsprintf                              0x0800a009   Thumb Code    30  printfa.o(i.__0vsprintf)
    __1vsprintf                              0x0800a009   Thumb Code     0  printfa.o(i.__0vsprintf)
    __2vsprintf                              0x0800a009   Thumb Code     0  printfa.o(i.__0vsprintf)
    __c89vsprintf                            0x0800a009   Thumb Code     0  printfa.o(i.__0vsprintf)
    vsprintf                                 0x0800a009   Thumb Code     0  printfa.o(i.__0vsprintf)
    __scatterload_copy                       0x0800a02d   Thumb Code    14  handlers.o(i.__scatterload_copy)
    __scatterload_null                       0x0800a03b   Thumb Code     2  handlers.o(i.__scatterload_null)
    __scatterload_zeroinit                   0x0800a03d   Thumb Code    14  handlers.o(i.__scatterload_zeroinit)
    D1CorePrescTable                         0x0800a918   Data          16  system_stm32h7xx.o(.rodata.D1CorePrescTable)
    UARTPrescTable                           0x0800a928   Data          24  stm32h7xx_hal_uart.o(.rodata.UARTPrescTable)
    Region$$Table$$Base                      0x0800aa10   Number         0  anon$$obj.o(Region$$Table)
    Region$$Table$$Limit                     0x0800aa30   Number         0  anon$$obj.o(Region$$Table)
    uwTickFreq                               0x24002400   Data           1  stm32h7xx_hal.o(.data..L_MergedGlobals)
    uwTickPrio                               0x24002404   Data           4  stm32h7xx_hal.o(.data..L_MergedGlobals)
    SystemCoreClock                          0x24002408   Data           4  system_stm32h7xx.o(.data..L_MergedGlobals)
    SystemD2Clock                            0x2400240c   Data           4  system_stm32h7xx.o(.data..L_MergedGlobals)
    adc1_flag                                0x24002418   Data           1  main.o(.bss..L_MergedGlobals)
    adc2_flag                                0x24002419   Data           1  main.o(.bss..L_MergedGlobals)
    hdma_adc1                                0x24002420   Data         120  adc.o(.bss..L_MergedGlobals)
    g_sys_mode                               0x2400250c   Data           1  protocol.o(.bss..L_MergedGlobals)
    s_data_ready                             0x24002510   Data           1  protocol.o(.bss..L_MergedGlobals)
    s_last_vpp_raw                           0x24002514   Data           4  protocol.o(.bss..L_MergedGlobals)
    s_last_freq_raw                          0x24002518   Data           4  protocol.o(.bss..L_MergedGlobals)
    uart1_rx_flag                            0x24002534   Data           1  serial.o(.bss..L_MergedGlobals)
    uart3_rx_flag                            0x24002535   Data           1  serial.o(.bss..L_MergedGlobals)
    uart1_rx_len                             0x24002536   Data           2  serial.o(.bss..L_MergedGlobals)
    uart3_rx_len                             0x24002538   Data           2  serial.o(.bss..L_MergedGlobals)
    g_sched                                  0x2400253c   Data          10  scheduler.o(.bss..L_MergedGlobals)
    hadc1                                    0x2400254c   Data         100  adc.o(.bss.hadc1)
    hadc2                                    0x240025b0   Data         100  adc.o(.bss.hadc2)
    hdac1                                    0x24002614   Data          20  dac.o(.bss.hdac1)
    hdma_adc2                                0x24002628   Data         120  adc.o(.bss.hdma_adc2)
    hdma_dac1_ch1                            0x240026a0   Data         120  dac.o(.bss.hdma_dac1_ch1)
    hdma_usart1_rx                           0x24002718   Data         120  usart.o(.bss.hdma_usart1_rx)
    hdma_usart3_rx                           0x24002790   Data         120  usart.o(.bss.hdma_usart3_rx)
    htim6                                    0x24002808   Data          76  tim.o(.bss.htim6)
    huart1                                   0x24002854   Data         148  usart.o(.bss.huart1)
    huart3                                   0x240028e8   Data         148  usart.o(.bss.huart3)
    uart1_rx_buf                             0x2400297c   Data         128  serial.o(.bss.uart1_rx_buf)
    uart3_rx_buf                             0x240029fc   Data         128  serial.o(.bss.uart3_rx_buf)
    uwTick                                   0x24002a7c   Data           4  stm32h7xx_hal.o(.bss.uwTick)
    __initial_sp                             0x24002e80   Data           0  startup_stm32h743xx.o(STACK)



==============================================================================

Memory Map of the image

  Image Entry point : 0x08000299

  Load Region LR_IROM1 (Base: 0x08000000, Size: 0x0000ce48, Max: 0x00100000, ABSOLUTE, COMPRESSED[0x0000aa90])

    Execution Region ER_IROM1 (Exec base: 0x08000000, Load base: 0x08000000, Size: 0x0000aa30, Max: 0x00100000, ABSOLUTE)

    Exec Addr    Load Addr    Size         Type   Attr      Idx    E Section Name        Object

    0x08000000   0x08000000   0x00000298   Data   RO            3    RESET               startup_stm32h743xx.o
    0x08000298   0x08000298   0x00000000   Code   RO         2182  * .ARM.Collect$$$$00000000  mc_w.l(entry.o)
    0x08000298   0x08000298   0x00000004   Code   RO         2244    .ARM.Collect$$$$00000001  mc_w.l(entry2.o)
    0x0800029c   0x0800029c   0x00000004   Code   RO         2247    .ARM.Collect$$$$00000004  mc_w.l(entry5.o)
    0x080002a0   0x080002a0   0x00000000   Code   RO         2249    .ARM.Collect$$$$00000008  mc_w.l(entry7b.o)
    0x080002a0   0x080002a0   0x00000000   Code   RO         2251    .ARM.Collect$$$$0000000A  mc_w.l(entry8b.o)
    0x080002a0   0x080002a0   0x00000008   Code   RO         2252    .ARM.Collect$$$$0000000B  mc_w.l(entry9a.o)
    0x080002a8   0x080002a8   0x00000000   Code   RO         2254    .ARM.Collect$$$$0000000D  mc_w.l(entry10a.o)
    0x080002a8   0x080002a8   0x00000000   Code   RO         2256    .ARM.Collect$$$$0000000F  mc_w.l(entry11a.o)
    0x080002a8   0x080002a8   0x00000004   Code   RO         2245    .ARM.Collect$$$$00002712  mc_w.l(entry2.o)
    0x080002ac   0x080002ac   0x0000002c   Code   RO            4    .text               startup_stm32h743xx.o
    0x080002d8   0x080002d8   0x00000062   Code   RO         2185    .text               mc_w.l(uldiv.o)
    0x0800033a   0x0800033a   0x00000024   Code   RO         2187    .text               mc_w.l(memseta.o)
    0x0800035e   0x0800035e   0x0000000e   Code   RO         2189    .text               mc_w.l(strlen.o)
    0x0800036c   0x0800036c   0x0000001a   Code   RO         2191    .text               mc_w.l(memcmp.o)
    0x08000386   0x08000386   0x0000002c   Code   RO         2272    .text               mc_w.l(uidiv.o)
    0x080003b2   0x080003b2   0x0000001e   Code   RO         2274    .text               mc_w.l(llshl.o)
    0x080003d0   0x080003d0   0x00000020   Code   RO         2276    .text               mc_w.l(llushr.o)
    0x080003f0   0x080003f0   0x00000000   Code   RO         2285    .text               mc_w.l(iusefp.o)
    0x080003f0   0x080003f0   0x0000014e   Code   RO         2288    .text               mf_w.l(dadd.o)
    0x0800053e   0x0800053e   0x000000e4   Code   RO         2290    .text               mf_w.l(dmul.o)
    0x08000622   0x08000622   0x000000de   Code   RO         2292    .text               mf_w.l(ddiv.o)
    0x08000700   0x08000700   0x00000030   Code   RO         2294    .text               mf_w.l(dfixul.o)
    0x08000730   0x08000730   0x00000030   Code   RO         2296    .text               mf_w.l(cdrcmple.o)
    0x08000760   0x08000760   0x00000024   Code   RO         2298    .text               mc_w.l(init.o)
    0x08000784   0x08000784   0x00000024   Code   RO         2301    .text               mc_w.l(llsshr.o)
    0x080007a8   0x080007a8   0x000000ba   Code   RO         2304    .text               mf_w.l(depilogue.o)
    0x08000862   0x08000862   0x0000003a   Code   RO         2314    .text               mc_w.l(__dczerorl.o)
    0x0800089c   0x0800089c   0x00000004   PAD
    0x080008a0   0x080008a0   0x00000014   Code   RO         1963    .text.AD9910_AmpWrite  ad9910.o
    0x080008b4   0x080008b4   0x00000004   PAD
    0x080008b8   0x080008b8   0x00000030   Code   RO         1961    .text.AD9910_FreWrite  ad9910.o
    0x080008e8   0x080008e8   0x0000012c   Code   RO          192    .text.ADC_ConfigureBoostMode  stm32h7xx_hal_adc.o
    0x08000a14   0x08000a14   0x00000004   PAD
    0x08000a18   0x08000a18   0x000000f0   Code   RO          196    .text.ADC_ConversionStop  stm32h7xx_hal_adc.o
    0x08000b08   0x08000b08   0x0000007a   Code   RO          218    .text.ADC_DMAConvCplt  stm32h7xx_hal_adc.o
    0x08000b82   0x08000b82   0x00000006   PAD
    0x08000b88   0x08000b88   0x00000016   Code   RO          222    .text.ADC_DMAError  stm32h7xx_hal_adc.o
    0x08000b9e   0x08000b9e   0x00000002   PAD
    0x08000ba0   0x08000ba0   0x00000006   Code   RO          220    .text.ADC_DMAHalfConvCplt  stm32h7xx_hal_adc.o
    0x08000ba6   0x08000ba6   0x00000002   PAD
    0x08000ba8   0x08000ba8   0x0000007c   Code   RO          198    .text.ADC_Disable   stm32h7xx_hal_adc.o
    0x08000c24   0x08000c24   0x00000004   PAD
    0x08000c28   0x08000c28   0x000000ba   Code   RO          204    .text.ADC_Enable    stm32h7xx_hal_adc.o
    0x08000ce2   0x08000ce2   0x00000006   PAD
    0x08000ce8   0x08000ce8   0x000002c4   Code   RO           27    .text.APP_Proc      main.o
    0x08000fac   0x08000fac   0x00000004   PAD
    0x08000fb0   0x08000fb0   0x00000074   Code   RO         1811    .text.AmpComp_GetK  protocol.o
    0x08001024   0x08001024   0x00000004   PAD
    0x08001028   0x08001028   0x00000002   Code   RO          149    .text.BusFault_Handler  stm32h7xx_it.o
    0x0800102a   0x0800102a   0x00000006   PAD
    0x08001030   0x08001030   0x00000010   Code   RO         1145    .text.DAC_DMAConvCpltCh1  stm32h7xx_hal_dac.o
    0x08001040   0x08001040   0x00000010   Code   RO         1187    .text.DAC_DMAConvCpltCh2  stm32h7xx_hal_dac_ex.o
    0x08001050   0x08001050   0x00000018   Code   RO         1149    .text.DAC_DMAErrorCh1  stm32h7xx_hal_dac.o
    0x08001068   0x08001068   0x00000018   Code   RO         1191    .text.DAC_DMAErrorCh2  stm32h7xx_hal_dac_ex.o
    0x08001080   0x08001080   0x00000006   Code   RO         1147    .text.DAC_DMAHalfConvCpltCh1  stm32h7xx_hal_dac.o
    0x08001086   0x08001086   0x00000002   PAD
    0x08001088   0x08001088   0x00000006   Code   RO         1189    .text.DAC_DMAHalfConvCpltCh2  stm32h7xx_hal_dac_ex.o
    0x0800108e   0x0800108e   0x00000002   PAD
    0x08001090   0x08001090   0x0000000c   Code   RO          161    .text.DMA1_Stream0_IRQHandler  stm32h7xx_it.o
    0x0800109c   0x0800109c   0x00000004   PAD
    0x080010a0   0x080010a0   0x0000000c   Code   RO          163    .text.DMA1_Stream1_IRQHandler  stm32h7xx_it.o
    0x080010ac   0x080010ac   0x00000004   PAD
    0x080010b0   0x080010b0   0x0000000c   Code   RO          165    .text.DMA1_Stream2_IRQHandler  stm32h7xx_it.o
    0x080010bc   0x080010bc   0x00000004   PAD
    0x080010c0   0x080010c0   0x0000000c   Code   RO          167    .text.DMA1_Stream3_IRQHandler  stm32h7xx_it.o
    0x080010cc   0x080010cc   0x00000004   PAD
    0x080010d0   0x080010d0   0x0000000c   Code   RO          169    .text.DMA1_Stream4_IRQHandler  stm32h7xx_it.o
    0x080010dc   0x080010dc   0x00000004   PAD
    0x080010e0   0x080010e0   0x0000012c   Code   RO          543    .text.DMA_CalcBaseAndBitshift  stm32h7xx_hal_dma.o
    0x0800120c   0x0800120c   0x00000004   PAD
    0x08001210   0x08001210   0x00000312   Code   RO          549    .text.DMA_SetConfig  stm32h7xx_hal_dma.o
    0x08001522   0x08001522   0x00000006   PAD
    0x08001528   0x08001528   0x00000002   Code   RO          155    .text.DebugMon_Handler  stm32h7xx_it.o
    0x0800152a   0x0800152a   0x00000006   PAD
    0x08001530   0x08001530   0x00000006   Code   RO           25    .text.Error_Handler  main.o
    0x08001536   0x08001536   0x00000002   PAD
    0x08001538   0x08001538   0x0000002c   Code   RO         1740    .text.ExitRun0Mode  system_stm32h7xx.o
    0x08001564   0x08001564   0x00000004   PAD
    0x08001568   0x08001568   0x000000b8   Code   RO          304    .text.HAL_ADCEx_MultiModeConfigChannel  stm32h7xx_hal_adc_ex.o
    0x08001620   0x08001620   0x000004f8   Code   RO          238    .text.HAL_ADC_ConfigChannel  stm32h7xx_hal_adc.o
    0x08001b18   0x08001b18   0x00000222   Code   RO           13    .text.HAL_ADC_ConvCpltCallback  main.o
    0x08001d3a   0x08001d3a   0x00000006   PAD
    0x08001d40   0x08001d40   0x000001c2   Code   RO           11    .text.HAL_ADC_ConvHalfCpltCallback  main.o
    0x08001f02   0x08001f02   0x00000006   PAD
    0x08001f08   0x08001f08   0x00000002   Code   RO          234    .text.HAL_ADC_ErrorCallback  stm32h7xx_hal_adc.o
    0x08001f0a   0x08001f0a   0x00000006   PAD
    0x08001f10   0x08001f10   0x0000027a   Code   RO          188    .text.HAL_ADC_Init  stm32h7xx_hal_adc.o
    0x0800218a   0x0800218a   0x00000006   PAD
    0x08002190   0x08002190   0x000001ba   Code   RO           67    .text.HAL_ADC_MspInit  adc.o
    0x0800234a   0x0800234a   0x00000006   PAD
    0x08002350   0x08002350   0x00000122   Code   RO          216    .text.HAL_ADC_Start_DMA  stm32h7xx_hal_adc.o
    0x08002472   0x08002472   0x00000006   PAD
    0x08002478   0x08002478   0x0000009a   Code   RO          224    .text.HAL_ADC_Stop_DMA  stm32h7xx_hal_adc.o
    0x08002512   0x08002512   0x00000006   PAD
    0x08002518   0x08002518   0x00000002   Code   RO         1201    .text.HAL_DACEx_ConvCpltCallbackCh2  stm32h7xx_hal_dac_ex.o
    0x0800251a   0x0800251a   0x00000006   PAD
    0x08002520   0x08002520   0x00000002   Code   RO         1203    .text.HAL_DACEx_ConvHalfCpltCallbackCh2  stm32h7xx_hal_dac_ex.o
    0x08002522   0x08002522   0x00000006   PAD
    0x08002528   0x08002528   0x00000002   Code   RO         1205    .text.HAL_DACEx_ErrorCallbackCh2  stm32h7xx_hal_dac_ex.o
    0x0800252a   0x0800252a   0x00000006   PAD
    0x08002530   0x08002530   0x0000016a   Code   RO         1167    .text.HAL_DAC_ConfigChannel  stm32h7xx_hal_dac.o
    0x0800269a   0x0800269a   0x00000006   PAD
    0x080026a0   0x080026a0   0x00000002   Code   RO           17    .text.HAL_DAC_ConvCpltCallbackCh1  main.o
    0x080026a2   0x080026a2   0x00000006   PAD
    0x080026a8   0x080026a8   0x00000002   Code   RO           15    .text.HAL_DAC_ConvHalfCpltCallbackCh1  main.o
    0x080026aa   0x080026aa   0x00000006   PAD
    0x080026b0   0x080026b0   0x00000002   Code   RO         1163    .text.HAL_DAC_ErrorCallbackCh1  stm32h7xx_hal_dac.o
    0x080026b2   0x080026b2   0x00000006   PAD
    0x080026b8   0x080026b8   0x00000028   Code   RO         1131    .text.HAL_DAC_Init  stm32h7xx_hal_dac.o
    0x080026e0   0x080026e0   0x000000ac   Code   RO           85    .text.HAL_DAC_MspInit  dac.o
    0x0800278c   0x0800278c   0x00000004   PAD
    0x08002790   0x08002790   0x00000106   Code   RO         1143    .text.HAL_DAC_Start_DMA  stm32h7xx_hal_dac.o
    0x08002896   0x08002896   0x00000002   PAD
    0x08002898   0x08002898   0x00000054   Code   RO         1151    .text.HAL_DAC_Stop_DMA  stm32h7xx_hal_dac.o
    0x080028ec   0x080028ec   0x00000004   PAD
    0x080028f0   0x080028f0   0x00000536   Code   RO          553    .text.HAL_DMA_Abort  stm32h7xx_hal_dma.o
    0x08002e26   0x08002e26   0x00000002   PAD
    0x08002e28   0x08002e28   0x000002ba   Code   RO          555    .text.HAL_DMA_Abort_IT  stm32h7xx_hal_dma.o
    0x080030e2   0x080030e2   0x00000006   PAD
    0x080030e8   0x080030e8   0x00000840   Code   RO          559    .text.HAL_DMA_IRQHandler  stm32h7xx_hal_dma.o
    0x08003928   0x08003928   0x00000684   Code   RO          541    .text.HAL_DMA_Init  stm32h7xx_hal_dma.o
    0x08003fac   0x08003fac   0x00000004   PAD
    0x08003fb0   0x08003fb0   0x000003a6   Code   RO          551    .text.HAL_DMA_Start_IT  stm32h7xx_hal_dma.o
    0x08004356   0x08004356   0x00000002   PAD
    0x08004358   0x08004358   0x00000028   Code   RO          851    .text.HAL_Delay     stm32h7xx_hal.o
    0x08004380   0x08004380   0x000001f2   Code   RO          487    .text.HAL_GPIO_Init  stm32h7xx_hal_gpio.o
    0x08004572   0x08004572   0x00000006   PAD
    0x08004578   0x08004578   0x0000000a   Code   RO          491    .text.HAL_GPIO_ReadPin  stm32h7xx_hal_gpio.o
    0x08004582   0x08004582   0x00000006   PAD
    0x08004588   0x08004588   0x0000000a   Code   RO          493    .text.HAL_GPIO_WritePin  stm32h7xx_hal_gpio.o
    0x08004592   0x08004592   0x00000006   PAD
    0x08004598   0x08004598   0x0000000e   Code   RO          859    .text.HAL_GetREVID  stm32h7xx_hal.o
    0x080045a6   0x080045a6   0x00000002   PAD
    0x080045a8   0x080045a8   0x0000000c   Code   RO          843    .text.HAL_GetTick   stm32h7xx_hal.o
    0x080045b4   0x080045b4   0x00000004   PAD
    0x080045b8   0x080045b8   0x0000001a   Code   RO          841    .text.HAL_IncTick   stm32h7xx_hal.o
    0x080045d2   0x080045d2   0x00000006   PAD
    0x080045d8   0x080045d8   0x00000064   Code   RO          831    .text.HAL_Init      stm32h7xx_hal.o
    0x0800463c   0x0800463c   0x00000004   PAD
    0x08004640   0x08004640   0x0000004c   Code   RO          833    .text.HAL_InitTick  stm32h7xx_hal.o
    0x0800468c   0x0800468c   0x00000004   PAD
    0x08004690   0x08004690   0x0000005e   Code   RO          801    .text.HAL_MPU_ConfigRegion  stm32h7xx_hal_cortex.o
    0x080046ee   0x080046ee   0x00000002   PAD
    0x080046f0   0x080046f0   0x0000001a   Code   RO          793    .text.HAL_MPU_Disable  stm32h7xx_hal_cortex.o
    0x0800470a   0x0800470a   0x00000006   PAD
    0x08004710   0x08004710   0x00000020   Code   RO          795    .text.HAL_MPU_Enable  stm32h7xx_hal_cortex.o
    0x08004730   0x08004730   0x00000020   Code   RO          180    .text.HAL_MspInit   stm32h7xx_hal_msp.o
    0x08004750   0x08004750   0x00000020   Code   RO          783    .text.HAL_NVIC_EnableIRQ  stm32h7xx_hal_cortex.o
    0x08004770   0x08004770   0x0000005e   Code   RO          781    .text.HAL_NVIC_SetPriority  stm32h7xx_hal_cortex.o
    0x080047ce   0x080047ce   0x00000002   PAD
    0x080047d0   0x080047d0   0x00000020   Code   RO          779    .text.HAL_NVIC_SetPriorityGrouping  stm32h7xx_hal_cortex.o
    0x080047f0   0x080047f0   0x0000004c   Code   RO          691    .text.HAL_PWREx_ConfigSupply  stm32h7xx_hal_pwr_ex.o
    0x0800483c   0x0800483c   0x00000004   PAD
    0x08004840   0x08004840   0x00000026   Code   RO          374    .text.HAL_RCCEx_GetD3PCLK1Freq  stm32h7xx_hal_rcc_ex.o
    0x08004866   0x08004866   0x00000002   PAD
    0x08004868   0x08004868   0x00000130   Code   RO          368    .text.HAL_RCCEx_GetPLL1ClockFreq  stm32h7xx_hal_rcc_ex.o
    0x08004998   0x08004998   0x0000012c   Code   RO          370    .text.HAL_RCCEx_GetPLL2ClockFreq  stm32h7xx_hal_rcc_ex.o
    0x08004ac4   0x08004ac4   0x00000004   PAD
    0x08004ac8   0x08004ac8   0x0000012c   Code   RO          372    .text.HAL_RCCEx_GetPLL3ClockFreq  stm32h7xx_hal_rcc_ex.o
    0x08004bf4   0x08004bf4   0x00000004   PAD
    0x08004bf8   0x08004bf8   0x000004fc   Code   RO          366    .text.HAL_RCCEx_GetPeriphCLKFreq  stm32h7xx_hal_rcc_ex.o
    0x080050f4   0x080050f4   0x00000004   PAD
    0x080050f8   0x080050f8   0x00000b40   Code   RO          358    .text.HAL_RCCEx_PeriphCLKConfig  stm32h7xx_hal_rcc_ex.o
    0x08005c38   0x08005c38   0x00000268   Code   RO          326    .text.HAL_RCC_ClockConfig  stm32h7xx_hal_rcc.o
    0x08005ea0   0x08005ea0   0x0000004c   Code   RO          336    .text.HAL_RCC_GetHCLKFreq  stm32h7xx_hal_rcc.o
    0x08005eec   0x08005eec   0x00000004   PAD
    0x08005ef0   0x08005ef0   0x00000060   Code   RO          338    .text.HAL_RCC_GetPCLK1Freq  stm32h7xx_hal_rcc.o
    0x08005f50   0x08005f50   0x00000060   Code   RO          340    .text.HAL_RCC_GetPCLK2Freq  stm32h7xx_hal_rcc.o
    0x08005fb0   0x08005fb0   0x00000114   Code   RO          328    .text.HAL_RCC_GetSysClockFreq  stm32h7xx_hal_rcc.o
    0x080060c4   0x080060c4   0x00000004   PAD
    0x080060c8   0x080060c8   0x00000560   Code   RO          324    .text.HAL_RCC_OscConfig  stm32h7xx_hal_rcc.o
    0x08006628   0x08006628   0x0000002e   Code   RO          791    .text.HAL_SYSTICK_Config  stm32h7xx_hal_cortex.o
    0x08006656   0x08006656   0x00000002   PAD
    0x08006658   0x08006658   0x000000ca   Code   RO         1520    .text.HAL_TIMEx_MasterConfigSynchronization  stm32h7xx_hal_tim_ex.o
    0x08006722   0x08006722   0x00000006   PAD
    0x08006728   0x08006728   0x00000060   Code   RO         1225    .text.HAL_TIM_Base_Init  stm32h7xx_hal_tim.o
    0x08006788   0x08006788   0x00000032   Code   RO          110    .text.HAL_TIM_Base_MspInit  tim.o
    0x080067ba   0x080067ba   0x00000006   PAD
    0x080067c0   0x080067c0   0x000000ac   Code   RO         1235    .text.HAL_TIM_Base_Start  stm32h7xx_hal_tim.o
    0x0800686c   0x0800686c   0x00000004   PAD
    0x08006870   0x08006870   0x00000038   Code   RO         1237    .text.HAL_TIM_Base_Stop  stm32h7xx_hal_tim.o
    0x080068a8   0x080068a8   0x00000036   Code   RO         1713    .text.HAL_UARTEx_DisableFifoMode  stm32h7xx_hal_uart_ex.o
    0x080068de   0x080068de   0x00000002   PAD
    0x080068e0   0x080068e0   0x000000a4   Code   RO         1723    .text.HAL_UARTEx_ReceiveToIdle_DMA  stm32h7xx_hal_uart_ex.o
    0x08006984   0x08006984   0x00000004   PAD
    0x08006988   0x08006988   0x00000048   Code   RO         2028    .text.HAL_UARTEx_RxEventCallback  serial.o
    0x080069d0   0x080069d0   0x00000002   Code   RO         1699    .text.HAL_UARTEx_RxFifoFullCallback  stm32h7xx_hal_uart_ex.o
    0x080069d2   0x080069d2   0x00000006   PAD
    0x080069d8   0x080069d8   0x00000090   Code   RO         1717    .text.HAL_UARTEx_SetRxFifoThreshold  stm32h7xx_hal_uart_ex.o
    0x08006a68   0x08006a68   0x00000090   Code   RO         1715    .text.HAL_UARTEx_SetTxFifoThreshold  stm32h7xx_hal_uart_ex.o
    0x08006af8   0x08006af8   0x00000002   Code   RO         1701    .text.HAL_UARTEx_TxFifoEmptyCallback  stm32h7xx_hal_uart_ex.o
    0x08006afa   0x08006afa   0x00000006   PAD
    0x08006b00   0x08006b00   0x00000002   Code   RO         1697    .text.HAL_UARTEx_WakeupCallback  stm32h7xx_hal_uart_ex.o
    0x08006b02   0x08006b02   0x00000006   PAD
    0x08006b08   0x08006b08   0x00000002   Code   RO         1640    .text.HAL_UART_ErrorCallback  stm32h7xx_hal_uart.o
    0x08006b0a   0x08006b0a   0x00000006   PAD
    0x08006b10   0x08006b10   0x00000690   Code   RO         1636    .text.HAL_UART_IRQHandler  stm32h7xx_hal_uart.o
    0x080071a0   0x080071a0   0x00000068   Code   RO         1552    .text.HAL_UART_Init  stm32h7xx_hal_uart.o
    0x08007208   0x08007208   0x00000188   Code   RO          127    .text.HAL_UART_MspInit  usart.o
    0x08007390   0x08007390   0x00000002   Code   RO         1648    .text.HAL_UART_RxCpltCallback  stm32h7xx_hal_uart.o
    0x08007392   0x08007392   0x00000006   PAD
    0x08007398   0x08007398   0x00000002   Code   RO         1650    .text.HAL_UART_RxHalfCpltCallback  stm32h7xx_hal_uart.o
    0x0800739a   0x0800739a   0x00000006   PAD
    0x080073a0   0x080073a0   0x000001cc   Code   RO         1572    .text.HAL_UART_Transmit  stm32h7xx_hal_uart.o
    0x0800756c   0x0800756c   0x00000004   PAD
    0x08007570   0x08007570   0x00000002   Code   RO         1644    .text.HAL_UART_TxCpltCallback  stm32h7xx_hal_uart.o
    0x08007572   0x08007572   0x00000006   PAD
    0x08007578   0x08007578   0x00000002   Code   RO          145    .text.HardFault_Handler  stm32h7xx_it.o
    0x0800757a   0x0800757a   0x00000006   PAD
    0x08007580   0x08007580   0x00000158   Code   RO         1957    .text.Init_AD9910   ad9910.o
    0x080076d8   0x080076d8   0x000000b2   Code   RO           63    .text.MX_ADC1_Init  adc.o
    0x0800778a   0x0800778a   0x00000006   PAD
    0x08007790   0x08007790   0x00000094   Code   RO           65    .text.MX_ADC2_Init  adc.o
    0x08007824   0x08007824   0x00000004   PAD
    0x08007828   0x08007828   0x00000054   Code   RO           83    .text.MX_DAC1_Init  dac.o
    0x0800787c   0x0800787c   0x00000004   PAD
    0x08007880   0x08007880   0x00000074   Code   RO           99    .text.MX_DMA_Init   dma.o
    0x080078f4   0x080078f4   0x00000004   PAD
    0x080078f8   0x080078f8   0x0000014e   Code   RO           54    .text.MX_GPIO_Init  gpio.o
    0x08007a46   0x08007a46   0x00000002   PAD
    0x08007a48   0x08007a48   0x00000050   Code   RO          108    .text.MX_TIM6_Init  tim.o
    0x08007a98   0x08007a98   0x0000007c   Code   RO          123    .text.MX_USART1_UART_Init  usart.o
    0x08007b14   0x08007b14   0x00000004   PAD
    0x08007b18   0x08007b18   0x0000007c   Code   RO          125    .text.MX_USART3_UART_Init  usart.o
    0x08007b94   0x08007b94   0x00000004   PAD
    0x08007b98   0x08007b98   0x00000002   Code   RO          147    .text.MemManage_Handler  stm32h7xx_it.o
    0x08007b9a   0x08007b9a   0x00000006   PAD
    0x08007ba0   0x08007ba0   0x00000002   Code   RO          143    .text.NMI_Handler   stm32h7xx_it.o
    0x08007ba2   0x08007ba2   0x00000006   PAD
    0x08007ba8   0x08007ba8   0x00000002   Code   RO          157    .text.PendSV_Handler  stm32h7xx_it.o
    0x08007baa   0x08007baa   0x00000006   PAD
    0x08007bb0   0x08007bb0   0x00000160   Code   RO         1813    .text.Protocol_ParseByte  protocol.o
    0x08007d10   0x08007d10   0x00000122   Code   RO          360    .text.RCCEx_PLL2_Config  stm32h7xx_hal_rcc_ex.o
    0x08007e32   0x08007e32   0x00000006   PAD
    0x08007e38   0x08007e38   0x00000122   Code   RO          362    .text.RCCEx_PLL3_Config  stm32h7xx_hal_rcc_ex.o
    0x08007f5a   0x08007f5a   0x00000006   PAD
    0x08007f60   0x08007f60   0x00000002   Code   RO          153    .text.SVC_Handler   stm32h7xx_it.o
    0x08007f62   0x08007f62   0x00000006   PAD
    0x08007f68   0x08007f68   0x0000001e   Code   RO         2057    .text.Scheduler_Init  scheduler.o
    0x08007f86   0x08007f86   0x00000002   PAD
    0x08007f88   0x08007f88   0x000000d4   Code   RO         2059    .text.Scheduler_Run  scheduler.o
    0x0800805c   0x0800805c   0x00000004   PAD
    0x08008060   0x08008060   0x00000140   Code   RO         2024    .text.Serial_RxInit  serial.o
    0x080081a0   0x080081a0   0x00000004   Code   RO          159    .text.SysTick_Handler  stm32h7xx_it.o
    0x080081a4   0x080081a4   0x00000004   PAD
    0x080081a8   0x080081a8   0x000000d8   Code   RO           21    .text.SystemClock_Config  main.o
    0x08008280   0x08008280   0x000000ee   Code   RO         1736    .text.SystemInit    system_stm32h7xx.o
    0x0800836e   0x0800836e   0x00000002   PAD
    0x08008370   0x08008370   0x0000015a   Code   RO         1229    .text.TIM_Base_SetConfig  stm32h7xx_hal_tim.o
    0x080084ca   0x080084ca   0x00000006   PAD
    0x080084d0   0x080084d0   0x00000002   Code   RO           33    .text.Task_100ms    main.o
    0x080084d2   0x080084d2   0x00000006   PAD
    0x080084d8   0x080084d8   0x0000012c   Code   RO           31    .text.Task_10ms     main.o
    0x08008604   0x08008604   0x00000004   PAD
    0x08008608   0x08008608   0x00000002   Code   RO           37    .text.Task_1min     main.o
    0x0800860a   0x0800860a   0x00000006   PAD
    0x08008610   0x08008610   0x00000002   Code   RO         2061    .text.Task_1ms      scheduler.o
    0x08008612   0x08008612   0x00000006   PAD
    0x08008618   0x08008618   0x00000002   Code   RO           35    .text.Task_1sec     main.o
    0x0800861a   0x0800861a   0x00000006   PAD
    0x08008620   0x08008620   0x00000084   Code   RO         1959    .text.Txfrc         ad9910.o
    0x080086a4   0x080086a4   0x00000004   PAD
    0x080086a8   0x080086a8   0x0000003e   Code   RO         2044    .text.UART3_Printf  serial.o
    0x080086e6   0x080086e6   0x00000002   PAD
    0x080086e8   0x080086e8   0x000000e0   Code   RO         1556    .text.UART_AdvFeatureConfig  stm32h7xx_hal_uart.o
    0x080087c8   0x080087c8   0x00000176   Code   RO         1560    .text.UART_CheckIdleState  stm32h7xx_hal_uart.o
    0x0800893e   0x0800893e   0x00000002   PAD
    0x08008940   0x08008940   0x00000006   Code   RO         1638    .text.UART_DMAAbortOnError  stm32h7xx_hal_uart.o
    0x08008946   0x08008946   0x00000002   PAD
    0x08008948   0x08008948   0x00000204   Code   RO         1598    .text.UART_DMAError  stm32h7xx_hal_uart.o
    0x08008b4c   0x08008b4c   0x00000004   PAD
    0x08008b50   0x08008b50   0x0000019c   Code   RO         1682    .text.UART_DMAReceiveCplt  stm32h7xx_hal_uart.o
    0x08008cec   0x08008cec   0x00000004   PAD
    0x08008cf0   0x08008cf0   0x00000038   Code   RO         1684    .text.UART_DMARxHalfCplt  stm32h7xx_hal_uart.o
    0x08008d28   0x08008d28   0x000005dc   Code   RO         1558    .text.UART_SetConfig  stm32h7xx_hal_uart.o
    0x08009304   0x08009304   0x00000004   PAD
    0x08009308   0x08009308   0x0000015a   Code   RO         1602    .text.UART_Start_Receive_DMA  stm32h7xx_hal_uart.o
    0x08009462   0x08009462   0x00000006   PAD
    0x08009468   0x08009468   0x00000364   Code   RO         1574    .text.UART_WaitOnFlagUntilTimeout  stm32h7xx_hal_uart.o
    0x080097cc   0x080097cc   0x00000004   PAD
    0x080097d0   0x080097d0   0x0000000c   Code   RO          171    .text.USART3_IRQHandler  stm32h7xx_it.o
    0x080097dc   0x080097dc   0x00000004   PAD
    0x080097e0   0x080097e0   0x00000002   Code   RO          151    .text.UsageFault_Handler  stm32h7xx_it.o
    0x080097e2   0x080097e2   0x00000006   PAD
    0x080097e8   0x080097e8   0x00000050   Code   RO         1809    .text.VppToAmp      protocol.o
    0x08009838   0x08009838   0x0000001e   Code   RO         1784    .text.iir_filter_init  iir_filter.o
    0x08009856   0x08009856   0x00000002   PAD
    0x08009858   0x08009858   0x0000000c   Code   RO         1788    .text.iir_filter_is_ready  iir_filter.o
    0x08009864   0x08009864   0x00000004   PAD
    0x08009868   0x08009868   0x00000380   Code   RO         1786    .text.iir_filter_process_block  iir_filter.o
    0x08009be8   0x08009be8   0x000001ee   Code   RO           19    .text.main          main.o
    0x08009dd6   0x08009dd6   0x00000002   PAD
    0x08009dd8   0x08009dd8   0x0000000c   Code   RO         1762    .text.sweep_learn_get_coeffs  sweep_learn.o
    0x08009de4   0x08009de4   0x00000004   PAD
    0x08009de8   0x08009de8   0x0000000c   Code   RO         1764    .text.sweep_learn_get_fit_result  sweep_learn.o
    0x08009df4   0x08009df4   0x00000004   PAD
    0x08009df8   0x08009df8   0x0000000c   Code   RO         1758    .text.sweep_learn_is_sweeping  sweep_learn.o
    0x08009e04   0x08009e04   0x00000004   PAD
    0x08009e08   0x08009e08   0x0000001e   Code   RO         1752    .text.sweep_learn_model_name  sweep_learn.o
    0x08009e26   0x08009e26   0x00000002   PAD
    0x08009e28   0x08009e28   0x0000000e   Code   RO         1756    .text.sweep_learn_notify_adc_done  sweep_learn.o
    0x08009e36   0x08009e36   0x00000002   PAD
    0x08009e38   0x08009e38   0x000000c0   Code   RO         1754    .text.sweep_learn_sim_bandpass  sweep_learn.o
    0x08009ef8   0x08009ef8   0x0000010e   Code   RO         1955    .text.txd_8bit      ad9910.o
    0x0800a006   0x0800a006   0x00000002   PAD
    0x0800a008   0x0800a008   0x00000024   Code   RO         2200    i.__0vsprintf       mc_w.l(printfa.o)
    0x0800a02c   0x0800a02c   0x0000000e   Code   RO         2308    i.__scatterload_copy  mc_w.l(handlers.o)
    0x0800a03a   0x0800a03a   0x00000002   Code   RO         2309    i.__scatterload_null  mc_w.l(handlers.o)
    0x0800a03c   0x0800a03c   0x0000000e   Code   RO         2310    i.__scatterload_zeroinit  mc_w.l(handlers.o)
    0x0800a04a   0x0800a04a   0x00000002   PAD
    0x0800a04c   0x0800a04c   0x00000184   Code   RO         2201    i._fp_digits        mc_w.l(printfa.o)
    0x0800a1d0   0x0800a1d0   0x000006dc   Code   RO         2202    i._printf_core      mc_w.l(printfa.o)
    0x0800a8ac   0x0800a8ac   0x00000024   Code   RO         2203    i._printf_post_padding  mc_w.l(printfa.o)
    0x0800a8d0   0x0800a8d0   0x0000002e   Code   RO         2204    i._printf_pre_padding  mc_w.l(printfa.o)
    0x0800a8fe   0x0800a8fe   0x0000000a   Code   RO         2206    i._sputc            mc_w.l(printfa.o)
    0x0800a908   0x0800a908   0x00000010   Data   RO         1774    .rodata..Lswitch.table.sweep_learn_run.15  sweep_learn.o
    0x0800a918   0x0800a918   0x00000010   Data   RO         1742    .rodata.D1CorePrescTable  system_stm32h7xx.o
    0x0800a928   0x0800a928   0x00000018   Data   RO         1686    .rodata.UARTPrescTable  stm32h7xx_hal_uart.o
    0x0800a940   0x0800a940   0x00000010   Data   RO         1727    .rodata.cst8        stm32h7xx_hal_uart_ex.o
    0x0800a950   0x0800a950   0x00000078   Data   RO         1815    .rodata.s_amp_comp_tbl  protocol.o
    0x0800a9c8   0x0800a9c8   0x00000023   Data   RO           41    .rodata.str1.1      main.o
    0x0800a9eb   0x0800a9eb   0x00000023   Data   RO         1770    .rodata.str1.1      sweep_learn.o
    0x0800aa0e   0x0800aa0e   0x00000002   PAD
    0x0800aa10   0x0800aa10   0x00000020   Data   RO         2307    Region$$Table       anon$$obj.o


    Execution Region RW_IRAM1 (Exec base: 0x20000000, Load base: 0x0800aa30, Size: 0x00000000, Max: 0x00020000, ABSOLUTE)

    **** No section assigned to this execution region ****


    Execution Region RW_IRAM2 (Exec base: 0x24000000, Load base: 0x0800aa30, Size: 0x00002e80, Max: 0x00080000, ABSOLUTE, COMPRESSED[0x00000060])

    Exec Addr    Load Addr    Size         Type   Attr      Idx    E Section Name        Object

    0x24000000   COMPRESSED   0x00002400   Data   RW           39    .AXI_SRAM           main.o
    0x24002400   COMPRESSED   0x00000008   Data   RW          928    .data..L_MergedGlobals  stm32h7xx_hal.o
    0x24002408   COMPRESSED   0x00000008   Data   RW         1743    .data..L_MergedGlobals  system_stm32h7xx.o
    0x24002410   COMPRESSED   0x00000006   Data   RW         1976    .data..L_MergedGlobals  ad9910.o
    0x24002416   COMPRESSED   0x00000002   PAD
    0x24002418        -       0x00000002   Zero   RW           45    .bss..L_MergedGlobals  main.o
    0x2400241a   COMPRESSED   0x00000002   PAD
    0x2400241c        -       0x0000007c   Zero   RW           74    .bss..L_MergedGlobals  adc.o
    0x24002498        -       0x0000004c   Zero   RW         1775    .bss..L_MergedGlobals  sweep_learn.o
    0x240024e4        -       0x00000028   Zero   RW         1792    .bss..L_MergedGlobals  iir_filter.o
    0x2400250c        -       0x00000028   Zero   RW         1816    .bss..L_MergedGlobals  protocol.o
    0x24002534        -       0x00000006   Zero   RW         2048    .bss..L_MergedGlobals  serial.o
    0x2400253a        -       0x0000000c   Zero   RW         2071    .bss..L_MergedGlobals  scheduler.o
    0x24002546        -       0x00000002   Zero   RW         1977    .bss..L_MergedGlobals.1  ad9910.o
    0x24002548        -       0x00000001   Zero   RW           40    .bss.APP_Proc.prev_mode  main.o
    0x24002549   COMPRESSED   0x00000003   PAD
    0x2400254c        -       0x00000064   Zero   RW           71    .bss.hadc1          adc.o
    0x240025b0        -       0x00000064   Zero   RW           72    .bss.hadc2          adc.o
    0x24002614        -       0x00000014   Zero   RW           89    .bss.hdac1          dac.o
    0x24002628        -       0x00000078   Zero   RW           73    .bss.hdma_adc2      adc.o
    0x240026a0        -       0x00000078   Zero   RW           90    .bss.hdma_dac1_ch1  dac.o
    0x24002718        -       0x00000078   Zero   RW          133    .bss.hdma_usart1_rx  usart.o
    0x24002790        -       0x00000078   Zero   RW          134    .bss.hdma_usart3_rx  usart.o
    0x24002808        -       0x0000004c   Zero   RW          114    .bss.htim6          tim.o
    0x24002854        -       0x00000094   Zero   RW          131    .bss.huart1         usart.o
    0x240028e8        -       0x00000094   Zero   RW          132    .bss.huart3         usart.o
    0x2400297c        -       0x00000080   Zero   RW         2046    .bss.uart1_rx_buf   serial.o
    0x240029fc        -       0x00000080   Zero   RW         2047    .bss.uart3_rx_buf   serial.o
    0x24002a7c        -       0x00000004   Zero   RW          927    .bss.uwTick         stm32h7xx_hal.o
    0x24002a80        -       0x00000400   Zero   RW            1    STACK               startup_stm32h743xx.o


    Execution Region RW_IRAM3 (Exec base: 0x30000000, Load base: 0x0800aa90, Size: 0x00000000, Max: 0x00004000, ABSOLUTE)

    **** No section assigned to this execution region ****


    Execution Region RW_IRAM4 (Exec base: 0x30004000, Load base: 0x0800aa90, Size: 0x00000000, Max: 0x00004000, ABSOLUTE)

    **** No section assigned to this execution region ****


    Execution Region RW_IRAM5 (Exec base: 0x38000000, Load base: 0x0800aa90, Size: 0x00000000, Max: 0x00004000, ABSOLUTE)

    **** No section assigned to this execution region ****


==============================================================================

Image component sizes


      Code (inc. data)   RO Data    RW Data    ZI Data      Debug   Object Name

       814          8          0          6          2       6639   ad9910.o
       768          0          0          0        444       7988   adc.o
       256          0          0          0        140       6330   dac.o
       116          0          0          0          0       5423   dma.o
       334          0          0          0          0       3071   gpio.o
       938         28          0          0         40       3782   iir_filter.o
      2730         40         35       9216          3      20980   main.o
       548         92        120          0         40       3230   protocol.o
       244          0          0          0         12       1913   scheduler.o
       454          0          0          0        262       7874   serial.o
        44         12        664          0       1024        812   startup_stm32h743xx.o
       268          0          0          8          4      14975   stm32h7xx_hal.o
      3352         14          0          0          0      25766   stm32h7xx_hal_adc.o
       184          0          0          0          0      27709   stm32h7xx_hal_adc_ex.o
       356          0          0          0          0      12628   stm32h7xx_hal_cortex.o
       796          0          0          0          0       9163   stm32h7xx_hal_dac.o
        52          0          0          0          0       9717   stm32h7xx_hal_dac_ex.o
      7832         54          0          0          0      18278   stm32h7xx_hal_dma.o
       518          0          0          0          0       7315   stm32h7xx_hal_gpio.o
        32          0          0          0          0       2189   stm32h7xx_hal_msp.o
        76          0          0          0          0      10677   stm32h7xx_hal_pwr_ex.o
      2536         16          0          0          0      11750   stm32h7xx_hal_rcc.o
      5678        236          0          0          0      20688   stm32h7xx_hal_rcc_ex.o
       670          0          0          0          0      65386   stm32h7xx_hal_tim.o
       202          0          0          0          0      25488   stm32h7xx_hal_tim_ex.o
      6554        442         24          0          0      44927   stm32h7xx_hal_uart.o
       512          0         16          0          0      11658   stm32h7xx_hal_uart_ex.o
        92          0          0          0          0       5136   stm32h7xx_it.o
       272         20         51          0         76      31340   sweep_learn.o
       282          0         16          8          0       6274   system_stm32h7xx.o
       130          0          0          0         76       6308   tim.o
       640          0          0          0        536      11956   usart.o

    ----------------------------------------------------------------------
     38804        986        960       9240       2664     447370   Object Totals
         0          0         32          0          0          0   (incl. Generated)
       524         24          2          2          5          0   (incl. Padding)

    ----------------------------------------------------------------------

      Code (inc. data)   RO Data    RW Data    ZI Data      Debug   Library Member Name

        58          0          0          0          0          0   __dczerorl.o
         0          0          0          0          0          0   entry.o
         0          0          0          0          0          0   entry10a.o
         0          0          0          0          0          0   entry11a.o
         8          4          0          0          0          0   entry2.o
         4          0          0          0          0          0   entry5.o
         0          0          0          0          0          0   entry7b.o
         0          0          0          0          0          0   entry8b.o
         8          4          0          0          0          0   entry9a.o
        30          0          0          0          0          0   handlers.o
        36          8          0          0          0         68   init.o
         0          0          0          0          0          0   iusefp.o
        30          0          0          0          0         68   llshl.o
        36          0          0          0          0         68   llsshr.o
        32          0          0          0          0         68   llushr.o
        26          0          0          0          0         80   memcmp.o
        36          0          0          0          0        108   memseta.o
      2272         86          0          0          0        516   printfa.o
        14          0          0          0          0         68   strlen.o
        44          0          0          0          0         80   uidiv.o
        98          0          0          0          0         92   uldiv.o
        48          0          0          0          0         68   cdrcmple.o
       334          0          0          0          0        148   dadd.o
       222          0          0          0          0        100   ddiv.o
       186          0          0          0          0        176   depilogue.o
        48          0          0          0          0         68   dfixul.o
       228          0          0          0          0         96   dmul.o

    ----------------------------------------------------------------------
      3804        102          0          0          0       1872   Library Totals
         6          0          0          0          0          0   (incl. Padding)

    ----------------------------------------------------------------------

      Code (inc. data)   RO Data    RW Data    ZI Data      Debug   Library Name

      2732        102          0          0          0       1216   mc_w.l
      1066          0          0          0          0        656   mf_w.l

    ----------------------------------------------------------------------
      3804        102          0          0          0       1872   Library Totals

    ----------------------------------------------------------------------

==============================================================================


      Code (inc. data)   RO Data    RW Data    ZI Data      Debug   

     42608       1088        960       9240       2664     447990   Grand Totals
     42608       1088        960         96       2664     447990   ELF Image Totals (compressed)
     42608       1088        960         96          0          0   ROM Totals

==============================================================================

    Total RO  Size (Code + RO Data)                43568 (  42.55kB)
    Total RW  Size (RW Data + ZI Data)             11904 (  11.63kB)
    Total ROM Size (Code + RO Data + RW Data)      43664 (  42.64kB)

==============================================================================

